START 2026-08-04T13:41:14+0000 K=500 n=10 rep=2
WARNING: Loading a SolverResults object with a warning status into
model.name="unknown";
    - termination condition: maxIterations
    - message from solver: Path 5.0.05\x3a Time limit.; 258 iterations (11 for
      crash); 255677 pivots.; 605 function, 261 gradient evaluations.
Traceback (most recent call last):
  File "/root/cumg/experiments/compare_scalability_approaches.py", line 732, in <module>
    ):
    ^^^
  File "/root/cumg/experiments/compare_scalability_approaches.py", line 723, in main
    parser.add_argument("--csv", type=Path, default=None)
                   ^^^^^^^^^^^^^^^^^^^^^^^^^^^^^^^^^^^^^^^
  File "/root/cumg/experiments/compare_scalability_approaches.py", line 581, in run_experiment
    if args.reps < 0:
                      
  File "/root/cumg/experiments/compare_scalability_approaches.py", line 548, in run_instance
    "kappa": kappa,
                   
  File "/root/cumg/experiments/compare_scalability_approaches.py", line 424, in _run_method
    
  File "/root/cumg/experiments/compare_scalability_approaches.py", line 370, in _run_support_method
    )
     
  File "/root/cumg/src/cumg/small_support.py", line 1458, in small_support_action_search_cvar
    
    
  File "/root/cumg/src/cumg/small_support.py", line 1371, in _action_support_search
    **extra_gap_kwargs,
               ^^^^^^^^^
  File "/root/cumg/src/cumg/small_support.py", line 1334, in _call_support_gap
    if accepted is not None:
           ^^^^^^^^^^^^^^^^^^
  File "/root/cumg/src/cumg/small_support.py", line 1167, in supported_profile_gap_cvar_dual
    res = minimize(
          ^^^^^^^^^
  File "/root/cumg/.venv/lib/python3.12/site-packages/scipy/optimize/_minimize.py", line 796, in minimize
    res = _minimize_slsqp(fun, x0, args, jac, bounds,
          ^^^^^^^^^^^^^^^^^^^^^^^^^^^^^^^^^^^^^^^^^^^
  File "/root/cumg/.venv/lib/python3.12/site-packages/scipy/optimize/_slsqp_py.py", line 526, in _minimize_slsqp
    slsqp(state_dict, fx, g, C, d, x, mult, xl, xu, buffer, indices)
KeyboardInterrupt
END 2026-08-25T01:02:07+0000 status=130 K=500 n=10 rep=2
