START 2026-08-24T09:13:39+0000 K=500 n=10 rep=18
Traceback (most recent call last):
  File "/root/cumg/experiments/compare_scalability_approaches.py", line 732, in <module>
    ):
    ^^^
  File "/root/cumg/experiments/compare_scalability_approaches.py", line 723, in main
    parser.add_argument("--csv", type=Path, default=None)
                   ^^^^^^^^^^^^^^^^^^^^^^^^^^^^^^^^^^^^^^^
  File "/root/cumg/experiments/compare_scalability_approaches.py", line 581, in run_experiment
    if args.reps < 0:
                      
  File "/root/cumg/experiments/compare_scalability_approaches.py", line 548, in run_instance
    "kappa": kappa,
                   
  File "/root/cumg/experiments/compare_scalability_approaches.py", line 424, in _run_method
    
  File "/root/cumg/experiments/compare_scalability_approaches.py", line 360, in _run_support_method
    )
     
  File "/root/cumg/src/cumg/small_support.py", line 1504, in small_support_search_cvar
    
    
  File "/root/cumg/src/cumg/small_support.py", line 1249, in _certified_search
    # must minimize full-game regret over the action support.
                   ^^^^^^^^^^^^^^^^^^^^^^^^^^^^^^^^^^^^^^^^^^
  File "/root/cumg/src/cumg/small_support.py", line 1334, in _call_support_gap
    if accepted is not None:
           ^^^^^^^^^^^^^^^^^^
  File "/root/cumg/src/cumg/small_support.py", line 1167, in supported_profile_gap_cvar_dual
    res = minimize(
          ^^^^^^^^^
  File "/root/cumg/.venv/lib/python3.12/site-packages/scipy/optimize/_minimize.py", line 796, in minimize
    res = _minimize_slsqp(fun, x0, args, jac, bounds,
          ^^^^^^^^^^^^^^^^^^^^^^^^^^^^^^^^^^^^^^^^^^^
  File "/root/cumg/.venv/lib/python3.12/site-packages/scipy/optimize/_slsqp_py.py", line 526, in _minimize_slsqp
    slsqp(state_dict, fx, g, C, d, x, mult, xl, xu, buffer, indices)
KeyboardInterrupt
END 2026-08-25T01:02:09+0000 status=130 K=500 n=10 rep=18
