START 2026-08-22T14:36:51+0000 K=500 n=10 rep=15
WARNING: Loading a SolverResults object with a warning status into
model.name="unknown";
    - termination condition: maxIterations
    - message from solver: Path 5.0.05\x3a Time limit.; 256 iterations (24 for
      crash); 264984 pivots.; 713 function, 260 gradient evaluations.
Traceback (most recent call last):
  File "<repo>/experiments/compare_scalability_approaches.py", line 732, in <module>
    ):
    ^^^
  File "<repo>/experiments/compare_scalability_approaches.py", line 723, in main
    parser.add_argument("--csv", type=Path, default=None)
                   ^^^^^^^^^^^^^^^^^^^^^^^^^^^^^^^^^^^^^^^
  File "<repo>/experiments/compare_scalability_approaches.py", line 581, in run_experiment
    if args.reps < 0:
                      
  File "<repo>/experiments/compare_scalability_approaches.py", line 548, in run_instance
    "kappa": kappa,
                   
  File "<repo>/experiments/compare_scalability_approaches.py", line 424, in _run_method
    
  File "<repo>/experiments/compare_scalability_approaches.py", line 360, in _run_support_method
    )
     
  File "<repo>/src/cumg/small_support.py", line 1504, in small_support_search_cvar
    
    
  File "<repo>/src/cumg/small_support.py", line 1249, in _certified_search
    # must minimize full-game regret over the action support.
                   ^^^^^^^^^^^^^^^^^^^^^^^^^^^^^^^^^^^^^^^^^^
  File "<repo>/src/cumg/small_support.py", line 1334, in _call_support_gap
    if accepted is not None:
           ^^^^^^^^^^^^^^^^^^
  File "<repo>/src/cumg/small_support.py", line 1167, in supported_profile_gap_cvar_dual
    res = minimize(
          ^^^^^^^^^
  File "<repo>/.venv/lib/python3.12/site-packages/scipy/optimize/_minimize.py", line 796, in minimize
    res = _minimize_slsqp(fun, x0, args, jac, bounds,
          ^^^^^^^^^^^^^^^^^^^^^^^^^^^^^^^^^^^^^^^^^^^
  File "<repo>/.venv/lib/python3.12/site-packages/scipy/optimize/_slsqp_py.py", line 526, in _minimize_slsqp
    slsqp(state_dict, fx, g, C, d, x, mult, xl, xu, buffer, indices)
KeyboardInterrupt
END 2026-08-25T01:02:05+0000 status=130 K=500 n=10 rep=15
