START 2026-07-12T04:57:44+0800 cvar_K250_n20_step10_rep1
/Users/gangwb/Work/Job_stuff/GameTheory/lcpSolver/src/cumg/small_support.py:202: RuntimeWarning: divide by zero encountered in matmul
  expected_payoff_by_action = p @ payoff_by_action
/Users/gangwb/Work/Job_stuff/GameTheory/lcpSolver/src/cumg/small_support.py:202: RuntimeWarning: overflow encountered in matmul
  expected_payoff_by_action = p @ payoff_by_action
/Users/gangwb/Work/Job_stuff/GameTheory/lcpSolver/src/cumg/small_support.py:202: RuntimeWarning: invalid value encountered in matmul
  expected_payoff_by_action = p @ payoff_by_action
/Users/gangwb/Work/Job_stuff/GameTheory/lcpSolver/src/cumg/small_support.py:232: RuntimeWarning: divide by zero encountered in matmul
  lambda q: cvar_value_from_state_payoffs(payoff_by_action @ q, p, gamma, alpha),
/Users/gangwb/Work/Job_stuff/GameTheory/lcpSolver/src/cumg/small_support.py:232: RuntimeWarning: overflow encountered in matmul
  lambda q: cvar_value_from_state_payoffs(payoff_by_action @ q, p, gamma, alpha),
/Users/gangwb/Work/Job_stuff/GameTheory/lcpSolver/src/cumg/small_support.py:232: RuntimeWarning: invalid value encountered in matmul
  lambda q: cvar_value_from_state_payoffs(payoff_by_action @ q, p, gamma, alpha),
continuation_kappa=0.1,0.03,0.01,0.003 continuation_tau=0.02,0.01,0.005,0.002 step=10 K=250 n= 20 rep= 0 cvar, full_batch: success=False eta=0.001632 resid=0.7076 time=1159.034s | cvar, minibatch: success=False eta=0.002218 resid=0.7075 time=744.096s

Summary
-------

cvar
-------
full_batch: success_rate=0.000, median_time=1159s, median_eta=0.001632, median_residual=0.7076
 minibatch: success_rate=0.000, median_time=744.1s, median_eta=0.002218, median_residual=0.7075
minibatch/full_batch median time ratio: 0.642
median eta difference, minibatch - full_batch: 0.000586
median strategy L1 difference: x=0.1022, y=0.04614

wrote experiments/results/stochastic/continuation_shards/cvar_K250_n20_step10_rep1_summary.csv
wrote experiments/results/stochastic/continuation_shards/cvar_K250_n20_step10_rep1_history.csv
END 2026-07-12T05:29:29+0800 status=0 cvar_K250_n20_step10_rep1
