START 2026-07-12T03:42:33+0800 cvar_K100_n20_step4_rep1
/Users/gangwb/Work/Job_stuff/GameTheory/lcpSolver/src/cumg/small_support.py:202: RuntimeWarning: divide by zero encountered in matmul
  expected_payoff_by_action = p @ payoff_by_action
/Users/gangwb/Work/Job_stuff/GameTheory/lcpSolver/src/cumg/small_support.py:202: RuntimeWarning: overflow encountered in matmul
  expected_payoff_by_action = p @ payoff_by_action
/Users/gangwb/Work/Job_stuff/GameTheory/lcpSolver/src/cumg/small_support.py:202: RuntimeWarning: invalid value encountered in matmul
  expected_payoff_by_action = p @ payoff_by_action
/Users/gangwb/Work/Job_stuff/GameTheory/lcpSolver/src/cumg/small_support.py:232: RuntimeWarning: divide by zero encountered in matmul
  lambda q: cvar_value_from_state_payoffs(payoff_by_action @ q, p, gamma, alpha),
/Users/gangwb/Work/Job_stuff/GameTheory/lcpSolver/src/cumg/small_support.py:232: RuntimeWarning: overflow encountered in matmul
  lambda q: cvar_value_from_state_payoffs(payoff_by_action @ q, p, gamma, alpha),
/Users/gangwb/Work/Job_stuff/GameTheory/lcpSolver/src/cumg/small_support.py:232: RuntimeWarning: invalid value encountered in matmul
  lambda q: cvar_value_from_state_payoffs(payoff_by_action @ q, p, gamma, alpha),
continuation_kappa=0.1,0.03,0.01,0.003 continuation_tau=0.02,0.01,0.005,0.002 step=4 K=100 n= 20 rep= 0 cvar, full_batch: success=False eta=0.003551 resid=0.7086 time=1121.917s | cvar, minibatch: success=False eta=0.002736 resid=0.7091 time=1127.640s

Summary
-------

cvar
-------
full_batch: success_rate=0.000, median_time=1122s, median_eta=0.003551, median_residual=0.7086
 minibatch: success_rate=0.000, median_time=1128s, median_eta=0.002736, median_residual=0.7091
minibatch/full_batch median time ratio: 1.005
median eta difference, minibatch - full_batch: -0.0008154
median strategy L1 difference: x=0.1107, y=0.08499

wrote experiments/results/stochastic/continuation_shards/cvar_K100_n20_step4_rep1_summary.csv
wrote experiments/results/stochastic/continuation_shards/cvar_K100_n20_step4_rep1_history.csv
END 2026-07-12T04:20:05+0800 status=0 cvar_K100_n20_step4_rep1
