START 2026-07-12T03:25:11+0800 cvar_K100_n20_step2_rep2
/Users/gangwb/Work/Job_stuff/GameTheory/lcpSolver/src/cumg/small_support.py:202: RuntimeWarning: divide by zero encountered in matmul
  expected_payoff_by_action = p @ payoff_by_action
/Users/gangwb/Work/Job_stuff/GameTheory/lcpSolver/src/cumg/small_support.py:202: RuntimeWarning: overflow encountered in matmul
  expected_payoff_by_action = p @ payoff_by_action
/Users/gangwb/Work/Job_stuff/GameTheory/lcpSolver/src/cumg/small_support.py:202: RuntimeWarning: invalid value encountered in matmul
  expected_payoff_by_action = p @ payoff_by_action
/Users/gangwb/Work/Job_stuff/GameTheory/lcpSolver/src/cumg/small_support.py:232: RuntimeWarning: divide by zero encountered in matmul
  lambda q: cvar_value_from_state_payoffs(payoff_by_action @ q, p, gamma, alpha),
/Users/gangwb/Work/Job_stuff/GameTheory/lcpSolver/src/cumg/small_support.py:232: RuntimeWarning: overflow encountered in matmul
  lambda q: cvar_value_from_state_payoffs(payoff_by_action @ q, p, gamma, alpha),
/Users/gangwb/Work/Job_stuff/GameTheory/lcpSolver/src/cumg/small_support.py:232: RuntimeWarning: invalid value encountered in matmul
  lambda q: cvar_value_from_state_payoffs(payoff_by_action @ q, p, gamma, alpha),
continuation_kappa=0.1,0.03,0.01,0.003 continuation_tau=0.02,0.01,0.005,0.002 step=2 K=100 n= 20 rep= 0 cvar, full_batch: success=False eta=0.003702 resid=0.7079 time=1132.109s | cvar, minibatch: success=False eta=0.003168 resid=0.7085 time=1119.269s

Summary
-------

cvar
-------
full_batch: success_rate=0.000, median_time=1132s, median_eta=0.003702, median_residual=0.7079
 minibatch: success_rate=0.000, median_time=1119s, median_eta=0.003168, median_residual=0.7085
minibatch/full_batch median time ratio: 0.9887
median eta difference, minibatch - full_batch: -0.0005334
median strategy L1 difference: x=0.02377, y=0.05465

wrote experiments/results/stochastic/continuation_shards/cvar_K100_n20_step2_rep2_summary.csv
wrote experiments/results/stochastic/continuation_shards/cvar_K100_n20_step2_rep2_history.csv
END 2026-07-12T04:02:44+0800 status=0 cvar_K100_n20_step2_rep2
