START 2026-07-12T01:30:54+0800 msd_K100_n20_step2_rep0
/Users/gangwb/Work/Job_stuff/GameTheory/lcpSolver/src/cumg/small_support.py:161: RuntimeWarning: divide by zero encountered in matmul
  expected_payoff_by_action = p @ payoff_by_action
/Users/gangwb/Work/Job_stuff/GameTheory/lcpSolver/src/cumg/small_support.py:161: RuntimeWarning: overflow encountered in matmul
  expected_payoff_by_action = p @ payoff_by_action
/Users/gangwb/Work/Job_stuff/GameTheory/lcpSolver/src/cumg/small_support.py:161: RuntimeWarning: invalid value encountered in matmul
  expected_payoff_by_action = p @ payoff_by_action
/Users/gangwb/Work/Job_stuff/GameTheory/lcpSolver/src/cumg/small_support.py:189: RuntimeWarning: divide by zero encountered in matmul
  lambda q: msd_value_from_state_payoffs(payoff_by_action @ q, p, gamma),
/Users/gangwb/Work/Job_stuff/GameTheory/lcpSolver/src/cumg/small_support.py:189: RuntimeWarning: overflow encountered in matmul
  lambda q: msd_value_from_state_payoffs(payoff_by_action @ q, p, gamma),
/Users/gangwb/Work/Job_stuff/GameTheory/lcpSolver/src/cumg/small_support.py:189: RuntimeWarning: invalid value encountered in matmul
  lambda q: msd_value_from_state_payoffs(payoff_by_action @ q, p, gamma),
continuation_kappa=0.1,0.03,0.01,0.003 continuation_tau=0.02,0.01,0.005,0.002 step=2 K=100 n= 20 rep= 0 msd, full_batch: success=False eta=0.00819 resid=0.03868 time=511.335s | msd, minibatch: success=False eta=0.008184 resid=0.03868 time=527.701s

Summary
-------

msd
-------
full_batch: success_rate=0.000, median_time=511.3s, median_eta=0.00819, median_residual=0.03868
 minibatch: success_rate=0.000, median_time=527.7s, median_eta=0.008184, median_residual=0.03868
minibatch/full_batch median time ratio: 1.032
median eta difference, minibatch - full_batch: -6.028e-06
median strategy L1 difference: x=0.001841, y=0.001601

wrote experiments/results/stochastic/continuation_shards/msd_K100_n20_step2_rep0_summary.csv
wrote experiments/results/stochastic/continuation_shards/msd_K100_n20_step2_rep0_history.csv
END 2026-07-12T01:48:15+0800 status=0 msd_K100_n20_step2_rep0
