START 2026-07-12T01:47:58+0800 msd_K100_n20_step4_rep2
/Users/gangwb/Work/Job_stuff/GameTheory/lcpSolver/src/cumg/small_support.py:161: RuntimeWarning: divide by zero encountered in matmul
  expected_payoff_by_action = p @ payoff_by_action
/Users/gangwb/Work/Job_stuff/GameTheory/lcpSolver/src/cumg/small_support.py:161: RuntimeWarning: overflow encountered in matmul
  expected_payoff_by_action = p @ payoff_by_action
/Users/gangwb/Work/Job_stuff/GameTheory/lcpSolver/src/cumg/small_support.py:161: RuntimeWarning: invalid value encountered in matmul
  expected_payoff_by_action = p @ payoff_by_action
/Users/gangwb/Work/Job_stuff/GameTheory/lcpSolver/src/cumg/small_support.py:189: RuntimeWarning: divide by zero encountered in matmul
  lambda q: msd_value_from_state_payoffs(payoff_by_action @ q, p, gamma),
/Users/gangwb/Work/Job_stuff/GameTheory/lcpSolver/src/cumg/small_support.py:189: RuntimeWarning: overflow encountered in matmul
  lambda q: msd_value_from_state_payoffs(payoff_by_action @ q, p, gamma),
/Users/gangwb/Work/Job_stuff/GameTheory/lcpSolver/src/cumg/small_support.py:189: RuntimeWarning: invalid value encountered in matmul
  lambda q: msd_value_from_state_payoffs(payoff_by_action @ q, p, gamma),
continuation_kappa=0.1,0.03,0.01,0.003 continuation_tau=0.02,0.01,0.005,0.002 step=4 K=100 n= 20 rep= 0 msd, full_batch: success=False eta=0.005305 resid=0.03226 time=532.665s | msd, minibatch: success=False eta=0.005297 resid=0.0322 time=575.902s

Summary
-------

msd
-------
full_batch: success_rate=0.000, median_time=532.7s, median_eta=0.005305, median_residual=0.03226
 minibatch: success_rate=0.000, median_time=575.9s, median_eta=0.005297, median_residual=0.0322
minibatch/full_batch median time ratio: 1.081
median eta difference, minibatch - full_batch: -7.401e-06
median strategy L1 difference: x=0.004079, y=0.003533

wrote experiments/results/stochastic/continuation_shards/msd_K100_n20_step4_rep2_summary.csv
wrote experiments/results/stochastic/continuation_shards/msd_K100_n20_step4_rep2_history.csv
END 2026-07-12T02:06:28+0800 status=0 msd_K100_n20_step4_rep2
