START 2026-07-14T05:21:34+0800 K=250 n=50 rep=1
Traceback (most recent call last):
  File "/Users/gangwb/Work/Job_stuff/GameTheory/lcpSolver/experiments/compare_scalability_approaches.py", line 754, in <module>
    main()
  File "/Users/gangwb/Work/Job_stuff/GameTheory/lcpSolver/experiments/compare_scalability_approaches.py", line 745, in main
    rows = run_experiment(args, row_callback=writer.write_row)
           ^^^^^^^^^^^^^^^^^^^^^^^^^^^^^^^^^^^^^^^^^^^^^^^^^^^
  File "/Users/gangwb/Work/Job_stuff/GameTheory/lcpSolver/experiments/compare_scalability_approaches.py", line 603, in run_experiment
    row = run_instance(args, risk, K, n, seed)
          ^^^^^^^^^^^^^^^^^^^^^^^^^^^^^^^^^^^^
  File "/Users/gangwb/Work/Job_stuff/GameTheory/lcpSolver/experiments/compare_scalability_approaches.py", line 570, in run_instance
    result, metrics, _ = _run_method(
                         ^^^^^^^^^^^^
  File "/Users/gangwb/Work/Job_stuff/GameTheory/lcpSolver/experiments/compare_scalability_approaches.py", line 446, in _run_method
    result = _run_support_method(method, risk, A, B, p, args, support_config)
             ^^^^^^^^^^^^^^^^^^^^^^^^^^^^^^^^^^^^^^^^^^^^^^^^^^^^^^^^^^^^^^^^
  File "/Users/gangwb/Work/Job_stuff/GameTheory/lcpSolver/experiments/compare_scalability_approaches.py", line 382, in _run_support_method
    return small_support_search_cvar(
           ^^^^^^^^^^^^^^^^^^^^^^^^^^
  File "/Users/gangwb/Work/Job_stuff/GameTheory/lcpSolver/src/cumg/small_support.py", line 1506, in small_support_search_cvar
    return _certified_search(
           ^^^^^^^^^^^^^^^^^^
  File "/Users/gangwb/Work/Job_stuff/GameTheory/lcpSolver/src/cumg/small_support.py", line 1230, in _certified_search
    screen = screen_fn(
             ^^^^^^^^^^
  File "/Users/gangwb/Work/Job_stuff/GameTheory/lcpSolver/src/cumg/small_support.py", line 469, in restricted_profile_gap_cvar
    return _screen_profile(
           ^^^^^^^^^^^^^^^^
  File "/Users/gangwb/Work/Job_stuff/GameTheory/lcpSolver/src/cumg/small_support.py", line 393, in _screen_profile
    res = minimize(
          ^^^^^^^^^
  File "/Users/gangwb/.pyenv/versions/.venv/lib/python3.12/site-packages/scipy/optimize/_minimize.py", line 796, in minimize
    res = _minimize_slsqp(fun, x0, args, jac, bounds,
          ^^^^^^^^^^^^^^^^^^^^^^^^^^^^^^^^^^^^^^^^^^^
  File "/Users/gangwb/.pyenv/versions/.venv/lib/python3.12/site-packages/scipy/optimize/_slsqp_py.py", line 517, in _minimize_slsqp
    slsqp(state_dict, fx, g, C, d, x, mult, xl, xu, buffer, indices)
KeyboardInterrupt
END 2026-07-14T07:34:34+0800 status=130 K=250 n=50 rep=1
