START 2026-07-13T18:22:03+0800 risk=msd K=500 n=50 rep=10
/Users/gangwb/Work/Job_stuff/GameTheory/lcpSolver/src/cumg/small_support.py:914: RuntimeWarning: divide by zero encountered in matmul
  p1_mean_by_action = p @ p1_payoff_by_action
/Users/gangwb/Work/Job_stuff/GameTheory/lcpSolver/src/cumg/small_support.py:914: RuntimeWarning: overflow encountered in matmul
  p1_mean_by_action = p @ p1_payoff_by_action
/Users/gangwb/Work/Job_stuff/GameTheory/lcpSolver/src/cumg/small_support.py:914: RuntimeWarning: invalid value encountered in matmul
  p1_mean_by_action = p @ p1_payoff_by_action
/Users/gangwb/Work/Job_stuff/GameTheory/lcpSolver/src/cumg/small_support.py:915: RuntimeWarning: divide by zero encountered in matmul
  p2_mean_by_action = p @ p2_payoff_by_action
/Users/gangwb/Work/Job_stuff/GameTheory/lcpSolver/src/cumg/small_support.py:915: RuntimeWarning: overflow encountered in matmul
  p2_mean_by_action = p @ p2_payoff_by_action
/Users/gangwb/Work/Job_stuff/GameTheory/lcpSolver/src/cumg/small_support.py:915: RuntimeWarning: invalid value encountered in matmul
  p2_mean_by_action = p @ p2_payoff_by_action
/Users/gangwb/Work/Job_stuff/GameTheory/lcpSolver/src/cumg/small_support.py:916: RuntimeWarning: divide by zero encountered in matmul
  beta1 = float(np.max(p1_mean_by_action + lam1 @ (p1_payoff_by_action - p1_mean_by_action)))
/Users/gangwb/Work/Job_stuff/GameTheory/lcpSolver/src/cumg/small_support.py:916: RuntimeWarning: overflow encountered in matmul
  beta1 = float(np.max(p1_mean_by_action + lam1 @ (p1_payoff_by_action - p1_mean_by_action)))
/Users/gangwb/Work/Job_stuff/GameTheory/lcpSolver/src/cumg/small_support.py:916: RuntimeWarning: invalid value encountered in matmul
  beta1 = float(np.max(p1_mean_by_action + lam1 @ (p1_payoff_by_action - p1_mean_by_action)))
/Users/gangwb/Work/Job_stuff/GameTheory/lcpSolver/src/cumg/small_support.py:917: RuntimeWarning: divide by zero encountered in matmul
  beta2 = float(np.max(p2_mean_by_action + lam2 @ (p2_payoff_by_action - p2_mean_by_action)))
/Users/gangwb/Work/Job_stuff/GameTheory/lcpSolver/src/cumg/small_support.py:917: RuntimeWarning: overflow encountered in matmul
  beta2 = float(np.max(p2_mean_by_action + lam2 @ (p2_payoff_by_action - p2_mean_by_action)))
/Users/gangwb/Work/Job_stuff/GameTheory/lcpSolver/src/cumg/small_support.py:917: RuntimeWarning: invalid value encountered in matmul
  beta2 = float(np.max(p2_mean_by_action + lam2 @ (p2_payoff_by_action - p2_mean_by_action)))
/Users/gangwb/Work/Job_stuff/GameTheory/lcpSolver/src/cumg/small_support.py:866: RuntimeWarning: divide by zero encountered in matmul
  p1_mean_by_action = p @ p1_payoff_by_action
/Users/gangwb/Work/Job_stuff/GameTheory/lcpSolver/src/cumg/small_support.py:866: RuntimeWarning: overflow encountered in matmul
  p1_mean_by_action = p @ p1_payoff_by_action
/Users/gangwb/Work/Job_stuff/GameTheory/lcpSolver/src/cumg/small_support.py:866: RuntimeWarning: invalid value encountered in matmul
  p1_mean_by_action = p @ p1_payoff_by_action
/Users/gangwb/Work/Job_stuff/GameTheory/lcpSolver/src/cumg/small_support.py:867: RuntimeWarning: divide by zero encountered in matmul
  p2_mean_by_action = p @ p2_payoff_by_action
/Users/gangwb/Work/Job_stuff/GameTheory/lcpSolver/src/cumg/small_support.py:867: RuntimeWarning: overflow encountered in matmul
  p2_mean_by_action = p @ p2_payoff_by_action
/Users/gangwb/Work/Job_stuff/GameTheory/lcpSolver/src/cumg/small_support.py:867: RuntimeWarning: invalid value encountered in matmul
  p2_mean_by_action = p @ p2_payoff_by_action
/Users/gangwb/Work/Job_stuff/GameTheory/lcpSolver/src/cumg/small_support.py:868: RuntimeWarning: divide by zero encountered in matmul
  p1_dual_values = p1_mean_by_action + lam1 @ (p1_payoff_by_action - p1_mean_by_action)
/Users/gangwb/Work/Job_stuff/GameTheory/lcpSolver/src/cumg/small_support.py:868: RuntimeWarning: overflow encountered in matmul
  p1_dual_values = p1_mean_by_action + lam1 @ (p1_payoff_by_action - p1_mean_by_action)
/Users/gangwb/Work/Job_stuff/GameTheory/lcpSolver/src/cumg/small_support.py:868: RuntimeWarning: invalid value encountered in matmul
  p1_dual_values = p1_mean_by_action + lam1 @ (p1_payoff_by_action - p1_mean_by_action)
/Users/gangwb/Work/Job_stuff/GameTheory/lcpSolver/src/cumg/small_support.py:869: RuntimeWarning: divide by zero encountered in matmul
  p2_dual_values = p2_mean_by_action + lam2 @ (p2_payoff_by_action - p2_mean_by_action)
/Users/gangwb/Work/Job_stuff/GameTheory/lcpSolver/src/cumg/small_support.py:869: RuntimeWarning: overflow encountered in matmul
  p2_dual_values = p2_mean_by_action + lam2 @ (p2_payoff_by_action - p2_mean_by_action)
/Users/gangwb/Work/Job_stuff/GameTheory/lcpSolver/src/cumg/small_support.py:869: RuntimeWarning: invalid value encountered in matmul
  p2_dual_values = p2_mean_by_action + lam2 @ (p2_payoff_by_action - p2_mean_by_action)
/Users/gangwb/Work/Job_stuff/GameTheory/lcpSolver/src/cumg/small_support.py:161: RuntimeWarning: divide by zero encountered in matmul
  expected_payoff_by_action = p @ payoff_by_action
/Users/gangwb/Work/Job_stuff/GameTheory/lcpSolver/src/cumg/small_support.py:161: RuntimeWarning: overflow encountered in matmul
  expected_payoff_by_action = p @ payoff_by_action
/Users/gangwb/Work/Job_stuff/GameTheory/lcpSolver/src/cumg/small_support.py:161: RuntimeWarning: invalid value encountered in matmul
  expected_payoff_by_action = p @ payoff_by_action
/Users/gangwb/Work/Job_stuff/GameTheory/lcpSolver/src/cumg/small_support.py:189: RuntimeWarning: divide by zero encountered in matmul
  lambda q: msd_value_from_state_payoffs(payoff_by_action @ q, p, gamma),
/Users/gangwb/Work/Job_stuff/GameTheory/lcpSolver/src/cumg/small_support.py:189: RuntimeWarning: overflow encountered in matmul
  lambda q: msd_value_from_state_payoffs(payoff_by_action @ q, p, gamma),
/Users/gangwb/Work/Job_stuff/GameTheory/lcpSolver/src/cumg/small_support.py:189: RuntimeWarning: invalid value encountered in matmul
  lambda q: msd_value_from_state_payoffs(payoff_by_action @ q, p, gamma),

Summary
-------
MSD
           screened_dual: success_rate=1.000, median_time=1.35e+04s, median_eta=0.005457

wrote experiments/results/higher_eps/v1/msd_K500_n50_rep010.csv
END 2026-07-13T22:07:12+0800 status=0 risk=msd K=500 n=50 rep=10
