START 2026-07-13T22:59:13+0800 risk=msd K=500 n=50 rep=12
Traceback (most recent call last):
  File "/Users/gangwb/Work/Job_stuff/GameTheory/lcpSolver/experiments/compare_scalability_approaches.py", line 754, in <module>
    main()
  File "/Users/gangwb/Work/Job_stuff/GameTheory/lcpSolver/experiments/compare_scalability_approaches.py", line 745, in main
    rows = run_experiment(args, row_callback=writer.write_row)
           ^^^^^^^^^^^^^^^^^^^^^^^^^^^^^^^^^^^^^^^^^^^^^^^^^^^
  File "/Users/gangwb/Work/Job_stuff/GameTheory/lcpSolver/experiments/compare_scalability_approaches.py", line 603, in run_experiment
    row = run_instance(args, risk, K, n, seed)
          ^^^^^^^^^^^^^^^^^^^^^^^^^^^^^^^^^^^^
  File "/Users/gangwb/Work/Job_stuff/GameTheory/lcpSolver/experiments/compare_scalability_approaches.py", line 570, in run_instance
    result, metrics, _ = _run_method(
                         ^^^^^^^^^^^^
  File "/Users/gangwb/Work/Job_stuff/GameTheory/lcpSolver/experiments/compare_scalability_approaches.py", line 446, in _run_method
    result = _run_support_method(method, risk, A, B, p, args, support_config)
             ^^^^^^^^^^^^^^^^^^^^^^^^^^^^^^^^^^^^^^^^^^^^^^^^^^^^^^^^^^^^^^^^
  File "/Users/gangwb/Work/Job_stuff/GameTheory/lcpSolver/experiments/compare_scalability_approaches.py", line 353, in _run_support_method
    return small_support_search_msd(
           ^^^^^^^^^^^^^^^^^^^^^^^^^
  File "/Users/gangwb/Work/Job_stuff/GameTheory/lcpSolver/src/cumg/small_support.py", line 1482, in small_support_search_msd
    return _certified_search(
           ^^^^^^^^^^^^^^^^^^
  File "/Users/gangwb/Work/Job_stuff/GameTheory/lcpSolver/src/cumg/small_support.py", line 1230, in _certified_search
    screen = screen_fn(
             ^^^^^^^^^^
  File "/Users/gangwb/Work/Job_stuff/GameTheory/lcpSolver/src/cumg/small_support.py", line 451, in restricted_profile_gap_msd
    return _screen_profile(A, B, p, msd_value_from_state_payoffs, (gamma,), S, T, n_starts, seed, maxiter)
           ^^^^^^^^^^^^^^^^^^^^^^^^^^^^^^^^^^^^^^^^^^^^^^^^^^^^^^^^^^^^^^^^^^^^^^^^^^^^^^^^^^^^^^^^^^^^^^^
  File "/Users/gangwb/Work/Job_stuff/GameTheory/lcpSolver/src/cumg/small_support.py", line 393, in _screen_profile
    res = minimize(
          ^^^^^^^^^
  File "/Users/gangwb/.pyenv/versions/.venv/lib/python3.12/site-packages/scipy/optimize/_minimize.py", line 796, in minimize
    res = _minimize_slsqp(fun, x0, args, jac, bounds,
          ^^^^^^^^^^^^^^^^^^^^^^^^^^^^^^^^^^^^^^^^^^^
  File "/Users/gangwb/.pyenv/versions/.venv/lib/python3.12/site-packages/scipy/optimize/_slsqp_py.py", line 525, in _minimize_slsqp
    _eval_con_normals(C, x, cons, m, meq)
  File "/Users/gangwb/.pyenv/versions/.venv/lib/python3.12/site-packages/scipy/optimize/_slsqp_py.py", line 599, in _eval_con_normals
    temp = np.atleast_2d(con['jac'](x, *con['args']))
                         ^^^^^^^^^^^^^^^^^^^^^^^^^^^
  File "/Users/gangwb/.pyenv/versions/.venv/lib/python3.12/site-packages/scipy/optimize/_slsqp_py.py", line 357, in cjac
    return approx_derivative(fun, x, method='2-point',
           ^^^^^^^^^^^^^^^^^^^^^^^^^^^^^^^^^^^^^^^^^^^
  File "/Users/gangwb/.pyenv/versions/.venv/lib/python3.12/site-packages/scipy/optimize/_numdiff.py", line 576, in approx_derivative
    _eps_for_method(x0.dtype, f0.dtype, method) *
    ^^^^^^^^^^^^^^^^^^^^^^^^^^^^^^^^^^^^^^^^^^^
KeyboardInterrupt
END 2026-07-13T22:59:22+0800 status=130 risk=msd K=500 n=50 rep=12
