START 2026-07-13T18:49:30+0800 risk=msd K=500 n=50 rep=12
/Users/gangwb/Work/Job_stuff/GameTheory/lcpSolver/src/cumg/small_support.py:914: RuntimeWarning: divide by zero encountered in matmul
  p1_mean_by_action = p @ p1_payoff_by_action
/Users/gangwb/Work/Job_stuff/GameTheory/lcpSolver/src/cumg/small_support.py:914: RuntimeWarning: overflow encountered in matmul
  p1_mean_by_action = p @ p1_payoff_by_action
/Users/gangwb/Work/Job_stuff/GameTheory/lcpSolver/src/cumg/small_support.py:914: RuntimeWarning: invalid value encountered in matmul
  p1_mean_by_action = p @ p1_payoff_by_action
/Users/gangwb/Work/Job_stuff/GameTheory/lcpSolver/src/cumg/small_support.py:915: RuntimeWarning: divide by zero encountered in matmul
  p2_mean_by_action = p @ p2_payoff_by_action
/Users/gangwb/Work/Job_stuff/GameTheory/lcpSolver/src/cumg/small_support.py:915: RuntimeWarning: overflow encountered in matmul
  p2_mean_by_action = p @ p2_payoff_by_action
/Users/gangwb/Work/Job_stuff/GameTheory/lcpSolver/src/cumg/small_support.py:915: RuntimeWarning: invalid value encountered in matmul
  p2_mean_by_action = p @ p2_payoff_by_action
/Users/gangwb/Work/Job_stuff/GameTheory/lcpSolver/src/cumg/small_support.py:916: RuntimeWarning: divide by zero encountered in matmul
  beta1 = float(np.max(p1_mean_by_action + lam1 @ (p1_payoff_by_action - p1_mean_by_action)))
/Users/gangwb/Work/Job_stuff/GameTheory/lcpSolver/src/cumg/small_support.py:916: RuntimeWarning: overflow encountered in matmul
  beta1 = float(np.max(p1_mean_by_action + lam1 @ (p1_payoff_by_action - p1_mean_by_action)))
/Users/gangwb/Work/Job_stuff/GameTheory/lcpSolver/src/cumg/small_support.py:916: RuntimeWarning: invalid value encountered in matmul
  beta1 = float(np.max(p1_mean_by_action + lam1 @ (p1_payoff_by_action - p1_mean_by_action)))
/Users/gangwb/Work/Job_stuff/GameTheory/lcpSolver/src/cumg/small_support.py:917: RuntimeWarning: divide by zero encountered in matmul
  beta2 = float(np.max(p2_mean_by_action + lam2 @ (p2_payoff_by_action - p2_mean_by_action)))
/Users/gangwb/Work/Job_stuff/GameTheory/lcpSolver/src/cumg/small_support.py:917: RuntimeWarning: overflow encountered in matmul
  beta2 = float(np.max(p2_mean_by_action + lam2 @ (p2_payoff_by_action - p2_mean_by_action)))
/Users/gangwb/Work/Job_stuff/GameTheory/lcpSolver/src/cumg/small_support.py:917: RuntimeWarning: invalid value encountered in matmul
  beta2 = float(np.max(p2_mean_by_action + lam2 @ (p2_payoff_by_action - p2_mean_by_action)))
/Users/gangwb/Work/Job_stuff/GameTheory/lcpSolver/src/cumg/small_support.py:866: RuntimeWarning: divide by zero encountered in matmul
  p1_mean_by_action = p @ p1_payoff_by_action
/Users/gangwb/Work/Job_stuff/GameTheory/lcpSolver/src/cumg/small_support.py:866: RuntimeWarning: overflow encountered in matmul
  p1_mean_by_action = p @ p1_payoff_by_action
/Users/gangwb/Work/Job_stuff/GameTheory/lcpSolver/src/cumg/small_support.py:866: RuntimeWarning: invalid value encountered in matmul
  p1_mean_by_action = p @ p1_payoff_by_action
/Users/gangwb/Work/Job_stuff/GameTheory/lcpSolver/src/cumg/small_support.py:867: RuntimeWarning: divide by zero encountered in matmul
  p2_mean_by_action = p @ p2_payoff_by_action
/Users/gangwb/Work/Job_stuff/GameTheory/lcpSolver/src/cumg/small_support.py:867: RuntimeWarning: overflow encountered in matmul
  p2_mean_by_action = p @ p2_payoff_by_action
/Users/gangwb/Work/Job_stuff/GameTheory/lcpSolver/src/cumg/small_support.py:867: RuntimeWarning: invalid value encountered in matmul
  p2_mean_by_action = p @ p2_payoff_by_action
/Users/gangwb/Work/Job_stuff/GameTheory/lcpSolver/src/cumg/small_support.py:868: RuntimeWarning: divide by zero encountered in matmul
  p1_dual_values = p1_mean_by_action + lam1 @ (p1_payoff_by_action - p1_mean_by_action)
/Users/gangwb/Work/Job_stuff/GameTheory/lcpSolver/src/cumg/small_support.py:868: RuntimeWarning: overflow encountered in matmul
  p1_dual_values = p1_mean_by_action + lam1 @ (p1_payoff_by_action - p1_mean_by_action)
/Users/gangwb/Work/Job_stuff/GameTheory/lcpSolver/src/cumg/small_support.py:868: RuntimeWarning: invalid value encountered in matmul
  p1_dual_values = p1_mean_by_action + lam1 @ (p1_payoff_by_action - p1_mean_by_action)
/Users/gangwb/Work/Job_stuff/GameTheory/lcpSolver/src/cumg/small_support.py:869: RuntimeWarning: divide by zero encountered in matmul
  p2_dual_values = p2_mean_by_action + lam2 @ (p2_payoff_by_action - p2_mean_by_action)
/Users/gangwb/Work/Job_stuff/GameTheory/lcpSolver/src/cumg/small_support.py:869: RuntimeWarning: overflow encountered in matmul
  p2_dual_values = p2_mean_by_action + lam2 @ (p2_payoff_by_action - p2_mean_by_action)
/Users/gangwb/Work/Job_stuff/GameTheory/lcpSolver/src/cumg/small_support.py:869: RuntimeWarning: invalid value encountered in matmul
  p2_dual_values = p2_mean_by_action + lam2 @ (p2_payoff_by_action - p2_mean_by_action)
Traceback (most recent call last):
  File "/Users/gangwb/Work/Job_stuff/GameTheory/lcpSolver/experiments/compare_scalability_approaches.py", line 754, in <module>
    main()
  File "/Users/gangwb/Work/Job_stuff/GameTheory/lcpSolver/experiments/compare_scalability_approaches.py", line 745, in main
    rows = run_experiment(args, row_callback=writer.write_row)
           ^^^^^^^^^^^^^^^^^^^^^^^^^^^^^^^^^^^^^^^^^^^^^^^^^^^
  File "/Users/gangwb/Work/Job_stuff/GameTheory/lcpSolver/experiments/compare_scalability_approaches.py", line 603, in run_experiment
    row = run_instance(args, risk, K, n, seed)
          ^^^^^^^^^^^^^^^^^^^^^^^^^^^^^^^^^^^^
  File "/Users/gangwb/Work/Job_stuff/GameTheory/lcpSolver/experiments/compare_scalability_approaches.py", line 570, in run_instance
    result, metrics, _ = _run_method(
                         ^^^^^^^^^^^^
  File "/Users/gangwb/Work/Job_stuff/GameTheory/lcpSolver/experiments/compare_scalability_approaches.py", line 446, in _run_method
    result = _run_support_method(method, risk, A, B, p, args, support_config)
             ^^^^^^^^^^^^^^^^^^^^^^^^^^^^^^^^^^^^^^^^^^^^^^^^^^^^^^^^^^^^^^^^
  File "/Users/gangwb/Work/Job_stuff/GameTheory/lcpSolver/experiments/compare_scalability_approaches.py", line 353, in _run_support_method
    return small_support_search_msd(
           ^^^^^^^^^^^^^^^^^^^^^^^^^
  File "/Users/gangwb/Work/Job_stuff/GameTheory/lcpSolver/src/cumg/small_support.py", line 1482, in small_support_search_msd
    return _certified_search(
           ^^^^^^^^^^^^^^^^^^
  File "/Users/gangwb/Work/Job_stuff/GameTheory/lcpSolver/src/cumg/small_support.py", line 1250, in _certified_search
    support_cert = _call_support_gap(
                   ^^^^^^^^^^^^^^^^^^
  File "/Users/gangwb/Work/Job_stuff/GameTheory/lcpSolver/src/cumg/small_support.py", line 1336, in _call_support_gap
    return support_gap_fn(A, B, p, **kwargs)
           ^^^^^^^^^^^^^^^^^^^^^^^^^^^^^^^^^
  File "/Users/gangwb/Work/Job_stuff/GameTheory/lcpSolver/src/cumg/small_support.py", line 960, in supported_profile_gap_msd_dual
    res = minimize(
          ^^^^^^^^^
  File "/Users/gangwb/.pyenv/versions/.venv/lib/python3.12/site-packages/scipy/optimize/_minimize.py", line 796, in minimize
    res = _minimize_slsqp(fun, x0, args, jac, bounds,
          ^^^^^^^^^^^^^^^^^^^^^^^^^^^^^^^^^^^^^^^^^^^
  File "/Users/gangwb/.pyenv/versions/.venv/lib/python3.12/site-packages/scipy/optimize/_slsqp_py.py", line 517, in _minimize_slsqp
    slsqp(state_dict, fx, g, C, d, x, mult, xl, xu, buffer, indices)
KeyboardInterrupt
END 2026-07-13T22:42:39+0800 status=130 risk=msd K=500 n=50 rep=12
