START 2026-07-13T22:59:13+0800 risk=msd K=500 n=50 rep=19
Traceback (most recent call last):
  File "<repo>/experiments/compare_scalability_approaches.py", line 754, in <module>
    main()
  File "<repo>/experiments/compare_scalability_approaches.py", line 745, in main
    rows = run_experiment(args, row_callback=writer.write_row)
           ^^^^^^^^^^^^^^^^^^^^^^^^^^^^^^^^^^^^^^^^^^^^^^^^^^^
  File "<repo>/experiments/compare_scalability_approaches.py", line 603, in run_experiment
    row = run_instance(args, risk, K, n, seed)
          ^^^^^^^^^^^^^^^^^^^^^^^^^^^^^^^^^^^^
  File "<repo>/experiments/compare_scalability_approaches.py", line 570, in run_instance
    result, metrics, _ = _run_method(
                         ^^^^^^^^^^^^
  File "<repo>/experiments/compare_scalability_approaches.py", line 446, in _run_method
    result = _run_support_method(method, risk, A, B, p, args, support_config)
             ^^^^^^^^^^^^^^^^^^^^^^^^^^^^^^^^^^^^^^^^^^^^^^^^^^^^^^^^^^^^^^^^
  File "<repo>/experiments/compare_scalability_approaches.py", line 353, in _run_support_method
    return small_support_search_msd(
           ^^^^^^^^^^^^^^^^^^^^^^^^^
  File "<repo>/src/cumg/small_support.py", line 1482, in small_support_search_msd
    return _certified_search(
           ^^^^^^^^^^^^^^^^^^
  File "<repo>/src/cumg/small_support.py", line 1230, in _certified_search
    screen = screen_fn(
             ^^^^^^^^^^
  File "<repo>/src/cumg/small_support.py", line 451, in restricted_profile_gap_msd
    return _screen_profile(A, B, p, msd_value_from_state_payoffs, (gamma,), S, T, n_starts, seed, maxiter)
           ^^^^^^^^^^^^^^^^^^^^^^^^^^^^^^^^^^^^^^^^^^^^^^^^^^^^^^^^^^^^^^^^^^^^^^^^^^^^^^^^^^^^^^^^^^^^^^^
  File "<repo>/src/cumg/small_support.py", line 393, in _screen_profile
    res = minimize(
          ^^^^^^^^^
  File "<venv>/lib/python3.12/site-packages/scipy/optimize/_minimize.py", line 796, in minimize
    res = _minimize_slsqp(fun, x0, args, jac, bounds,
          ^^^^^^^^^^^^^^^^^^^^^^^^^^^^^^^^^^^^^^^^^^^
  File "<venv>/lib/python3.12/site-packages/scipy/optimize/_slsqp_py.py", line 525, in _minimize_slsqp
    _eval_con_normals(C, x, cons, m, meq)
  File "<venv>/lib/python3.12/site-packages/scipy/optimize/_slsqp_py.py", line 599, in _eval_con_normals
    temp = np.atleast_2d(con['jac'](x, *con['args']))
                         ^^^^^^^^^^^^^^^^^^^^^^^^^^^
  File "<venv>/lib/python3.12/site-packages/scipy/optimize/_slsqp_py.py", line 357, in cjac
    return approx_derivative(fun, x, method='2-point',
           ^^^^^^^^^^^^^^^^^^^^^^^^^^^^^^^^^^^^^^^^^^^
  File "<venv>/lib/python3.12/site-packages/scipy/optimize/_numdiff.py", line 593, in approx_derivative
    J, _nfev = _dense_difference(fun_wrapped, x0, f0, h,
               ^^^^^^^^^^^^^^^^^^^^^^^^^^^^^^^^^^^^^^^^^
  File "<venv>/lib/python3.12/site-packages/scipy/optimize/_numdiff.py", line 686, in _dense_difference
    df = [f_eval - f0 for f_eval in f_evals]
                                    ^^^^^^^
  File "<venv>/lib/python3.12/site-packages/scipy/optimize/_numdiff.py", line 879, in __call__
    f = np.atleast_1d(self.fun(x, *self.args, **self.kwargs))
                      ^^^^^^^^^^^^^^^^^^^^^^^^^^^^^^^^^^^^^^
  File "<repo>/src/cumg/small_support.py", line 367, in ineq_constraints
    rho2 = value_fn(u2_states, p, *value_args)
           ^^^^^^^^^^^^^^^^^^^^^^^^^^^^^^^^^^^
  File "<repo>/src/cumg/msd.py", line 149, in msd_value_from_state_payoffs
    def msd_value_from_state_payoffs(state_payoffs, p, gamma: float) -> float:
    
KeyboardInterrupt
END 2026-07-13T22:59:22+0800 status=130 risk=msd K=500 n=50 rep=19
