START 2026-07-12T11:51:36+0800 cvar_K250_n20_step15_rep1
/Users/gangwb/Work/Job_stuff/GameTheory/lcpSolver/src/cumg/small_support.py:202: RuntimeWarning: divide by zero encountered in matmul
  expected_payoff_by_action = p @ payoff_by_action
/Users/gangwb/Work/Job_stuff/GameTheory/lcpSolver/src/cumg/small_support.py:202: RuntimeWarning: overflow encountered in matmul
  expected_payoff_by_action = p @ payoff_by_action
/Users/gangwb/Work/Job_stuff/GameTheory/lcpSolver/src/cumg/small_support.py:202: RuntimeWarning: invalid value encountered in matmul
  expected_payoff_by_action = p @ payoff_by_action
/Users/gangwb/Work/Job_stuff/GameTheory/lcpSolver/src/cumg/small_support.py:232: RuntimeWarning: divide by zero encountered in matmul
  lambda q: cvar_value_from_state_payoffs(payoff_by_action @ q, p, gamma, alpha),
/Users/gangwb/Work/Job_stuff/GameTheory/lcpSolver/src/cumg/small_support.py:232: RuntimeWarning: overflow encountered in matmul
  lambda q: cvar_value_from_state_payoffs(payoff_by_action @ q, p, gamma, alpha),
/Users/gangwb/Work/Job_stuff/GameTheory/lcpSolver/src/cumg/small_support.py:232: RuntimeWarning: invalid value encountered in matmul
  lambda q: cvar_value_from_state_payoffs(payoff_by_action @ q, p, gamma, alpha),
continuation_kappa=0.1,0.03,0.01,0.003,0.001,0.0003,0.0001 continuation_tau=0.02,0.01,0.005,0.002,0.001,0.0005,0.0002 step=15 K=250 n= 20 rep= 0 cvar, full_batch: success=False eta=0.001623 resid=0.7071 time=3365.231s | cvar, minibatch: success=False eta=0.001858 resid=0.7072 time=1477.961s

Summary
-------

cvar
-------
full_batch: success_rate=0.000, median_time=3365s, median_eta=0.001623, median_residual=0.7071
 minibatch: success_rate=0.000, median_time=1478s, median_eta=0.001858, median_residual=0.7072
minibatch/full_batch median time ratio: 0.4392
median eta difference, minibatch - full_batch: 0.000235
median strategy L1 difference: x=0.08027, y=0.01708

wrote experiments/results/stochastic/continuation_shards/v2/cvar_K250_n20_step15_rep1_summary.csv
wrote experiments/results/stochastic/continuation_shards/v2/cvar_K250_n20_step15_rep1_history.csv
END 2026-07-12T13:12:22+0800 status=0 cvar_K250_n20_step15_rep1
