START 2026-07-12T11:00:37+0800 cvar_K250_n20_step15_rep0
/Users/gangwb/Work/Job_stuff/GameTheory/lcpSolver/src/cumg/small_support.py:202: RuntimeWarning: divide by zero encountered in matmul
  expected_payoff_by_action = p @ payoff_by_action
/Users/gangwb/Work/Job_stuff/GameTheory/lcpSolver/src/cumg/small_support.py:202: RuntimeWarning: overflow encountered in matmul
  expected_payoff_by_action = p @ payoff_by_action
/Users/gangwb/Work/Job_stuff/GameTheory/lcpSolver/src/cumg/small_support.py:202: RuntimeWarning: invalid value encountered in matmul
  expected_payoff_by_action = p @ payoff_by_action
/Users/gangwb/Work/Job_stuff/GameTheory/lcpSolver/src/cumg/small_support.py:232: RuntimeWarning: divide by zero encountered in matmul
  lambda q: cvar_value_from_state_payoffs(payoff_by_action @ q, p, gamma, alpha),
/Users/gangwb/Work/Job_stuff/GameTheory/lcpSolver/src/cumg/small_support.py:232: RuntimeWarning: overflow encountered in matmul
  lambda q: cvar_value_from_state_payoffs(payoff_by_action @ q, p, gamma, alpha),
/Users/gangwb/Work/Job_stuff/GameTheory/lcpSolver/src/cumg/small_support.py:232: RuntimeWarning: invalid value encountered in matmul
  lambda q: cvar_value_from_state_payoffs(payoff_by_action @ q, p, gamma, alpha),
continuation_kappa=0.1,0.03,0.01,0.003,0.001,0.0003,0.0001 continuation_tau=0.02,0.01,0.005,0.002,0.001,0.0005,0.0002 step=15 K=250 n= 20 rep= 0 cvar, full_batch: success=False eta=0.001816 resid=0.7078 time=2883.450s | cvar, minibatch: success=False eta=0.001932 resid=0.7083 time=3429.231s

Summary
-------

cvar
-------
full_batch: success_rate=0.000, median_time=2883s, median_eta=0.001816, median_residual=0.7078
 minibatch: success_rate=0.000, median_time=3429s, median_eta=0.001932, median_residual=0.7083
minibatch/full_batch median time ratio: 1.189
median eta difference, minibatch - full_batch: 0.0001155
median strategy L1 difference: x=0.1088, y=0.06322

wrote experiments/results/stochastic/continuation_shards/v2/cvar_K250_n20_step15_rep0_summary.csv
wrote experiments/results/stochastic/continuation_shards/v2/cvar_K250_n20_step15_rep0_history.csv
END 2026-07-12T12:45:52+0800 status=0 cvar_K250_n20_step15_rep0
