START 2026-07-12T12:44:20+0800 cvar_K250_n20_step15_rep2
/Users/gangwb/Work/Job_stuff/GameTheory/lcpSolver/src/cumg/small_support.py:202: RuntimeWarning: divide by zero encountered in matmul
  expected_payoff_by_action = p @ payoff_by_action
/Users/gangwb/Work/Job_stuff/GameTheory/lcpSolver/src/cumg/small_support.py:202: RuntimeWarning: overflow encountered in matmul
  expected_payoff_by_action = p @ payoff_by_action
/Users/gangwb/Work/Job_stuff/GameTheory/lcpSolver/src/cumg/small_support.py:202: RuntimeWarning: invalid value encountered in matmul
  expected_payoff_by_action = p @ payoff_by_action
/Users/gangwb/Work/Job_stuff/GameTheory/lcpSolver/src/cumg/small_support.py:232: RuntimeWarning: divide by zero encountered in matmul
  lambda q: cvar_value_from_state_payoffs(payoff_by_action @ q, p, gamma, alpha),
/Users/gangwb/Work/Job_stuff/GameTheory/lcpSolver/src/cumg/small_support.py:232: RuntimeWarning: overflow encountered in matmul
  lambda q: cvar_value_from_state_payoffs(payoff_by_action @ q, p, gamma, alpha),
/Users/gangwb/Work/Job_stuff/GameTheory/lcpSolver/src/cumg/small_support.py:232: RuntimeWarning: invalid value encountered in matmul
  lambda q: cvar_value_from_state_payoffs(payoff_by_action @ q, p, gamma, alpha),
continuation_kappa=0.1,0.03,0.01,0.003,0.001,0.0003,0.0001 continuation_tau=0.02,0.01,0.005,0.002,0.001,0.0005,0.0002 step=15 K=250 n= 20 rep= 0 cvar, full_batch: success=False eta=0.00177 resid=0.7072 time=1560.289s | cvar, minibatch: success=False eta=0.00177 resid=0.7072 time=1021.754s

Summary
-------

cvar
-------
full_batch: success_rate=0.000, median_time=1560s, median_eta=0.00177, median_residual=0.7072
 minibatch: success_rate=0.000, median_time=1022s, median_eta=0.00177, median_residual=0.7072
minibatch/full_batch median time ratio: 0.6548
median eta difference, minibatch - full_batch: 3.646e-11
median strategy L1 difference: x=9.801e-09, y=9.22e-09

wrote experiments/results/stochastic/continuation_shards/v2/cvar_K250_n20_step15_rep2_summary.csv
wrote experiments/results/stochastic/continuation_shards/v2/cvar_K250_n20_step15_rep2_history.csv
END 2026-07-12T13:27:25+0800 status=0 cvar_K250_n20_step15_rep2
