START 2026-07-12T10:11:40+0800 msd_K250_n20_step10_rep1
<repo>/src/cumg/small_support.py:161: RuntimeWarning: divide by zero encountered in matmul
  expected_payoff_by_action = p @ payoff_by_action
<repo>/src/cumg/small_support.py:161: RuntimeWarning: overflow encountered in matmul
  expected_payoff_by_action = p @ payoff_by_action
<repo>/src/cumg/small_support.py:161: RuntimeWarning: invalid value encountered in matmul
  expected_payoff_by_action = p @ payoff_by_action
<repo>/src/cumg/small_support.py:189: RuntimeWarning: divide by zero encountered in matmul
  lambda q: msd_value_from_state_payoffs(payoff_by_action @ q, p, gamma),
<repo>/src/cumg/small_support.py:189: RuntimeWarning: overflow encountered in matmul
  lambda q: msd_value_from_state_payoffs(payoff_by_action @ q, p, gamma),
<repo>/src/cumg/small_support.py:189: RuntimeWarning: invalid value encountered in matmul
  lambda q: msd_value_from_state_payoffs(payoff_by_action @ q, p, gamma),
continuation_kappa=0.1,0.03,0.01,0.003,0.001,0.0003,0.0001 continuation_tau=0.02,0.01,0.005,0.002,0.001,0.0005,0.0002 step=10 K=250 n= 20 rep= 0 msd, full_batch: success=False eta=0.003172 resid=0.02347 time=1479.745s | msd, minibatch: success=False eta=0.003155 resid=0.02352 time=1434.072s

Summary
-------

msd
-------
full_batch: success_rate=0.000, median_time=1480s, median_eta=0.003172, median_residual=0.02347
 minibatch: success_rate=0.000, median_time=1434s, median_eta=0.003155, median_residual=0.02352
minibatch/full_batch median time ratio: 0.9691
median eta difference, minibatch - full_batch: -1.721e-05
median strategy L1 difference: x=0.005864, y=0.01193

wrote experiments/results/stochastic/continuation_shards/v2/msd_K250_n20_step10_rep1_summary.csv
wrote experiments/results/stochastic/continuation_shards/v2/msd_K250_n20_step10_rep1_history.csv
END 2026-07-12T11:00:15+0800 status=0 msd_K250_n20_step10_rep1
