START 2026-07-12T10:11:40+0800 msd_K250_n20_step5_rep1
<repo>/src/cumg/small_support.py:161: RuntimeWarning: divide by zero encountered in matmul
  expected_payoff_by_action = p @ payoff_by_action
<repo>/src/cumg/small_support.py:161: RuntimeWarning: overflow encountered in matmul
  expected_payoff_by_action = p @ payoff_by_action
<repo>/src/cumg/small_support.py:161: RuntimeWarning: invalid value encountered in matmul
  expected_payoff_by_action = p @ payoff_by_action
<repo>/src/cumg/small_support.py:189: RuntimeWarning: divide by zero encountered in matmul
  lambda q: msd_value_from_state_payoffs(payoff_by_action @ q, p, gamma),
<repo>/src/cumg/small_support.py:189: RuntimeWarning: overflow encountered in matmul
  lambda q: msd_value_from_state_payoffs(payoff_by_action @ q, p, gamma),
<repo>/src/cumg/small_support.py:189: RuntimeWarning: invalid value encountered in matmul
  lambda q: msd_value_from_state_payoffs(payoff_by_action @ q, p, gamma),
continuation_kappa=0.1,0.03,0.01,0.003,0.001,0.0003,0.0001 continuation_tau=0.02,0.01,0.005,0.002,0.001,0.0005,0.0002 step=5 K=250 n= 20 rep= 0 msd, full_batch: success=False eta=0.003575 resid=0.02514 time=1458.889s | msd, minibatch: success=False eta=0.003575 resid=0.02518 time=1426.639s

Summary
-------

msd
-------
full_batch: success_rate=0.000, median_time=1459s, median_eta=0.003575, median_residual=0.02514
 minibatch: success_rate=0.000, median_time=1427s, median_eta=0.003575, median_residual=0.02518
minibatch/full_batch median time ratio: 0.9779
median eta difference, minibatch - full_batch: -6.288e-07
median strategy L1 difference: x=0.003434, y=0.005569

wrote experiments/results/stochastic/continuation_shards/v2/msd_K250_n20_step5_rep1_summary.csv
wrote experiments/results/stochastic/continuation_shards/v2/msd_K250_n20_step5_rep1_history.csv
END 2026-07-12T10:59:46+0800 status=0 msd_K250_n20_step5_rep1
