START 2026-07-12T10:59:59+0800 cvar_K250_n20_step5_rep2
<repo>/src/cumg/small_support.py:202: RuntimeWarning: divide by zero encountered in matmul
  expected_payoff_by_action = p @ payoff_by_action
<repo>/src/cumg/small_support.py:202: RuntimeWarning: overflow encountered in matmul
  expected_payoff_by_action = p @ payoff_by_action
<repo>/src/cumg/small_support.py:202: RuntimeWarning: invalid value encountered in matmul
  expected_payoff_by_action = p @ payoff_by_action
<repo>/src/cumg/small_support.py:232: RuntimeWarning: divide by zero encountered in matmul
  lambda q: cvar_value_from_state_payoffs(payoff_by_action @ q, p, gamma, alpha),
<repo>/src/cumg/small_support.py:232: RuntimeWarning: overflow encountered in matmul
  lambda q: cvar_value_from_state_payoffs(payoff_by_action @ q, p, gamma, alpha),
<repo>/src/cumg/small_support.py:232: RuntimeWarning: invalid value encountered in matmul
  lambda q: cvar_value_from_state_payoffs(payoff_by_action @ q, p, gamma, alpha),
continuation_kappa=0.1,0.03,0.01,0.003,0.001,0.0003,0.0001 continuation_tau=0.02,0.01,0.005,0.002,0.001,0.0005,0.0002 step=5 K=250 n= 20 rep= 0 cvar, full_batch: success=False eta=0.001838 resid=0.7075 time=2887.108s | cvar, minibatch: success=False eta=0.002017 resid=0.7072 time=3428.345s

Summary
-------

cvar
-------
full_batch: success_rate=0.000, median_time=2887s, median_eta=0.001838, median_residual=0.7075
 minibatch: success_rate=0.000, median_time=3428s, median_eta=0.002017, median_residual=0.7072
minibatch/full_batch median time ratio: 1.187
median eta difference, minibatch - full_batch: 0.0001782
median strategy L1 difference: x=0.06458, y=0.04803

wrote experiments/results/stochastic/continuation_shards/v2/cvar_K250_n20_step5_rep2_summary.csv
wrote experiments/results/stochastic/continuation_shards/v2/cvar_K250_n20_step5_rep2_history.csv
END 2026-07-12T12:45:17+0800 status=0 cvar_K250_n20_step5_rep2
