START 2026-07-12T10:11:40+0800 msd_K250_n20_step15_rep0
<repo>/src/cumg/small_support.py:161: RuntimeWarning: divide by zero encountered in matmul
  expected_payoff_by_action = p @ payoff_by_action
<repo>/src/cumg/small_support.py:161: RuntimeWarning: overflow encountered in matmul
  expected_payoff_by_action = p @ payoff_by_action
<repo>/src/cumg/small_support.py:161: RuntimeWarning: invalid value encountered in matmul
  expected_payoff_by_action = p @ payoff_by_action
<repo>/src/cumg/small_support.py:189: RuntimeWarning: divide by zero encountered in matmul
  lambda q: msd_value_from_state_payoffs(payoff_by_action @ q, p, gamma),
<repo>/src/cumg/small_support.py:189: RuntimeWarning: overflow encountered in matmul
  lambda q: msd_value_from_state_payoffs(payoff_by_action @ q, p, gamma),
<repo>/src/cumg/small_support.py:189: RuntimeWarning: invalid value encountered in matmul
  lambda q: msd_value_from_state_payoffs(payoff_by_action @ q, p, gamma),
continuation_kappa=0.1,0.03,0.01,0.003,0.001,0.0003,0.0001 continuation_tau=0.02,0.01,0.005,0.002,0.001,0.0005,0.0002 step=15 K=250 n= 20 rep= 0 msd, full_batch: success=False eta=0.001713 resid=0.02015 time=1491.269s | msd, minibatch: success=False eta=0.001726 resid=0.02002 time=1444.682s

Summary
-------

msd
-------
full_batch: success_rate=0.000, median_time=1491s, median_eta=0.001713, median_residual=0.02015
 minibatch: success_rate=0.000, median_time=1445s, median_eta=0.001726, median_residual=0.02002
minibatch/full_batch median time ratio: 0.9688
median eta difference, minibatch - full_batch: 1.357e-05
median strategy L1 difference: x=0.01259, y=0.01542

wrote experiments/results/stochastic/continuation_shards/v2/msd_K250_n20_step15_rep0_summary.csv
wrote experiments/results/stochastic/continuation_shards/v2/msd_K250_n20_step15_rep0_history.csv
END 2026-07-12T11:00:37+0800 status=0 msd_K250_n20_step15_rep0
