START 2026-07-12T03:25:03+0800 cvar_K100_n20_step2_rep1
<repo>/src/cumg/small_support.py:202: RuntimeWarning: divide by zero encountered in matmul
  expected_payoff_by_action = p @ payoff_by_action
<repo>/src/cumg/small_support.py:202: RuntimeWarning: overflow encountered in matmul
  expected_payoff_by_action = p @ payoff_by_action
<repo>/src/cumg/small_support.py:202: RuntimeWarning: invalid value encountered in matmul
  expected_payoff_by_action = p @ payoff_by_action
<repo>/src/cumg/small_support.py:232: RuntimeWarning: divide by zero encountered in matmul
  lambda q: cvar_value_from_state_payoffs(payoff_by_action @ q, p, gamma, alpha),
<repo>/src/cumg/small_support.py:232: RuntimeWarning: overflow encountered in matmul
  lambda q: cvar_value_from_state_payoffs(payoff_by_action @ q, p, gamma, alpha),
<repo>/src/cumg/small_support.py:232: RuntimeWarning: invalid value encountered in matmul
  lambda q: cvar_value_from_state_payoffs(payoff_by_action @ q, p, gamma, alpha),
continuation_kappa=0.1,0.03,0.01,0.003 continuation_tau=0.02,0.01,0.005,0.002 step=2 K=100 n= 20 rep= 0 cvar, full_batch: success=False eta=0.003573 resid=0.7086 time=1125.380s | cvar, minibatch: success=False eta=0.003045 resid=0.7092 time=1116.371s

Summary
-------

cvar
-------
full_batch: success_rate=0.000, median_time=1125s, median_eta=0.003573, median_residual=0.7086
 minibatch: success_rate=0.000, median_time=1116s, median_eta=0.003045, median_residual=0.7092
minibatch/full_batch median time ratio: 0.992
median eta difference, minibatch - full_batch: -0.0005283
median strategy L1 difference: x=0.07495, y=0.04855

wrote experiments/results/stochastic/continuation_shards/cvar_K100_n20_step2_rep1_summary.csv
wrote experiments/results/stochastic/continuation_shards/cvar_K100_n20_step2_rep1_history.csv
END 2026-07-12T04:02:26+0800 status=0 cvar_K100_n20_step2_rep1
