START 2026-07-12T04:40:05+0800 cvar_K250_n20_step4_rep2
/Users/gangwb/Work/Job_stuff/GameTheory/lcpSolver/src/cumg/small_support.py:202: RuntimeWarning: divide by zero encountered in matmul
  expected_payoff_by_action = p @ payoff_by_action
/Users/gangwb/Work/Job_stuff/GameTheory/lcpSolver/src/cumg/small_support.py:202: RuntimeWarning: overflow encountered in matmul
  expected_payoff_by_action = p @ payoff_by_action
/Users/gangwb/Work/Job_stuff/GameTheory/lcpSolver/src/cumg/small_support.py:202: RuntimeWarning: invalid value encountered in matmul
  expected_payoff_by_action = p @ payoff_by_action
/Users/gangwb/Work/Job_stuff/GameTheory/lcpSolver/src/cumg/small_support.py:232: RuntimeWarning: divide by zero encountered in matmul
  lambda q: cvar_value_from_state_payoffs(payoff_by_action @ q, p, gamma, alpha),
/Users/gangwb/Work/Job_stuff/GameTheory/lcpSolver/src/cumg/small_support.py:232: RuntimeWarning: overflow encountered in matmul
  lambda q: cvar_value_from_state_payoffs(payoff_by_action @ q, p, gamma, alpha),
/Users/gangwb/Work/Job_stuff/GameTheory/lcpSolver/src/cumg/small_support.py:232: RuntimeWarning: invalid value encountered in matmul
  lambda q: cvar_value_from_state_payoffs(payoff_by_action @ q, p, gamma, alpha),
continuation_kappa=0.1,0.03,0.01,0.003 continuation_tau=0.02,0.01,0.005,0.002 step=4 K=250 n= 20 rep= 0 cvar, full_batch: success=False eta=0.001929 resid=0.7075 time=1130.867s | cvar, minibatch: success=False eta=0.002078 resid=0.7072 time=1147.072s

Summary
-------

cvar
-------
full_batch: success_rate=0.000, median_time=1131s, median_eta=0.001929, median_residual=0.7075
 minibatch: success_rate=0.000, median_time=1147s, median_eta=0.002078, median_residual=0.7072
minibatch/full_batch median time ratio: 1.014
median eta difference, minibatch - full_batch: 0.0001486
median strategy L1 difference: x=0.06027, y=0.018

wrote experiments/results/stochastic/continuation_shards/cvar_K250_n20_step4_rep2_summary.csv
wrote experiments/results/stochastic/continuation_shards/cvar_K250_n20_step4_rep2_history.csv
END 2026-07-12T05:18:05+0800 status=0 cvar_K250_n20_step4_rep2
