START 2026-07-12T03:42:24+0800 cvar_K100_n20_step4_rep0
/Users/gangwb/Work/Job_stuff/GameTheory/lcpSolver/src/cumg/small_support.py:202: RuntimeWarning: divide by zero encountered in matmul
  expected_payoff_by_action = p @ payoff_by_action
/Users/gangwb/Work/Job_stuff/GameTheory/lcpSolver/src/cumg/small_support.py:202: RuntimeWarning: overflow encountered in matmul
  expected_payoff_by_action = p @ payoff_by_action
/Users/gangwb/Work/Job_stuff/GameTheory/lcpSolver/src/cumg/small_support.py:202: RuntimeWarning: invalid value encountered in matmul
  expected_payoff_by_action = p @ payoff_by_action
/Users/gangwb/Work/Job_stuff/GameTheory/lcpSolver/src/cumg/small_support.py:232: RuntimeWarning: divide by zero encountered in matmul
  lambda q: cvar_value_from_state_payoffs(payoff_by_action @ q, p, gamma, alpha),
/Users/gangwb/Work/Job_stuff/GameTheory/lcpSolver/src/cumg/small_support.py:232: RuntimeWarning: overflow encountered in matmul
  lambda q: cvar_value_from_state_payoffs(payoff_by_action @ q, p, gamma, alpha),
/Users/gangwb/Work/Job_stuff/GameTheory/lcpSolver/src/cumg/small_support.py:232: RuntimeWarning: invalid value encountered in matmul
  lambda q: cvar_value_from_state_payoffs(payoff_by_action @ q, p, gamma, alpha),
continuation_kappa=0.1,0.03,0.01,0.003 continuation_tau=0.02,0.01,0.005,0.002 step=4 K=100 n= 20 rep= 0 cvar, full_batch: success=False eta=0.002894 resid=0.7091 time=1118.461s | cvar, minibatch: success=False eta=0.003333 resid=0.7084 time=1126.617s

Summary
-------

cvar
-------
full_batch: success_rate=0.000, median_time=1118s, median_eta=0.002894, median_residual=0.7091
 minibatch: success_rate=0.000, median_time=1127s, median_eta=0.003333, median_residual=0.7084
minibatch/full_batch median time ratio: 1.007
median eta difference, minibatch - full_batch: 0.000438
median strategy L1 difference: x=0.04192, y=0.08152

wrote experiments/results/stochastic/continuation_shards/cvar_K100_n20_step4_rep0_summary.csv
wrote experiments/results/stochastic/continuation_shards/cvar_K100_n20_step4_rep0_history.csv
END 2026-07-12T04:19:51+0800 status=0 cvar_K100_n20_step4_rep0
