START 2026-07-12T04:02:26+0800 cvar_K100_n20_step10_rep1
<repo>/src/cumg/small_support.py:202: RuntimeWarning: divide by zero encountered in matmul
  expected_payoff_by_action = p @ payoff_by_action
<repo>/src/cumg/small_support.py:202: RuntimeWarning: overflow encountered in matmul
  expected_payoff_by_action = p @ payoff_by_action
<repo>/src/cumg/small_support.py:202: RuntimeWarning: invalid value encountered in matmul
  expected_payoff_by_action = p @ payoff_by_action
<repo>/src/cumg/small_support.py:232: RuntimeWarning: divide by zero encountered in matmul
  lambda q: cvar_value_from_state_payoffs(payoff_by_action @ q, p, gamma, alpha),
<repo>/src/cumg/small_support.py:232: RuntimeWarning: overflow encountered in matmul
  lambda q: cvar_value_from_state_payoffs(payoff_by_action @ q, p, gamma, alpha),
<repo>/src/cumg/small_support.py:232: RuntimeWarning: invalid value encountered in matmul
  lambda q: cvar_value_from_state_payoffs(payoff_by_action @ q, p, gamma, alpha),
continuation_kappa=0.1,0.03,0.01,0.003 continuation_tau=0.02,0.01,0.005,0.002 step=10 K=100 n= 20 rep= 0 cvar, full_batch: success=False eta=0.0035 resid=0.7084 time=1133.484s | cvar, minibatch: success=False eta=0.002053 resid=0.7088 time=1120.477s

Summary
-------

cvar
-------
full_batch: success_rate=0.000, median_time=1133s, median_eta=0.0035, median_residual=0.7084
 minibatch: success_rate=0.000, median_time=1120s, median_eta=0.002053, median_residual=0.7088
minibatch/full_batch median time ratio: 0.9885
median eta difference, minibatch - full_batch: -0.001448
median strategy L1 difference: x=0.1745, y=0.1631

wrote experiments/results/stochastic/continuation_shards/cvar_K100_n20_step10_rep1_summary.csv
wrote experiments/results/stochastic/continuation_shards/cvar_K100_n20_step10_rep1_history.csv
END 2026-07-12T04:40:02+0800 status=0 cvar_K100_n20_step10_rep1
