START 2026-07-12T04:40:02+0800 cvar_K250_n20_step4_rep1
<repo>/src/cumg/small_support.py:202: RuntimeWarning: divide by zero encountered in matmul
  expected_payoff_by_action = p @ payoff_by_action
<repo>/src/cumg/small_support.py:202: RuntimeWarning: overflow encountered in matmul
  expected_payoff_by_action = p @ payoff_by_action
<repo>/src/cumg/small_support.py:202: RuntimeWarning: invalid value encountered in matmul
  expected_payoff_by_action = p @ payoff_by_action
<repo>/src/cumg/small_support.py:232: RuntimeWarning: divide by zero encountered in matmul
  lambda q: cvar_value_from_state_payoffs(payoff_by_action @ q, p, gamma, alpha),
<repo>/src/cumg/small_support.py:232: RuntimeWarning: overflow encountered in matmul
  lambda q: cvar_value_from_state_payoffs(payoff_by_action @ q, p, gamma, alpha),
<repo>/src/cumg/small_support.py:232: RuntimeWarning: invalid value encountered in matmul
  lambda q: cvar_value_from_state_payoffs(payoff_by_action @ q, p, gamma, alpha),
continuation_kappa=0.1,0.03,0.01,0.003 continuation_tau=0.02,0.01,0.005,0.002 step=4 K=250 n= 20 rep= 0 cvar, full_batch: success=False eta=0.001658 resid=0.7078 time=1131.872s | cvar, minibatch: success=False eta=0.002246 resid=0.7075 time=1145.715s

Summary
-------

cvar
-------
full_batch: success_rate=0.000, median_time=1132s, median_eta=0.001658, median_residual=0.7078
 minibatch: success_rate=0.000, median_time=1146s, median_eta=0.002246, median_residual=0.7075
minibatch/full_batch median time ratio: 1.012
median eta difference, minibatch - full_batch: 0.0005887
median strategy L1 difference: x=0.08424, y=0.05654

wrote experiments/results/stochastic/continuation_shards/cvar_K250_n20_step4_rep1_summary.csv
wrote experiments/results/stochastic/continuation_shards/cvar_K250_n20_step4_rep1_history.csv
END 2026-07-12T05:18:01+0800 status=0 cvar_K250_n20_step4_rep1
