START 2026-07-12T02:26:32+0800 msd_K250_n20_step10_rep0
<repo>/src/cumg/small_support.py:161: RuntimeWarning: divide by zero encountered in matmul
  expected_payoff_by_action = p @ payoff_by_action
<repo>/src/cumg/small_support.py:161: RuntimeWarning: overflow encountered in matmul
  expected_payoff_by_action = p @ payoff_by_action
<repo>/src/cumg/small_support.py:161: RuntimeWarning: invalid value encountered in matmul
  expected_payoff_by_action = p @ payoff_by_action
<repo>/src/cumg/small_support.py:189: RuntimeWarning: divide by zero encountered in matmul
  lambda q: msd_value_from_state_payoffs(payoff_by_action @ q, p, gamma),
<repo>/src/cumg/small_support.py:189: RuntimeWarning: overflow encountered in matmul
  lambda q: msd_value_from_state_payoffs(payoff_by_action @ q, p, gamma),
<repo>/src/cumg/small_support.py:189: RuntimeWarning: invalid value encountered in matmul
  lambda q: msd_value_from_state_payoffs(payoff_by_action @ q, p, gamma),
continuation_kappa=0.1,0.03,0.01,0.003 continuation_tau=0.02,0.01,0.005,0.002 step=10 K=250 n= 20 rep= 0 msd, full_batch: success=False eta=0.001964 resid=0.02004 time=622.478s | msd, minibatch: success=False eta=0.001966 resid=0.02006 time=615.856s

Summary
-------

msd
-------
full_batch: success_rate=0.000, median_time=622.5s, median_eta=0.001964, median_residual=0.02004
 minibatch: success_rate=0.000, median_time=615.9s, median_eta=0.001966, median_residual=0.02006
minibatch/full_batch median time ratio: 0.9894
median eta difference, minibatch - full_batch: 1.943e-06
median strategy L1 difference: x=0.004154, y=0.004066

wrote experiments/results/stochastic/continuation_shards/msd_K250_n20_step10_rep0_summary.csv
wrote experiments/results/stochastic/continuation_shards/msd_K250_n20_step10_rep0_history.csv
END 2026-07-12T02:47:12+0800 status=0 msd_K250_n20_step10_rep0
