START 2026-07-12T02:26:58+0800 msd_K250_n20_step10_rep2
<repo>/src/cumg/small_support.py:161: RuntimeWarning: divide by zero encountered in matmul
  expected_payoff_by_action = p @ payoff_by_action
<repo>/src/cumg/small_support.py:161: RuntimeWarning: overflow encountered in matmul
  expected_payoff_by_action = p @ payoff_by_action
<repo>/src/cumg/small_support.py:161: RuntimeWarning: invalid value encountered in matmul
  expected_payoff_by_action = p @ payoff_by_action
<repo>/src/cumg/small_support.py:189: RuntimeWarning: divide by zero encountered in matmul
  lambda q: msd_value_from_state_payoffs(payoff_by_action @ q, p, gamma),
<repo>/src/cumg/small_support.py:189: RuntimeWarning: overflow encountered in matmul
  lambda q: msd_value_from_state_payoffs(payoff_by_action @ q, p, gamma),
<repo>/src/cumg/small_support.py:189: RuntimeWarning: invalid value encountered in matmul
  lambda q: msd_value_from_state_payoffs(payoff_by_action @ q, p, gamma),
continuation_kappa=0.1,0.03,0.01,0.003 continuation_tau=0.02,0.01,0.005,0.002 step=10 K=250 n= 20 rep= 0 msd, full_batch: success=False eta=0.002141 resid=0.01832 time=625.644s | msd, minibatch: success=False eta=0.002144 resid=0.01833 time=610.040s

Summary
-------

msd
-------
full_batch: success_rate=0.000, median_time=625.6s, median_eta=0.002141, median_residual=0.01832
 minibatch: success_rate=0.000, median_time=610s, median_eta=0.002144, median_residual=0.01833
minibatch/full_batch median time ratio: 0.9751
median eta difference, minibatch - full_batch: 3.219e-06
median strategy L1 difference: x=0.003137, y=0.005238

wrote experiments/results/stochastic/continuation_shards/msd_K250_n20_step10_rep2_summary.csv
wrote experiments/results/stochastic/continuation_shards/msd_K250_n20_step10_rep2_history.csv
END 2026-07-12T02:47:35+0800 status=0 msd_K250_n20_step10_rep2
