START 2026-07-12T01:47:32+0800 msd_K100_n20_step4_rep0
<repo>/src/cumg/small_support.py:161: RuntimeWarning: divide by zero encountered in matmul
  expected_payoff_by_action = p @ payoff_by_action
<repo>/src/cumg/small_support.py:161: RuntimeWarning: overflow encountered in matmul
  expected_payoff_by_action = p @ payoff_by_action
<repo>/src/cumg/small_support.py:161: RuntimeWarning: invalid value encountered in matmul
  expected_payoff_by_action = p @ payoff_by_action
<repo>/src/cumg/small_support.py:189: RuntimeWarning: divide by zero encountered in matmul
  lambda q: msd_value_from_state_payoffs(payoff_by_action @ q, p, gamma),
<repo>/src/cumg/small_support.py:189: RuntimeWarning: overflow encountered in matmul
  lambda q: msd_value_from_state_payoffs(payoff_by_action @ q, p, gamma),
<repo>/src/cumg/small_support.py:189: RuntimeWarning: invalid value encountered in matmul
  lambda q: msd_value_from_state_payoffs(payoff_by_action @ q, p, gamma),
continuation_kappa=0.1,0.03,0.01,0.003 continuation_tau=0.02,0.01,0.005,0.002 step=4 K=100 n= 20 rep= 0 msd, full_batch: success=False eta=0.007661 resid=0.03666 time=536.557s | msd, minibatch: success=False eta=0.007652 resid=0.03667 time=586.763s

Summary
-------

msd
-------
full_batch: success_rate=0.000, median_time=536.6s, median_eta=0.007661, median_residual=0.03666
 minibatch: success_rate=0.000, median_time=586.8s, median_eta=0.007652, median_residual=0.03667
minibatch/full_batch median time ratio: 1.094
median eta difference, minibatch - full_batch: -9.088e-06
median strategy L1 difference: x=0.003052, y=0.002408

wrote experiments/results/stochastic/continuation_shards/msd_K100_n20_step4_rep0_summary.csv
wrote experiments/results/stochastic/continuation_shards/msd_K100_n20_step4_rep0_history.csv
END 2026-07-12T02:06:17+0800 status=0 msd_K100_n20_step4_rep0
