START 2026-07-12T01:30:57+0800 msd_K100_n20_step2_rep2
<repo>/src/cumg/small_support.py:161: RuntimeWarning: divide by zero encountered in matmul
  expected_payoff_by_action = p @ payoff_by_action
<repo>/src/cumg/small_support.py:161: RuntimeWarning: overflow encountered in matmul
  expected_payoff_by_action = p @ payoff_by_action
<repo>/src/cumg/small_support.py:161: RuntimeWarning: invalid value encountered in matmul
  expected_payoff_by_action = p @ payoff_by_action
<repo>/src/cumg/small_support.py:189: RuntimeWarning: divide by zero encountered in matmul
  lambda q: msd_value_from_state_payoffs(payoff_by_action @ q, p, gamma),
<repo>/src/cumg/small_support.py:189: RuntimeWarning: overflow encountered in matmul
  lambda q: msd_value_from_state_payoffs(payoff_by_action @ q, p, gamma),
<repo>/src/cumg/small_support.py:189: RuntimeWarning: invalid value encountered in matmul
  lambda q: msd_value_from_state_payoffs(payoff_by_action @ q, p, gamma),
continuation_kappa=0.1,0.03,0.01,0.003 continuation_tau=0.02,0.01,0.005,0.002 step=2 K=100 n= 20 rep= 0 msd, full_batch: success=False eta=0.005587 resid=0.03319 time=503.740s | msd, minibatch: success=False eta=0.005581 resid=0.03315 time=516.319s

Summary
-------

msd
-------
full_batch: success_rate=0.000, median_time=503.7s, median_eta=0.005587, median_residual=0.03319
 minibatch: success_rate=0.000, median_time=516.3s, median_eta=0.005581, median_residual=0.03315
minibatch/full_batch median time ratio: 1.025
median eta difference, minibatch - full_batch: -6.181e-06
median strategy L1 difference: x=0.002341, y=0.002411

wrote experiments/results/stochastic/continuation_shards/msd_K100_n20_step2_rep2_summary.csv
wrote experiments/results/stochastic/continuation_shards/msd_K100_n20_step2_rep2_history.csv
END 2026-07-12T01:47:58+0800 status=0 msd_K100_n20_step2_rep2
