START 2026-07-12T01:30:55+0800 msd_K100_n20_step2_rep1
<repo>/src/cumg/small_support.py:161: RuntimeWarning: divide by zero encountered in matmul
  expected_payoff_by_action = p @ payoff_by_action
<repo>/src/cumg/small_support.py:161: RuntimeWarning: overflow encountered in matmul
  expected_payoff_by_action = p @ payoff_by_action
<repo>/src/cumg/small_support.py:161: RuntimeWarning: invalid value encountered in matmul
  expected_payoff_by_action = p @ payoff_by_action
<repo>/src/cumg/small_support.py:189: RuntimeWarning: divide by zero encountered in matmul
  lambda q: msd_value_from_state_payoffs(payoff_by_action @ q, p, gamma),
<repo>/src/cumg/small_support.py:189: RuntimeWarning: overflow encountered in matmul
  lambda q: msd_value_from_state_payoffs(payoff_by_action @ q, p, gamma),
<repo>/src/cumg/small_support.py:189: RuntimeWarning: invalid value encountered in matmul
  lambda q: msd_value_from_state_payoffs(payoff_by_action @ q, p, gamma),
continuation_kappa=0.1,0.03,0.01,0.003 continuation_tau=0.02,0.01,0.005,0.002 step=2 K=100 n= 20 rep= 0 msd, full_batch: success=False eta=0.00437 resid=0.03004 time=509.102s | msd, minibatch: success=False eta=0.004374 resid=0.03009 time=526.515s

Summary
-------

msd
-------
full_batch: success_rate=0.000, median_time=509.1s, median_eta=0.00437, median_residual=0.03004
 minibatch: success_rate=0.000, median_time=526.5s, median_eta=0.004374, median_residual=0.03009
minibatch/full_batch median time ratio: 1.034
median eta difference, minibatch - full_batch: 3.965e-06
median strategy L1 difference: x=0.001549, y=0.002012

wrote experiments/results/stochastic/continuation_shards/msd_K100_n20_step2_rep1_summary.csv
wrote experiments/results/stochastic/continuation_shards/msd_K100_n20_step2_rep1_history.csv
END 2026-07-12T01:48:12+0800 status=0 msd_K100_n20_step2_rep1
