START 2026-07-12T02:06:27+0800 msd_K250_n20_step2_rep1
<repo>/src/cumg/small_support.py:161: RuntimeWarning: divide by zero encountered in matmul
  expected_payoff_by_action = p @ payoff_by_action
<repo>/src/cumg/small_support.py:161: RuntimeWarning: overflow encountered in matmul
  expected_payoff_by_action = p @ payoff_by_action
<repo>/src/cumg/small_support.py:161: RuntimeWarning: invalid value encountered in matmul
  expected_payoff_by_action = p @ payoff_by_action
<repo>/src/cumg/small_support.py:189: RuntimeWarning: divide by zero encountered in matmul
  lambda q: msd_value_from_state_payoffs(payoff_by_action @ q, p, gamma),
<repo>/src/cumg/small_support.py:189: RuntimeWarning: overflow encountered in matmul
  lambda q: msd_value_from_state_payoffs(payoff_by_action @ q, p, gamma),
<repo>/src/cumg/small_support.py:189: RuntimeWarning: invalid value encountered in matmul
  lambda q: msd_value_from_state_payoffs(payoff_by_action @ q, p, gamma),
continuation_kappa=0.1,0.03,0.01,0.003 continuation_tau=0.02,0.01,0.005,0.002 step=2 K=250 n= 20 rep= 0 msd, full_batch: success=False eta=0.003948 resid=0.02525 time=614.065s | msd, minibatch: success=False eta=0.003944 resid=0.02523 time=611.417s

Summary
-------

msd
-------
full_batch: success_rate=0.000, median_time=614.1s, median_eta=0.003948, median_residual=0.02525
 minibatch: success_rate=0.000, median_time=611.4s, median_eta=0.003944, median_residual=0.02523
minibatch/full_batch median time ratio: 0.9957
median eta difference, minibatch - full_batch: -3.808e-06
median strategy L1 difference: x=0.0009392, y=0.001956

wrote experiments/results/stochastic/continuation_shards/msd_K250_n20_step2_rep1_summary.csv
wrote experiments/results/stochastic/continuation_shards/msd_K250_n20_step2_rep1_history.csv
END 2026-07-12T02:26:54+0800 status=0 msd_K250_n20_step2_rep1
