START 2026-07-12T02:06:55+0800 msd_K250_n20_step4_rep0
/Users/gangwb/Work/Job_stuff/GameTheory/lcpSolver/src/cumg/small_support.py:161: RuntimeWarning: divide by zero encountered in matmul
  expected_payoff_by_action = p @ payoff_by_action
/Users/gangwb/Work/Job_stuff/GameTheory/lcpSolver/src/cumg/small_support.py:161: RuntimeWarning: overflow encountered in matmul
  expected_payoff_by_action = p @ payoff_by_action
/Users/gangwb/Work/Job_stuff/GameTheory/lcpSolver/src/cumg/small_support.py:161: RuntimeWarning: invalid value encountered in matmul
  expected_payoff_by_action = p @ payoff_by_action
/Users/gangwb/Work/Job_stuff/GameTheory/lcpSolver/src/cumg/small_support.py:189: RuntimeWarning: divide by zero encountered in matmul
  lambda q: msd_value_from_state_payoffs(payoff_by_action @ q, p, gamma),
/Users/gangwb/Work/Job_stuff/GameTheory/lcpSolver/src/cumg/small_support.py:189: RuntimeWarning: overflow encountered in matmul
  lambda q: msd_value_from_state_payoffs(payoff_by_action @ q, p, gamma),
/Users/gangwb/Work/Job_stuff/GameTheory/lcpSolver/src/cumg/small_support.py:189: RuntimeWarning: invalid value encountered in matmul
  lambda q: msd_value_from_state_payoffs(payoff_by_action @ q, p, gamma),
continuation_kappa=0.1,0.03,0.01,0.003 continuation_tau=0.02,0.01,0.005,0.002 step=4 K=250 n= 20 rep= 0 msd, full_batch: success=False eta=0.002125 resid=0.0214 time=628.984s | msd, minibatch: success=False eta=0.002126 resid=0.02142 time=616.204s

Summary
-------

msd
-------
full_batch: success_rate=0.000, median_time=629s, median_eta=0.002125, median_residual=0.0214
 minibatch: success_rate=0.000, median_time=616.2s, median_eta=0.002126, median_residual=0.02142
minibatch/full_batch median time ratio: 0.9797
median eta difference, minibatch - full_batch: 1.895e-06
median strategy L1 difference: x=0.002359, y=0.002404

wrote experiments/results/stochastic/continuation_shards/msd_K250_n20_step4_rep0_summary.csv
wrote experiments/results/stochastic/continuation_shards/msd_K250_n20_step4_rep0_history.csv
END 2026-07-12T02:27:42+0800 status=0 msd_K250_n20_step4_rep0
