START 2026-07-07T06:21:59+00:00 risk=msd K=500 n=5
ERROR: Solver (asl) returned non-zero return code (255)
ERROR: Solver log: Path 5.0.05: major_iteration_limit=50000000
minor_iteration_limit=50000000 cumulative_iteration_limit=100000000
time_limit=300 nms_memory_size=50 restart_limit=100
convergence_tolerance=1e-08 1000 side inequalities:
            1000 simple bounds, 0 range bounds, 0 single inequality
            constraints, and 0 range constraints.
    Path 5.0.05 (Tue Jul  6 14:56:30 2021) Written by Todd Munson, Steven
    Dirkse, Youngdae Kim, and Michael Ferris


    INITIAL POINT STATISTICS Maximum of X. . . . . . . . . .  2.0000e-01 var:
    (_svar[1]) Maximum of F. . . . . . . . . .  5.1311e-01 eqn: (_scon[1020])
    Maximum of Grad F . . . . . . .  1.0000e+00 eqn: (_scon[2021])
                                                var: (_svar[1])

    INITIAL JACOBIAN NORM STATISTICS Maximum Row Norm. . . . . . . .
    5.9778e+01 eqn: (_scon[1014]) Minimum Row Norm. . . . . . . .  1.0000e+00
    eqn: (_scon[1]) Maximum Column Norm . . . . . .  1.1146e+02 var:
    (_svar[3]) Minimum Column Norm . . . . . .  1.0000e+00 var: (_svar[2024])

    Crash Log major  func  diff  size  residual    step       prox   (label)
        0     0             2.4000e+00             0.0e+00 (_scon[1020])
    pn_search terminated: no progress.

    Major Iteration Log major minor  func  grad  residual    step  type prox
    inorm  (label)
        0     0    13     1 2.4000e+00           I 0.0e+00 5.1e-01
        (_scon[1020])

    Minor Iteration Log minor      t          z     w     v   art ckpts  enter
    leave
      500  8.3220e-08  5546   475     0     0     9 w[ 2786] z[  392]
     1000  3.3390e-07  5119   902     0     0    19 z[  299] w[ 2600] 1500
     3.0233e-05  5031   990     0     0    29 z[  180] w[ 2362] 2000
     6.3175e-05  5004  1017     0     0    39 w[ 2956] z[ 2968]

    Minor Iteration Log minor      t          z     w     v   art ckpts  enter
    leave
      500  6.1343e-08  3509  1512  1000     0     9 z[   36] w[ 2074]
     1000  1.8633e-07  3875  1146  1000     0    19 z[  280] w[ 2562] 1500
     3.1091e-07  3957  1064  1000     0    29 z[  160] w[ 2322] 2000
     4.4910e-07  3999  1022  1000     0    39 z[  523] w[ 4048] 2500
     5.5368e-07  4015  1006  1000     0    49 z[  139] w[ 2280] 3000
     6.9801e-07  4009  1012  1000     0    58 z[  900] w[ 4802] 3500
     8.2533e-07  4019  1002  1000     0    68 z[  341] w[ 2684] 4000
     1.0904e-06  4002  1019  1000     0    78 w[ 2336] z[  167] 4500
     1.3239e-06  4007  1014  1000     0    88 z[  371] w[ 2744] 5000
     2.5012e-05  3988  1033  1000     0    98 w[  444] z[ 4052] 5500
     1.3325e-04  4018  1003  1000     0   107 z[ 4802] z[ 2152]

    Major Iteration Log major minor  func  grad  residual    step  type prox
    inorm  (label)
        1  5956    14     2 1.4146e+00  1.0e+00 CO 0.0e+00 1.0e+00
        (_scon[2021]) 2    27    15     3 9.0960e+00  1.0e+00 SO 0.0e+00
        5.3e-01 (_scon[1711])

    Minor Iteration Log minor      t          z     w     v   art ckpts  enter
    leave
      500  7.7023e-07  3846  1091  1084     0     8 z[  250] z[  250]

    Major Iteration Log major minor  func  grad  residual    step  type prox
    inorm  (label)
        3   836    16     4 9.0960e+00  1.0e+00 CO 0.0e+00 5.3e-01
        (_scon[1711])

    Minor Iteration Log minor      t          z     w     v   art ckpts  enter
    leave
      500 -5.1660e-08  3600  1238  1183     0     7 z[  637] z[  637]
     1000 -9.4379e-08  3430  1293  1298     0    13 z[  798] z[  798] 1500
     -1.9525e+01  3227  1384  1410     0    20 v[  310] w[  994]

    Major Iteration Log major minor  func  grad  residual    step  type prox
    inorm  (label)
        4  1529    17     5 9.0960e+00  1.0e+00 RO 0.0e+00 5.3e-01
        (_scon[1711]) 5   260    18     6 9.0960e+00  1.0e+00 CO 0.0e+00
        5.3e-01 (_scon[1711]) 6   470    19     7 9.0409e+00  1.0e+00 CO
        0.0e+00 5.2e-01 (_scon[1711])

    Minor Iteration Log minor      t          z     w     v   art ckpts  enter
    leave
      500  7.1024e-02  4599  1002   401    19     9 z[  950] z[  950]

    Major Iteration Log major minor  func  grad  residual    step  type prox
    inorm  (label)
        7   516    20     8 8.1082e+00  1.0e+00 CO 0.0e+00 4.7e-01
        (_scon[1711])

    Minor Iteration Log minor      t          z     w     v   art ckpts  enter
    leave
      500  2.2804e-08  3509  1512  1000     0     9 z[ 1005] w[ 5012]
     1000  7.7629e-08  3907  1114  1000     0    19 z[  610] w[ 4222] 1500
     1.3996e-07  3997  1024  1000     0    29 z[  365] w[ 2732] 2000
     1.9953e-07  4031   990  1000     0    39 z[  748] w[ 4498] 2500
     2.4207e-07  3988  1033  1000     0    49 w[ 2766] z[  382] 3000
     3.2814e-07  4005  1016  1000     0    58 z[  267] w[ 2536] 3500
     3.8335e-07  4009  1012  1000     0    68 z[  447] w[ 2896] 4000
     4.3807e-07  3980  1041  1000     0    78 w[ 4152] z[  575] 4500
     5.2519e-07  3998  1023  1000     0    88 w[ 2908] z[  453] 5000
     5.6979e-07  3998  1023  1000     0    98 w[ 2936] z[  467] 5500
     7.1148e-07  4016  1005  1000     0   107 w[ 4154] z[  576] 6000
     5.9271e-06  3992  1029  1000     0   117 w[ 2938] z[  468] 6500
     7.9462e-05  4012  1009  1000     0   127 w[  225] z[ 4606] 7000
     7.0011e-03  4033   988  1000     0   137 z[ 4950] w[  120]

    Major Iteration Log major minor  func  grad  residual    step  type prox
    inorm  (label)
        8  7013    21     9 1.3716e+00  1.0e+00 SO 0.0e+00 1.2e-01
        (_scon[1553]) 9   110    22    10 1.3158e+00  1.0e+00 CO 0.0e+00
        1.2e-01 (_scon[1553])
       10    37    23    11 1.3158e+00  1.0e+00 CO 0.0e+00 1.2e-01
       (_scon[1553])

    Minor Iteration Log minor      t          z     w     v   art ckpts  enter
    leave
      500  2.0991e-01  3995  1005  1021     0     9 w[  817] z[  530]

    Major Iteration Log major minor  func  grad  residual    step  type prox
    inorm  (label)
       11   623    24    12 1.0522e+00  1.0e+00 CO 0.0e+00 9.3e-02
       (_scon[1553]) 12    51    25    13 1.0522e+00  1.0e+00 CO 0.0e+00
       9.3e-02 (_scon[1553]) 13   128    26    14 1.0522e+00  1.0e+00 CO
       0.0e+00 9.3e-02 (_scon[1553])

    Minor Iteration Log minor      t          z     w     v   art ckpts  enter
    leave
      500  4.1694e-08  3509  1512  1000     0     9 z[  342] w[ 2686]
     1000  1.1869e-07  3867  1154  1000     0    19 z[  311] w[ 2624] 1500
     2.2547e-07  4010  1011  1000     0    29 w[ 2160] z[   79] 2000
     3.3156e-07  3991  1030  1000     0    39 z[  417] w[ 2836] 2500
     3.9191e-07  4040   981  1000     0    49 w[ 2622] z[  310] 3000
     4.7302e-07  4026   995  1000     0    58 w[ 4452] z[  725] 3500
     5.8293e-07  4011  1010  1000     0    68 z[  909] w[ 4820] 4000
     6.8847e-07  4009  1012  1000     0    78 z[  372] w[ 2746] 4500
     7.5147e-07  3981  1040  1000     0    88 z[  707] w[ 4416] 5000
     1.0769e-06  4001  1020  1000     0    98 z[  885] w[ 4772] 5500
     4.6673e-06  4030   991  1000     0   107 w[ 2124] z[   61] 6000
     2.1739e-05  4020  1001  1000     0   117 z[ 4716] z[ 2430] 6500
     3.1369e-04  3999  1022  1000     0   127 z[ 2984] w[  816]

    Major Iteration Log major minor  func  grad  residual    step  type prox
    inorm  (label)
       14  6826    35    15 7.9019e-01  2.8e-02 CG 0.0e+00 7.4e-02
       (_scon[1558])

    Minor Iteration Log minor      t          z     w     v   art ckpts  enter
    leave
      500  5.7330e-12  3954   882  1056   129     9 z[  331] z[  266]

    Major Iteration Log major minor  func  grad  residual    step  type prox
    inorm  (label)
       15   747    36    16 7.9018e-01  1.0e+00 CO 0.0e+00 7.4e-02
       (_scon[1558]) 16   214    37    17 7.9018e-01  1.0e+00 CO 0.0e+00
       7.4e-02 (_scon[1558]) 17    94    38    18 7.9018e-01  1.0e+00 CO
       0.0e+00 7.4e-02 (_scon[1558]) 18   169    39    19 7.9018e-01  1.0e+00
       CO 0.0e+00 7.4e-02 (_scon[1558])

    Minor Iteration Log minor      t          z     w     v   art ckpts  enter
    leave
      500  4.4394e-08  3509  1512  1000     0     9 z[  274] w[ 2550]
     1000  1.2444e-07  3871  1150  1000     0    19 z[  636] w[ 4274] 1500
     2.4667e-07  3994  1027  1000     0    29 w[ 4250] z[  624] 2000
     3.6206e-07  3999  1022  1000     0    39 z[  483] w[ 2968] 2500
     4.2183e-07  3980  1041  1000     0    49 w[ 4676] z[  837] 3000
     5.5557e-07  4030   991  1000     0    58 w[ 2038] z[   18] 3500
     6.4806e-07  4060   961  1000     0    68 w[ 4846] z[  922] 4000
     7.6283e-07  3984  1037  1000     0    78 w[ 4458] z[  728] 4500
     8.2591e-07  4005  1016  1000     0    88 z[  147] w[ 2296] 5000
     1.5523e-06  4018  1003  1000     0    98 w[ 4834] z[  916] 5500
     1.6369e-05  3988  1033  1000     0   107 w[  994] z[ 2668] 6000
     6.4287e-05  4037   984  1000     0   117 w[ 2930] w[ 2560] 6500
     2.2542e-04  4036   985  1000     0   127 z[ 4656] z[ 4524]

    Major Iteration Log major minor  func  grad  residual    step  type prox
    inorm  (label)
       19  6863    40    20 1.4146e+00  1.0e+00 CM 0.0e+00 1.0e+00
       (_scon[2021]) 20    15    41    21 9.0960e+00  1.0e+00 SO 0.0e+00
       5.3e-01 (_scon[1711])

    Minor Iteration Log minor      t          z     w     v   art ckpts  enter
    leave
      500 -2.2656e-08  3784  1145  1090     2     7 z[  976] z[  976]
     1000  2.1008e-08  3730  1126  1164     1    12 z[  146] z[  146] 1500
     -1.3822e-08  3680  1204  1137     0    19 z[  323] z[  323] 2000
     -4.6551e-08  3618  1207  1196     0    24 z[  773] z[  773] 2500
     -1.1206e-07  3404  1300  1317     0    31 w[ 4164] z[  581]

    Major Iteration Log major minor  func  grad  residual    step  type prox
    inorm  (label)
       21  2811    42    22 9.0960e+00  1.0e+00 RO 0.0e+00 5.3e-01
       (_scon[1711]) 22   350    43    23 9.0960e+00  1.0e+00 CO 0.0e+00
       5.3e-01 (_scon[1711])

    Minor Iteration Log minor      t          z     w     v   art ckpts  enter
    leave
      500 -1.0035e-07  3636  1213  1172     0     5 z[  976] z[  976]
     1000 -1.4308e-07  3480  1261  1280     0    11 z[  618] z[  618] 1500
     -4.8568e-08  3291  1332  1398     0    18 v[  486] w[  908] 2000
     -9.3040e-09  3283  1331  1407     0    23 v[  688] v[  906]

    Major Iteration Log major minor  func  grad  residual    step  type prox
    inorm  (label)
       23  2097    44    24 9.0960e+00  1.0e+00 CO 0.0e+00 5.3e-01
       (_scon[1711])

    Minor Iteration Log minor      t          z     w     v   art ckpts  enter
    leave
      500 -4.8097e-08  3582  1205  1234     0     8 z[  355] z[  343]

    Major Iteration Log major minor  func  grad  residual    step  type prox
    inorm  (label)
       24   528    45    25 9.0960e+00  1.0e+00 CO 0.0e+00 5.3e-01
       (_scon[1711])

    Minor Iteration Log minor      t          z     w     v   art ckpts  enter
    leave
      500 -2.9536e-07  4607  1023   357    34     9 z[  198] a[ 1173]
     1000  2.5469e-06  4545  1079   378    19    18 w[  598] w[  707] 1500
     -3.0937e-07  4484  1134   389    14    26 w[ 4734] z[  866]

    Major Iteration Log major minor  func  grad  residual    step  type prox
    inorm  (label)
       25  1617    46    26 9.0959e+00  1.0e+00 CO 0.0e+00 5.3e-01
       (_scon[1711])

    Minor Iteration Log minor      t          z     w     v   art ckpts  enter
    leave
      500  2.1715e-08  3509  1512  1000     0     9 z[   45] w[ 2092]
     1000  7.5814e-08  3915  1106  1000     0    19 z[  362] w[ 2726] 1500
     1.3417e-07  3994  1027  1000     0    29 w[ 2480] z[  239] 2000
     1.9504e-07  4032   989  1000     0    39 w[ 4282] z[  640] 2500
     5.5208e-07  3983  1038  1000     0    49 z[  266] w[ 2534] 3000
     1.7290e-05  3991  1030  1000     0    58 z[ 2622] w[  434] 3500
     2.5042e-05  4019  1002  1000     0    68 z[  102] w[ 2206] 4000
     3.3016e-04  4011  1010  1000     0    78 z[ 4600] w[  109]

    Major Iteration Log major minor  func  grad  residual    step  type prox
    inorm  (label)
       26  4219    55    27 7.3169e-01  2.8e-02 CG 0.0e+00 7.3e-02
       (_scon[1698]) 27   115    56    28 7.3169e-01  1.0e+00 RO 0.0e+00
       7.3e-02 (_scon[1698]) 28   220    57    29 7.3169e-01  1.0e+00 RO
       0.0e+00 7.3e-02 (_scon[1698]) 29    61    58    30 7.3169e-01  1.0e+00
       RO 0.0e+00 7.3e-02 (_scon[1698]) 30    16    59    31 7.3169e-01
       1.0e+00 RO 0.0e+00 7.3e-02 (_scon[1698])

    Minor Iteration Log minor      t          z     w     v   art ckpts  enter
    leave
      500  4.2403e-08  3509  1512  1000     0     9 z[  886] w[ 4774]
     1000  1.1971e-07  3875  1146  1000     0    19 z[  808] w[ 4618] 1500
     2.3312e-07  3993  1028  1000     0    29 z[  345] w[ 2692] 2000
     3.4299e-07  4004  1017  1000     0    39 w[ 4478] z[  738] 2500
     4.0277e-07  3984  1037  1000     0    49 w[ 4286] z[  642] 3000
     5.2834e-07  4033   988  1000     0    58 z[  215] w[ 2432] 3500
     6.1454e-07  4063   958  1000     0    68 z[  898] w[ 4798] 4000
     7.3186e-07  3997  1024  1000     0    78 z[  519] w[ 4040] 4500
     7.8526e-07  4001  1020  1000     0    88 z[  147] w[ 2296] 5000
     1.5512e-06  4015  1006  1000     0    98 z[  393] w[ 2788] 5500
     1.1790e-05  4009  1012  1000     0   107 w[ 2518] w[ 2040] 6000
     6.9607e-05  4006  1015  1000     0   117 z[ 2436] z[ 2498] 6500
     2.2588e-04  4011  1010  1000     0   127 z[ 4630] w[  635]

    Major Iteration Log major minor  func  grad  residual    step  type prox
    inorm  (label)
       31  6892    60    32 1.4145e+00  1.0e+00 CM 0.0e+00 1.0e+00
       (_scon[2021]) 32   415    61    33 9.0959e+00  1.0e+00 SO 0.0e+00
       5.3e-01 (_scon[1711])

    Minor Iteration Log minor      t          z     w     v   art ckpts  enter
    leave
      500  2.6147e-01  3865  1089  1067     0     8 w[  434] v[   56]
     1000  6.3203e-01  3839  1089  1093     0    17 w[  890] w[  561]

    Major Iteration Log major minor  func  grad  residual    step  type prox
    inorm  (label)
       33  1441    62    34 2.0390e+00  1.0e+00 CM 0.0e+00 1.4e-01
       (_scon[1711]) 34    62    63    35 2.0324e+00  1.0e+00 CO 0.0e+00
       1.4e-01 (_scon[1711]) 35    48    64    36 2.0324e+00  1.0e+00 CO
       0.0e+00 1.4e-01 (_scon[1711]) 36    47    65    37 2.0324e+00  1.0e+00
       CO 0.0e+00 1.4e-01 (_scon[1711]) 37    93    66    38 2.0324e+00
       1.0e+00 CO 0.0e+00 1.4e-01 (_scon[1711])

    Minor Iteration Log minor      t          z     w     v   art ckpts  enter
    leave
      500  3.2129e-08  3509  1512  1000     0     9 z[  968] w[ 4938]
     1000  9.6616e-08  3867  1154  1000     0    19 z[  570] w[ 4142] 1500
     1.9682e-07  4008  1013  1000     0    29 w[ 2134] z[   66] 2000
     2.8285e-07  4003  1018  1000     0    39 z[  372] w[ 2746] 2500
     3.3887e-07  4019  1002  1000     0    49 z[  728] w[ 4458] 3000
     4.2906e-07  4029   992  1000     0    58 z[  575] w[ 4152] 3500
     5.3333e-07  3999  1022  1000     0    68 z[  265] w[ 2532] 4000
     5.9321e-07  4016  1005  1000     0    78 w[ 2084] z[   41] 4500
     7.1177e-07  4018  1003  1000     0    88 w[ 4248] z[  623] 5000
     8.1699e-07  4031   990  1000     0    98 z[  429] w[ 2860] 5500
     1.0563e-05  4002  1019  1000     0   107 z[ 4910] z[ 4152] 6000
     1.8209e-05  4050   971  1000     0   117 w[ 2716] z[  357] 6500
     6.5777e-05  4026   995  1000     0   127 z[ 4692] z[ 2388] 7000
     5.7324e-03  4029   992  1000     0   137 w[  298] w[ 2024]

    Major Iteration Log major minor  func  grad  residual    step  type prox
    inorm  (label)
       38  7026    67    39 7.1710e-01  1.0e+00 SM 0.0e+00 6.5e-02
       (_scon[1801]) 39   154    68    40 6.7719e-01  1.0e+00 CO 0.0e+00
       6.1e-02 (_scon[1801]) 40   117    69    41 6.7719e-01  1.0e+00 CO
       0.0e+00 6.1e-02 (_scon[1801]) 41    65    70    42 6.7719e-01  1.0e+00
       CO 0.0e+00 6.1e-02 (_scon[1801]) 42   117    71    43 6.7719e-01
       1.0e+00 CO 0.0e+00 6.1e-02 (_scon[1801])

    Minor Iteration Log minor      t          z     w     v   art ckpts  enter
    leave
      500 -4.3616e-02  4525   995   501     0     9 w[ 4392] z[  963]

    Major Iteration Log major minor  func  grad  residual    step  type prox
    inorm  (label)
       43   544    72    44 6.7719e-01  1.0e+00 CO 0.0e+00 6.1e-02
       (_scon[1801])

    Minor Iteration Log minor      t          z     w     v   art ckpts  enter
    leave
      500  4.6576e-08  3509  1512  1000     0     9 z[  592] w[ 4186]
     1000  1.3822e-07  3859  1162  1000     0    19 z[  605] w[ 4212] 1500
     2.4400e-07  3977  1044  1000     0    29 z[  670] w[ 4342] 2000
     3.6036e-07  3987  1034  1000     0    39 z[  804] w[ 4610] 2500
     4.4180e-07  3992  1029  1000     0    49 w[ 4260] z[  629] 3000
     5.7259e-07  4034   987  1000     0    58 w[ 4786] z[  892] 3500
     6.5342e-07  4019  1002  1000     0    68 z[  538] w[ 4078] 4000
     7.9876e-07  3982  1039  1000     0    78 w[ 2756] z[  377] 4500
     8.9982e-07  3973  1048  1000     0    88 z[  831] w[ 4664] 5000
     1.6912e-06  3999  1022  1000     0    98 z[  439] w[ 2880] 5500
     2.5566e-06  4015  1006  1000     0   107 z[  462] w[ 2926] 6000
     1.0246e-05  4006  1015  1000     0   117 w[ 4932] z[  965] 6500
     1.3985e-04  4001  1020  1000     0   127 z[  525] w[ 4052] 7000
     8.6718e-03  3996  1025  1000     0   137 z[   25] z[  439]

    Major Iteration Log major minor  func  grad  residual    step  type prox
    inorm  (label)
       44  7023    73    45 1.2608e-01  1.0e+00 SM 0.0e+00 1.3e-02
       (_scon[1470]) 45   187    74    46 8.3021e-02  1.0e+00 CO 0.0e+00
       8.4e-03 (_scon[1470]) 46   123    75    47 8.3021e-02  1.0e+00 CO
       0.0e+00 8.4e-03 (_scon[1470]) 47   103    76    48 8.3021e-02  1.0e+00
       CO 0.0e+00 8.4e-03 (_scon[1470]) 48   123    77    49 8.3021e-02
       1.0e+00 CO 0.0e+00 8.4e-03 (_scon[1470]) 49   211    78    50
       8.3021e-02  1.0e+00 CO 0.0e+00 8.4e-03 (_scon[1470])

    Minor Iteration Log minor      t          z     w     v   art ckpts  enter
    leave
      500  4.8978e-08  3509  1512  1000     0     9 z[  187] w[ 2376]
     1000  1.3654e-07  3859  1162  1000     0    19 z[  157] w[ 2316] 1500
     2.6140e-07  3981  1040  1000     0    29 z[   30] w[ 2062] 2000
     3.9083e-07  4011  1010  1000     0    39 z[  232] w[ 2466] 2500
     4.7265e-07  3972  1049  1000     0    49 w[ 2736] z[  367] 3000
     6.3427e-07  4058   963  1000     0    58 w[ 2550] z[  274] 3500
     7.2326e-07  4019  1002  1000     0    68 z[  836] w[ 4674] 4000
     9.1157e-07  4030   991  1000     0    78 w[ 2646] z[  322] 4500
     1.0023e-06  4005  1016  1000     0    88 z[  415] w[ 2832] 5000
     1.3238e-06  3979  1042  1000     0    98 z[  468] w[ 2938] 5500
     1.7497e-06  3999  1022  1000     0   107 z[  913] w[ 4828] 6000
     8.2877e-06  4043   978  1000     0   117 z[  988] w[ 4978] 6500
     3.7934e-05  4021  1000  1000     0   127 w[  816] w[  927] 7000
     8.3774e-05  3985  1036  1000     0   137 z[  150] w[ 2970]

    Major Iteration Log major minor  func  grad  residual    step  type prox
    inorm  (label)
       50  7297    86    51 7.2077e-02  6.9e-02 CG 0.0e+00 6.3e-03
       (_scon[1470])

    Minor Iteration Log minor      t          z     w     v   art ckpts  enter
    leave
      500  4.5205e-10  3917   845  1054   205     9 z[  158] z[  301]
     1000 -1.2785e-09  3915   972  1105    29    19 z[  669] z[  838]

    Major Iteration Log major minor  func  grad  residual    step  type prox
    inorm  (label)
       51  1378    87    52 7.2419e-02  1.0e+00 CO 0.0e+00 6.3e-03
       (_scon[1470]) 52   272    88    53 7.2369e-02  1.0e+00 CO 0.0e+00
       6.3e-03 (_scon[1470]) 53   127    89    54 7.2363e-02  1.0e+00 CO
       0.0e+00 6.3e-03 (_scon[1470]) 54   263    90    55 7.2202e-02  1.0e+00
       CO 0.0e+00 6.3e-03 (_scon[1470])

    Minor Iteration Log minor      t          z     w     v   art ckpts  enter
    leave
      500  4.8987e-08  3509  1512  1000     0     9 z[  747] w[ 4496]
     1000  1.3723e-07  3859  1162  1000     0    19 z[  687] w[ 4376] 1500
     2.6968e-07  3982  1039  1000     0    29 w[ 4694] z[  846] 2000
     4.0581e-07  4024   997  1000     0    39 w[ 4716] z[  857] 2500
     4.8430e-07  3980  1041  1000     0    49 w[ 4230] z[  614] 3000
     6.4534e-07  4030   991  1000     0    58 w[ 4908] z[  953] 3500
     8.6159e-07  4025   996  1000     0    68 z[  706] w[ 4414] 4000
     9.1932e-07  3988  1033  1000     0    78 w[ 4982] z[  990] 4500
     4.3439e-06  4025   996  1000     0    88 z[  592] w[ 4186] 5000
     2.4083e-05  4028   993  1000     0    98 w[   64] z[ 2036] 5500
     1.0954e-04  4011  1010  1000     0   107 z[    2] w[ 2396] 6000
     9.5190e-04  4009  1012  1000     0   117 w[  729] w[  957]

    Major Iteration Log major minor  func  grad  residual    step  type prox
    inorm  (label)
       55  6109    91    56 1.4145e+00  1.0e+00 CM 0.0e+00 1.0e+00
       (_scon[2021]) 56    19    99    57 6.5029e-02  6.9e-02 RG 0.0e+00
       6.5e-03 (_scon[1470]) 57   245   100    58 6.5070e-02  1.0e+00 RM
       0.0e+00 6.5e-03 (_scon[1470]) 58   127   101    59 6.5147e-02  1.0e+00
       RO 0.0e+00 6.5e-03 (_scon[1470]) 59    85   102    60 6.5143e-02
       1.0e+00 RO 0.0e+00 6.5e-03 (_scon[1470])

    Minor Iteration Log minor      t          z     w     v   art ckpts  enter
    leave
      500  4.8893e-08  3509  1512  1000     0     9 z[  187] w[ 2376]
     1000  1.3680e-07  3859  1162  1000     0    19 z[  687] w[ 4376] 1500
     2.6083e-07  3977  1044  1000     0    29 z[  559] w[ 4120] 2000
     3.8988e-07  4011  1010  1000     0    39 z[  232] w[ 2466] 2500
     4.7165e-07  3972  1049  1000     0    49 w[ 4704] z[  851] 3000
     6.3980e-07  4026   995  1000     0    58 w[ 4710] z[  854] 3500
     1.5391e-06  4033   988  1000     0    68 z[ 4504] w[  797] 4000
     2.4036e-06  3963  1058  1000     0    78 z[  230] w[ 2462] 4500
     2.0269e-05  4041   980  1000     0    88 z[  811] w[ 4624] 5000
     1.8224e-04  4028   993  1000     0    98 w[ 4810] z[  904]

    Major Iteration Log major minor  func  grad  residual    step  type prox
    inorm  (label)
       60  5208   103    61 1.4146e+00  1.0e+00 CM 0.0e+00 1.0e+00
       (_scon[2021]) 61    15   104    62 1.4145e+00  1.0e+00 RO 0.0e+00
       1.0e+00 (_scon[2021])

    Minor Iteration Log minor      t          z     w     v   art ckpts  enter
    leave
      500  1.0000e-01  3979  1042  1000     0     9 z[  403] w[ 2808]

    Major Iteration Log major minor  func  grad  residual    step  type prox
    inorm  (label)
       62   925   106    63 5.8283e+00  8.0e-01 SB 0.0e+00 3.4e-01
       (_scon[1711])

    Minor Iteration Log minor      t          z     w     v   art ckpts  enter
    leave
      500  9.8340e-07  4243   779   999     0     9 w[  497] w[  369]
     1000  1.5966e-01  4016  1006   999     0    19 w[ 4206] z[  602]

    Major Iteration Log major minor  func  grad  residual    step  type prox
    inorm  (label)
       63  1256   107    64 4.0767e+00  1.0e+00 CM 0.0e+00 2.4e-01
       (_scon[1416]) 64    19   108    65 4.0767e+00  1.0e+00 CO 0.0e+00
       2.4e-01 (_scon[1416]) 65    19   109    66 4.0767e+00  1.0e+00 CO
       0.0e+00 2.4e-01 (_scon[1416]) 66    19   110    67 4.0767e+00  1.0e+00
       CO 0.0e+00 2.4e-01 (_scon[1416]) 67    19   111    68 4.0767e+00
       1.0e+00 CO 0.0e+00 2.4e-01 (_scon[1416])

    Minor Iteration Log minor      t          z     w     v   art ckpts  enter
    leave
      500  3.2542e-08  3509  1512  1000     0     9 z[  725] w[ 4452]
     1000  1.0450e-07  3907  1114  1000     0    19 z[  946] w[ 4894] 1500
     1.6745e-07  3990  1031  1000     0    29 w[ 4724] z[  861] 2000
     3.0811e-07  3985  1036  1000     0    39 z[  836] w[ 4674]

    Major Iteration Log major minor  func  grad  residual    step  type prox
    inorm  (label)
       68  2057   116    69 3.4621e+00  3.3e-01 SB 0.0e+00 2.6e-01
       (_scon[1081]) 69    29   117    70 3.4621e+00  1.0e+00 CO 0.0e+00
       2.6e-01 (_scon[1081]) 70   185   118    71 3.4406e+00  1.0e+00 CO
       0.0e+00 2.6e-01 (_scon[1081]) 71    95   119    72 3.4366e+00  1.0e+00
       CO 0.0e+00 2.6e-01 (_scon[1081]) 72   209   120    73 3.3988e+00
       1.0e+00 CM 0.0e+00 2.6e-01 (_scon[1082]) 73    27   121    74
       3.3877e+00  1.0e+00 CO 0.0e+00 2.6e-01 (_scon[1082])

    Minor Iteration Log minor      t          z     w     v   art ckpts  enter
    leave
      500  3.7202e-08  3509  1512  1000     0     9 z[  979] w[ 4960]
     1000  1.2106e-07  3912  1109  1000     0    19 w[ 2212] z[  105] 1500
     1.9943e-07  3977  1044  1000     0    29 z[   34] w[ 2070] 2000
     3.1084e-07  3997  1024  1000     0    39 z[   38] w[ 2078] 2500
     4.1191e-07  4000  1021  1000     0    49 w[ 2620] z[  309] 3000
     4.9549e-07  4018  1003  1000     0    58 w[ 2960] z[  479] 3500
     5.7540e-07  4016  1005  1000     0    68 w[ 2776] z[  387] 4000
     6.9149e-07  4003  1018  1000     0    78 z[  225] w[ 2452] 4500
     8.6734e-07  4033   988  1000     0    88 z[  105] w[ 2212] 5000
     1.8323e-06  4016  1005  1000     0    98 w[ 4272] z[  635]

    Major Iteration Log major minor  func  grad  residual    step  type prox
    inorm  (label)
       74  5355   123    75 3.2000e+00  8.0e-01 SB 0.0e+00 3.0e-01
       (_scon[1082]) 75    84   124    76 3.1791e+00  1.0e+00 CO 0.0e+00
       3.0e-01 (_scon[1082]) 76   193   125    77 3.1785e+00  1.0e+00 CO
       0.0e+00 3.0e-01 (_scon[1082]) 77   212   126    78 3.1737e+00  1.0e+00
       CO 0.0e+00 3.0e-01 (_scon[1082]) 78   110   127    79 3.1686e+00
       1.0e+00 CO 0.0e+00 3.0e-01 (_scon[1082]) 79   116   128    80
       3.1686e+00  1.0e+00 CO 0.0e+00 3.0e-01 (_scon[1082])

    Minor Iteration Log minor      t          z     w     v   art ckpts  enter
    leave
      500  2.6275e-08  3509  1512  1000     0     9 z[  501] w[ 3004]
     1000  8.8228e-08  3907  1114  1000     0    19 z[  728] w[ 4458] 1500
     1.4955e-07  3986  1035  1000     0    29 w[ 2536] z[  267] 2000
     2.0265e-07  3969  1052  1000     0    39 z[  307] w[ 2616] 2500
     2.7736e-07  3987  1034  1000     0    49 z[  890] w[ 4782] 3000
     3.6161e-07  4011  1010  1000     0    58 z[  327] w[ 2656] 3500
     4.0893e-07  3982  1039  1000     0    68 w[ 2494] z[  246] 4000
     4.9553e-07  3983  1038  1000     0    78 z[  791] w[ 4584] 4500
     5.6324e-07  4007  1014  1000     0    88 z[  380] w[ 2762] 5000
     7.8127e-07  4006  1015  1000     0    98 w[ 4066] z[  532] 5500
     9.7167e-07  4035   986  1000     0   107 z[  726] w[ 4454] 6000
     7.7545e-06  4027   994  1000     0   117 w[ 2376] w[ 2984] 6500
     9.7371e-04  4016  1005  1000     0   127 z[ 4514] z[ 2312]

    Major Iteration Log major minor  func  grad  residual    step  type prox
    inorm  (label)
       80  6544   129    81 5.6392e-01  1.0e+00 SM 0.0e+00 5.1e-02
       (_scon[1358]) 81   212   130    82 5.5464e-01  1.0e+00 CM 0.0e+00
       5.0e-02 (_scon[1358]) 82    64   131    83 5.5464e-01  1.0e+00 CO
       0.0e+00 5.0e-02 (_scon[1358]) 83    67   132    84 5.5464e-01  1.0e+00
       CO 0.0e+00 5.0e-02 (_scon[1358]) 84    64   133    85 5.5464e-01
       1.0e+00 CO 0.0e+00 5.0e-02 (_scon[1358]) 85   141   134    86
       5.5464e-01  1.0e+00 CO 0.0e+00 5.0e-02 (_scon[1358])

    Minor Iteration Log minor      t          z     w     v   art ckpts  enter
    leave
      500  3.8284e-08  3509  1512  1000     0     9 z[  320] w[ 2642]
     1000  1.0879e-07  3871  1150  1000     0    19 z[  597] w[ 4196] 1500
     2.0076e-07  3971  1050  1000     0    29 z[  974] w[ 4950] 2000
     2.7406e-07  4010  1011  1000     0    39 w[ 4524] z[  761] 2500
     3.7177e-07  3995  1026  1000     0    49 z[  204] w[ 2410] 3000
     4.3595e-07  4066   955  1000     0    58 w[ 2924] z[  461] 3500
     5.1309e-07  3998  1023  1000     0    68 w[ 2722] z[  360] 4000
     5.8236e-07  3992  1029  1000     0    78 w[ 4744] z[  871] 4500
     6.7494e-07  4021  1000  1000     0    88 z[  453] w[ 2908] 5000
     7.3768e-07  3974  1047  1000     0    98 w[ 4034] z[  516] 5500
     1.6614e-06  3982  1039  1000     0   107 w[ 2676] z[  337] 6000
     1.4090e-05  3999  1022  1000     0   117 z[  809] w[ 4620] 6500
     5.5875e-05  4000  1021  1000     0   127 w[  681] z[ 4954] 7000
     5.0038e-04  4025   996  1000     0   137 w[  527] w[  845]

    Major Iteration Log major minor  func  grad  residual    step  type prox
    inorm  (label)
       86  7348   143    87 5.9618e-02  2.8e-02 CG 0.0e+00 5.6e-03
       (_scon[1219]) 87   269   144    88 5.9658e-02  1.0e+00 RM 0.0e+00
       5.6e-03 (_scon[1219]) 88   144   145    89 5.9659e-02  1.0e+00 RO
       0.0e+00 5.6e-03 (_scon[1219]) 89   240   146    90 5.9662e-02  1.0e+00
       RO 0.0e+00 5.6e-03 (_scon[1219]) 90   208   147    91 5.9669e-02
       1.0e+00 RM 0.0e+00 5.6e-03 (_scon[1219])

    Minor Iteration Log minor      t          z     w     v   art ckpts  enter
    leave
      500  4.9042e-08  3509  1512  1000     0     9 z[  187] w[ 2376]
     1000  1.3726e-07  3859  1162  1000     0    19 z[  687] w[ 4376] 1500
     2.6483e-07  3978  1043  1000     0    29 w[ 2840] z[  419] 2000
     3.9832e-07  4015  1006  1000     0    39 z[  491] w[ 2984] 2500
     4.7812e-07  3976  1045  1000     0    49 w[ 2736] z[  367] 3000
     6.3921e-07  4058   963  1000     0    58 w[ 2308] z[  153] 3500
     7.2787e-07  4016  1005  1000     0    68 w[ 4530] z[  764] 4000
     9.1410e-07  4030   991  1000     0    78 w[ 2646] z[  322] 4500
     1.0050e-06  4005  1016  1000     0    88 z[  415] w[ 2832] 5000
     1.3312e-06  3983  1038  1000     0    98 z[  761] w[ 4524] 5500
     1.7283e-06  3996  1025  1000     0   107 w[ 4360] z[  679] 6000
     8.6174e-06  4035   986  1000     0   117 w[  324] w[  525] 6500
     3.6575e-05  4002  1019  1000     0   127 z[ 4242] z[ 4972] 7000
     2.0463e-04  4006  1015  1000     0   137 w[  177] z[ 2378] 7500
     2.7577e-03  4015  1006  1000     0   147 w[  351] w[  957]

    Major Iteration Log major minor  func  grad  residual    step  type prox
    inorm  (label)
       91  7540   148    92 1.4142e+00  1.0e+00 CM 0.0e+00 1.0e+00
       (_scon[2021])

    Restart Log proximal_perturbation 0 crash_method none crash_perturb yes
    nms_initial_reference_factor 2 lemke_start_type slack
    proximal_perturbation 2.4000e-02

    Major Iteration Log major minor  func  grad  residual    step  type prox
    inorm  (label)
       91     0   157    93 2.4000e+00           R 2.4e-02 5.1e-01
       (_scon[1020]) 92    46   158    94 2.4000e+00  1.0e+00 CO 9.6e-03
       5.1e-01 (_scon[1020]) 93   496   159    95 2.4000e+00  1.0e+00 CO
       3.8e-03 5.1e-01 (_scon[1020]) 94   184   160    96 2.4000e+00  1.0e+00
       CO 1.5e-03 5.1e-01 (_scon[1020]) 95    90   161    97 2.4000e+00
       1.0e+00 CO 6.1e-04 5.1e-01 (_scon[1020]) 96    74   162    98
       2.4000e+00  1.0e+00 CO 2.5e-04 5.1e-01 (_scon[1020]) 97    11   169
       99 2.3407e+00  1.7e-01 NG 2.4e-01 1.0e+00 (_scon[2021]) 98    51   170
       100 2.3407e+00  1.0e+00 CO 9.6e-02 1.0e+00 (_scon[2022]) 99    68   171
       101 2.3407e+00  1.0e+00 CO 3.8e-02 1.0e+00 (_scon[2022])
      100    37   172   102 2.3407e+00  1.0e+00 CO 1.5e-02 1.0e+00
      (_scon[2022]) 101    27   173   103 2.3407e+00  1.0e+00 CO 2.3e-01
      1.0e+00 (_scon[2021]) 102   128   174   104 1.4146e+00  1.0e+00 CO
      9.4e-02 1.0e+00 (_scon[2021]) 103   128   182   105 1.0979e+00  6.9e-02
      CG 3.7e-02 6.6e-01 (_scon[2021]) 104    45   183   106 1.0979e+00
      1.0e+00 CO 1.5e-02 6.6e-01 (_scon[2021])

    Minor Iteration Log minor      t          z     w     v   art ckpts  enter
    leave
      500  3.3319e-06  4403   623   995     0     9 z[  174] w[   92]

    Major Iteration Log major minor  func  grad  residual    step  type prox
    inorm  (label)
      105   584   184   107 1.0979e+00  1.0e+00 CO 6.0e-03 6.6e-01
      (_scon[2022])

    Minor Iteration Log minor      t          z     w     v   art ckpts  enter
    leave
      500  1.3909e-05  4405   950   666     0     9 w[  798] v[ 5820]

    Major Iteration Log major minor  func  grad  residual    step  type prox
    inorm  (label)
      106   534   185   108 1.0979e+00  1.0e+00 CO 2.4e-03 6.6e-01
      (_scon[2022]) 107   459   186   109 1.4146e+00  1.0e+00 CO 1.1e-01
      1.0e+00 (_scon[2022]) 108   260   187   110 1.4000e+00  1.0e+00 CO
      4.4e-02 9.9e-01 (_scon[2022])

    Minor Iteration Log minor      t          z     w     v   art ckpts  enter
    leave
      500  3.2599e-04  3586  1436   999     0     9 z[  584] w[  899]

    Major Iteration Log major minor  func  grad  residual    step  type prox
    inorm  (label)
      109   899   192   111 9.5883e-01  4.1e-01 CG 2.4e-03 4.7e-01
      (_scon[2021]) 110    19   193   112 9.5883e-01  1.0e+00 CO 9.6e-04
      4.7e-01 (_scon[2021]) 111    19   194   113 9.5883e-01  1.0e+00 CO
      3.8e-04 4.7e-01 (_scon[2021])

    Minor Iteration Log minor      t          z     w     v   art ckpts  enter
    leave
      500 -2.5154e-08  3492  1531   998     0     9 z[ 4504] w[  410]

    Major Iteration Log major minor  func  grad  residual    step  type prox
    inorm  (label)
      112   796   195   114 1.4146e+00  1.0e+00 CO 9.6e-02 1.0e+00
      (_scon[2022]) 113   364   196   115 1.3964e+00  1.0e+00 CO 3.8e-02
      9.9e-01 (_scon[2022])

    Minor Iteration Log minor      t          z     w     v   art ckpts  enter
    leave
      500  2.7559e-04  3599  1424   998     0     9 z[ 4840] w[ 2504]
     1000  3.5067e-04  3742  1286   993     0    19 w[ 4170] z[ 4320]

    Major Iteration Log major minor  func  grad  residual    step  type prox
    inorm  (label)
      114  1250   197   116 1.3958e+00  1.0e+00 CO 1.5e-02 9.9e-01
      (_scon[2022]) 115    69   205   117 8.7345e-01  6.9e-02 CG 2.4e-03
      2.8e-01 (_scon[2021])

    Minor Iteration Log minor      t          z     w     v   art ckpts  enter
    leave
      500  7.6615e-08  4820   509   692     0     9 w[  792] v[  651]

    Major Iteration Log major minor  func  grad  residual    step  type prox
    inorm  (label)
      116   934   206   118 8.7344e-01  1.0e+00 CO 9.6e-04 2.8e-01
      (_scon[2021])

    Minor Iteration Log minor      t          z     w     v   art ckpts  enter
    leave
      500  2.4442e-07  3505  1516  1000     0     9 z[  208] w[ 2418]

    Minor Iteration Log minor      t          z     w     v   art ckpts  enter
    leave
      500 -8.5640e-09  3486  1536   999     0     9 z[ 4034] w[  515]

    Major Iteration Log major minor  func  grad  residual    step  type prox
    inorm  (label)
      117   870   207   119 1.4146e+00  1.0e+00 CO 8.7e-02 1.0e+00
      (_scon[2021]) 118   420   208   120 1.3960e+00  1.0e+00 CO 3.5e-02
      9.9e-01 (_scon[2021])

    Minor Iteration Log minor      t          z     w     v   art ckpts  enter
    leave
      500  8.9458e-05  3282  1745   994     0     9 z[  617] w[ 1008]
     1000  9.9652e-05  3288  1739   994     0    19 z[   94] w[   52] 1500
     2.6983e-04  3605  1421   995     0    29 w[  808] z[  900]

    Major Iteration Log major minor  func  grad  residual    step  type prox
    inorm  (label)
      119  1943   209   121 1.3955e+00  1.0e+00 CO 1.4e-02 9.9e-01
      (_scon[2022]) 120   144   210   122 1.3955e+00  1.0e+00 CO 5.6e-03
      9.9e-01 (_scon[2022]) 121   142   219   123 7.5309e-01  2.8e-02 CG
      9.6e-04 3.8e-01 (_scon[2021])

    Minor Iteration Log minor      t          z     w     v   art ckpts  enter
    leave
      500  4.7935e-08  3463  1561   997     0     9 z[ 2760] w[    9]

    Major Iteration Log major minor  func  grad  residual    step  type prox
    inorm  (label)
      122   806   220   124 1.4146e+00  1.0e+00 CO 7.5e-02 1.0e+00
      (_scon[2021]) 123    53   221   125 1.4146e+00  1.0e+00 CO 3.0e-02
      1.0e+00 (_scon[2021])

    Minor Iteration Log minor      t          z     w     v   art ckpts  enter
    leave
      500  1.7893e-02  3347  1677   997     0     9 z[ 4834] w[ 4804]

    Major Iteration Log major minor  func  grad  residual    step  type prox
    inorm  (label)
      124   659   222   126 1.3746e+00  1.0e+00 CO 1.2e-02 9.7e-01
      (_scon[2021])

    Minor Iteration Log minor      t          z     w     v   art ckpts  enter
    leave
      500  5.8648e-05  3564  1460   997     0     9 z[  507] w[  634]
     1000  5.2068e-04  3979  1049   993     0    19 w[  916] z[  791]

    Major Iteration Log major minor  func  grad  residual    step  type prox
    inorm  (label)
      125  1041   223   127 1.3739e+00  1.0e+00 CO 4.8e-03 9.7e-01
      (_scon[2021]) 126    41   224   128 1.3736e+00  1.0e+00 CO 1.9e-03
      9.7e-01 (_scon[2021])

    Minor Iteration Log minor      t          z     w     v   art ckpts  enter
    leave
      500  1.1971e-05  3500  1522   999     0     9 z[  999] w[ 5000]

    Restart Log proximal_perturbation 0 crash_method none crash_perturb no
    nms_initial_reference_factor 10 nms_memory_size 2 nms_mstep_frequency 1
    lemke_search_type slack

    Major Iteration Log major minor  func  grad  residual    step  type prox
    inorm  (label)
      126     0   230   129 2.4000e+00           R 0.0e+00 5.1e-01
      (_scon[1020])

    Minor Iteration Log minor      t          z     w     v   art ckpts  enter
    leave
      500  8.3220e-08  5546   475     0     0     9 w[ 2786] z[  392]
     1000  3.3390e-07  5119   902     0     0    19 z[  299] w[ 2600] 1500
     3.0233e-05  5031   990     0     0    29 z[  180] w[ 2362] 2000
     6.3175e-05  5004  1017     0     0    39 w[ 2956] z[ 2968]

    Major Iteration Log major minor  func  grad  residual    step  type prox
    inorm  (label)
      127  2007   231   130 2.4000e+00  1.0e+00 CM 0.0e+00 5.1e-01
      (_scon[1020])

    Minor Iteration Log minor      t          z     w     v   art ckpts  enter
    leave
      500 -2.4815e-05  5010  1011     0     0     9 z[ 4846] w[  135]
     1000 -2.8288e-05  4982  1039     0     0    19 z[  960] w[ 4922] 1500
     -1.2600e-05  5001  1020     0     0    29 w[ 4540] z[  673]

    Major Iteration Log major minor  func  grad  residual    step  type prox
    inorm  (label)
      128  1730   232   131 2.4000e+00  1.0e+00 CM 0.0e+00 5.1e-01
      (_scon[1020])

    Minor Iteration Log minor      t          z     w     v   art ckpts  enter
    leave
      500 -7.2110e-06  5025   996     0     0     9 z[ 2350] w[  893]
     1000 -2.5410e-05  5008  1013     0     0    19 w[ 4654] z[  826] 1500
     -2.2736e-05  5018  1003     0     0    29 w[ 2492] z[  245]

    Major Iteration Log major minor  func  grad  residual    step  type prox
    inorm  (label)
      129  1636   246   132 2.4000e+00  1.2e-06 CB 0.0e+00 5.1e-01
      (_scon[1020])

    Minor Iteration Log minor      t          z     w     v   art ckpts  enter
    leave
      500 -2.4028e-05  5079   942     0     0     9 z[  545] w[ 4092]
     1000 -2.6170e-05  5028   993     0     0    19 w[ 2078] z[   38]

    Major Iteration Log major minor  func  grad  residual    step  type prox
    inorm  (label)
      130  1395   267   133 2.3407e+00  1.7e-01 CG 0.0e+00 1.0e+00
      (_scon[2021]) 131    10   289   134 9.6532e-01  6.9e-02 RG 0.0e+00
      1.7e-01 (_scon[2022])

    Minor Iteration Log minor      t          z     w     v   art ckpts  enter
    leave
      500  7.2731e-08  3509  1512  1000     0     9 z[   14] w[ 2030]
     1000  2.2434e-07  3872  1149  1000     0    19 w[ 2252] z[  125] 1500
     3.4872e-07  3954  1067  1000     0    29 w[ 4576] z[  787] 2000
     5.3512e-07  4003  1018  1000     0    39 z[  203] w[ 2408] 2500
     6.8405e-07  3995  1026  1000     0    49 z[  265] w[ 2532] 3000
     8.2560e-07  4001  1020  1000     0    58 z[  939] w[ 4880] 3500
     9.7281e-07  4008  1013  1000     0    68 w[ 4986] z[  992] 4000
     1.4495e-06  4025   996  1000     0    78 z[  950] w[ 4902] 4500
     1.9586e-06  4022   999  1000     0    88 w[ 4844] z[  921]

    Major Iteration Log major minor  func  grad  residual    step  type prox
    inorm  (label)
      132  4967   294   135 9.0182e-01  3.3e-01 SB 0.0e+00 1.2e-01
      (_scon[2022])

    Minor Iteration Log minor      t          z     w     v   art ckpts  enter
    leave
      500  5.2387e-10  4859   441   637    84     9 w[ 4340] z[  695]

    Major Iteration Log major minor  func  grad  residual    step  type prox
    inorm  (label)
      133   629   295   136 9.0183e-01  1.0e+00 CM 0.0e+00 1.2e-01
      (_scon[2022]) 134    19   296   137 9.0183e-01  1.0e+00 CM 0.0e+00
      1.2e-01 (_scon[2022]) 135   104   298   138 9.0183e-01  8.0e-01 CB
      0.0e+00 1.2e-01 (_scon[2022]) 136   139   303   139 9.0183e-01  3.3e-01
      CB 0.0e+00 1.2e-01 (_scon[2022]) 137    59   304   140 9.0183e-01
      1.0e+00 CM 0.0e+00 1.2e-01 (_scon[2022])

    Minor Iteration Log minor      t          z     w     v   art ckpts  enter
    leave
      500  5.4955e-08  3509  1512  1000     0     9 z[   17] w[ 2036]
     1000  1.6698e-07  3871  1150  1000     0    19 z[  663] w[ 4328] 1500
     2.7519e-07  3997  1024  1000     0    29 z[  712] w[ 4426] 2000
     4.2291e-07  3999  1022  1000     0    39 z[  743] w[ 4488] 2500
     5.2101e-07  4071   950  1000     0    49 z[  258] w[ 2518] 3000
     5.9910e-07  4010  1011  1000     0    58 w[ 3002] z[  500] 3500
     7.3656e-07  4016  1005  1000     0    68 w[ 4304] z[  651] 4000
     8.8054e-07  3997  1024  1000     0    78 z[  243] w[ 2488] 4500
     1.2986e-06  4024   997  1000     0    88 w[ 2642] z[  320] 5000
     1.4056e-06  4060   961  1000     0    98 w[ 2498] z[  248] 5500
     3.2292e-06  3990  1031  1000     0   107 w[ 2580] z[  289] 6000
     3.1219e-05  3989  1032  1000     0   117 w[  968] w[  304] 6500
     8.2766e-05  4033   988  1000     0   127 z[  433] w[ 2868] 7000
     5.1383e-04  4019  1002  1000     0   137 z[ 2818] w[  552]

    Major Iteration Log major minor  func  grad  residual    step  type prox
    inorm  (label)
      138  7413   305   141 5.9536e-01  1.0e+00 SM 0.0e+00 6.1e-02
      (_scon[1898]) 139    78   306   142 5.6367e-01  1.0e+00 CM 0.0e+00
      5.8e-02 (_scon[1898]) 140    62   307   143 5.6367e-01  1.0e+00 CM
      0.0e+00 5.8e-02 (_scon[1898]) 141    72   308   144 5.6367e-01  1.0e+00
      CM 0.0e+00 5.8e-02 (_scon[1898]) 142    62   309   145 5.6367e-01
      1.0e+00 CM 0.0e+00 5.8e-02 (_scon[1898]) 143   122   310   146
      5.6367e-01  1.0e+00 CM 0.0e+00 5.8e-02 (_scon[1898])

    Minor Iteration Log minor      t          z     w     v   art ckpts  enter
    leave
      500  4.5420e-08  3509  1512  1000     0     9 z[  312] w[ 2626]
     1000  1.3291e-07  3871  1150  1000     0    19 z[  128] w[ 2258] 1500
     2.4545e-07  3989  1032  1000     0    29 z[  192] w[ 2386] 2000
     3.6214e-07  4012  1009  1000     0    39 w[ 4772] z[  885] 2500
     4.3692e-07  3968  1053  1000     0    49 w[ 4676] z[  837] 3000
     6.1092e-07  4010  1011  1000     0    58 w[ 4518] z[  758] 3500
     7.0532e-07  4031   990  1000     0    68 z[   27] w[ 2056] 4000
     8.2514e-07  4000  1021  1000     0    78 w[ 4362] z[  680] 4500
     9.3805e-07  3997  1024  1000     0    88 z[  314] w[ 2630] 5000
     3.3087e-06  4000  1021  1000     0    98 w[ 2986] z[  492] 5500
     2.1348e-05  4000  1021  1000     0   107 w[  114] z[ 4536] 6000
     6.3257e-05  4027   994  1000     0   117 z[  764] w[ 4154] 6500
     1.4757e-04  4028   993  1000     0   127 z[ 2438] z[ 4460]

    Major Iteration Log major minor  func  grad  residual    step  type prox
    inorm  (label)
      144  6964   319   147 4.2147e-01  2.8e-02 CG 0.0e+00 4.1e-02
      (_scon[1367])

    Minor Iteration Log minor      t          z     w     v   art ckpts  enter
    leave
      500  8.0157e-11  3966   779  1076   200     9 z[   83] z[  354]

    Major Iteration Log major minor  func  grad  residual    step  type prox
    inorm  (label)
      145   935   320   148 4.2154e-01  1.0e+00 CM 0.0e+00 4.1e-02
      (_scon[1367]) 146   326   324   149 4.2154e-01  5.1e-01 CB 0.0e+00
      4.1e-02 (_scon[1367])

    Minor Iteration Log minor      t          z     w     v   art ckpts  enter
    leave
      500 -1.1287e-09  3970   894  1112    45     8 z[   63] z[  181]
     1000 -7.7950e-11  3972   894  1110    45    17 z[  191] z[  191]

    Major Iteration Log major minor  func  grad  residual    step  type prox
    inorm  (label)
      147  1000   346   150 4.1265e-01  6.9e-02 CG 0.0e+00 4.1e-02
      (_scon[1898]) 148   387   369   151 3.7532e-01  2.8e-02 CG 0.0e+00
      3.6e-02 (_scon[1520])

    Minor Iteration Log minor      t          z     w     v   art ckpts  enter
    leave
      500  4.8048e-08  3509  1512  1000     0     9 z[  857] w[ 4716]
     1000  1.4271e-07  3867  1154  1000     0    19 z[  932] w[ 4866] 1500
     2.6176e-07  3993  1028  1000     0    29 z[  273] w[ 2548] 2000
     3.8825e-07  4026   995  1000     0    39 w[ 2178] z[   88] 2500
     4.6409e-07  3967  1054  1000     0    49 z[  384] w[ 2770] 3000
     6.4388e-07  4062   959  1000     0    58 w[ 2628] z[  313] 3500
     7.3032e-07  4044   977  1000     0    68 w[ 4538] z[  768] 4000
     8.8713e-07  4025   996  1000     0    78 z[  573] w[ 4148] 4500
     9.7466e-07  4010  1011  1000     0    88 w[ 4338] z[  668] 5000
     3.9041e-06  3987  1034  1000     0    98 z[  743] w[ 4488] 5500
     2.2357e-05  4017  1004  1000     0   107 z[ 1009] w[ 5020]

    Restart Log proximal_perturbation 0 crash_method pnewton
    crash_nbchange_limit 10 nms_initial_reference_factor 2 crash_searchtype
    arc nms_searchtype arc gradient_searchtype arc lemke_search_type slack

    Crash Log major  func  diff  size  residual    step       prox   (label)
        0     0             2.4000e+00             0.0e+00 (_scon[1020]) 1
        9   507  3022 2.3729e+00  1.2e-02    0.0e+00 (_scon[1020])
    pn_search terminated: no progress.

    Major Iteration Log major minor  func  grad  residual    step  type prox
    inorm  (label)
      148     0   414   153 2.3729e+00           R 2.4e-02 5.1e-01
      (_scon[1020])

    Minor Iteration Log minor      t          z     w     v   art ckpts  enter
    leave
      500  3.3048e-06  4044  1977     0     0     9 z[  328] w[ 4876]

    Major Iteration Log major minor  func  grad  residual    step  type prox
    inorm  (label)
      149   619   415   154 2.3729e+00  1.0e+00 CM 9.5e-03 5.1e-01
      (_scon[1020]) 150    96   416   155 2.3729e+00  1.0e+00 CM 3.8e-03
      5.1e-01 (_scon[1020]) 151   121   417   156 2.3729e+00  1.0e+00 CM
      1.5e-03 5.1e-01 (_scon[1020]) 152   115   418   157 2.3729e+00  1.0e+00
      CM 6.1e-04 5.1e-01 (_scon[1020])

    Minor Iteration Log minor      t          z     w     v   art ckpts  enter
    leave
      500  3.6916e-07  4073  1943     5     0     9 z[  952] z[  781]

    Major Iteration Log major minor  func  grad  residual    step  type prox
    inorm  (label)
      153   520   419   158 2.3729e+00  1.0e+00 CM 2.4e-04 5.1e-01
      (_scon[1020]) 154    11   427   159 1.8802e+00  6.9e-02 NG 2.4e-01
      1.0e+00 (_scon[2021]) 155    65   428   160 1.8802e+00  1.0e+00 CM
      9.5e-02 1.0e+00 (_scon[2021]) 156    34   429   161 1.8802e+00  1.0e+00
      CM 3.8e-02 1.0e+00 (_scon[2021]) 157    54   430   162 1.8802e+00
      1.0e+00 CM 1.5e-02 1.0e+00 (_scon[2021]) 158    67   431   163
      1.8802e+00  1.0e+00 CM 6.1e-03 1.0e+00 (_scon[2021]) 159   170   432
      164 1.4146e+00  1.0e+00 CM 1.9e-01 1.0e+00 (_scon[2022]) 160   221   440
      165 1.0979e+00  6.9e-02 CG 7.5e-02 6.6e-01 (_scon[2022]) 161    19   441
      166 1.0979e+00  1.0e+00 CM 3.0e-02 6.6e-01 (_scon[2022])

    Minor Iteration Log minor      t          z     w     v   art ckpts  enter
    leave
      500  9.1786e-06  4404   622   995     0     9 w[ 2024] z[ 5897]

    Major Iteration Log major minor  func  grad  residual    step  type prox
    inorm  (label)
      162   724   442   167 1.0979e+00  1.0e+00 CM 1.2e-02 6.6e-01
      (_scon[2022])

    Minor Iteration Log minor      t          z     w     v   art ckpts  enter
    leave
      500  1.7953e-07  4528   890   603     0     9 w[  530] z[  873]

    Major Iteration Log major minor  func  grad  residual    step  type prox
    inorm  (label)
      163   953   443   168 1.0979e+00  1.0e+00 CM 4.8e-03 6.6e-01
      (_scon[2022])

    Minor Iteration Log minor      t          z     w     v   art ckpts  enter
    leave
      500  1.4959e-07  3489  1532  1000     0     9 z[  266] w[ 2534] 164
      459   456   169 1.0979e+00  4.4e-05 CB 1.1e-01 6.6e-01 (_scon[2022]) 165
      65   457   170 1.0978e+00  1.0e+00 CM 4.4e-02 6.6e-01 (_scon[2022]) 166
      174   462   171 9.5890e-01  4.1e-01 CG 1.8e-02 4.7e-01 (_scon[2021]) 167
      28   463   172 9.5890e-01  1.0e+00 CM 7.0e-03 4.7e-01 (_scon[2021]) 168
      22   464   173 9.5890e-01  1.0e+00 CM 2.8e-03 4.7e-01 (_scon[2021]) **
      SOLVER ERROR **
    Lemke: invertible basis could not be computed.
           You may avoid this error by increasing the
           lemke_rank_deficiency_iterations option.
WARNING: Loading a SolverResults object with a warning status into
model.name="unknown";
    - termination condition: maxIterations
    - message from solver: Path 5.0.05\x3a Time limit.; 73 iterations (1 for
      crash); 462636 pivots.; 169 function, 75 gradient evaluations.
ERROR: Solver (asl) returned non-zero return code (255)
ERROR: Solver log: Path 5.0.05: major_iteration_limit=50000000
minor_iteration_limit=50000000 cumulative_iteration_limit=100000000
time_limit=300 nms_memory_size=50 restart_limit=100
convergence_tolerance=1e-08 1000 side inequalities:
            1000 simple bounds, 0 range bounds, 0 single inequality
            constraints, and 0 range constraints.
    Path 5.0.05 (Tue Jul  6 14:56:30 2021) Written by Todd Munson, Steven
    Dirkse, Youngdae Kim, and Michael Ferris


    INITIAL POINT STATISTICS Maximum of X. . . . . . . . . .  2.0000e-01 var:
    (_svar[1]) Maximum of F. . . . . . . . . .  5.0484e-01 eqn: (_scon[1011])
    Maximum of Grad F . . . . . . .  1.0000e+00 eqn: (_scon[2021])
                                                var: (_svar[1])

    INITIAL JACOBIAN NORM STATISTICS Maximum Row Norm. . . . . . . .
    6.0006e+01 eqn: (_scon[1019]) Minimum Row Norm. . . . . . . .  1.0000e+00
    eqn: (_scon[1]) Maximum Column Norm . . . . . .  1.1074e+02 var:
    (_svar[9]) Minimum Column Norm . . . . . .  1.0000e+00 var: (_svar[2024])

    Crash Log major  func  diff  size  residual    step       prox   (label)
        0     0             2.4007e+00             0.0e+00 (_scon[1011]) 1
        1   510  3022 1.2993e+00  1.0e+00    0.0e+00 (_scon[1883])
    pn_search terminated: no progress.

    Major Iteration Log major minor  func  grad  residual    step  type prox
    inorm  (label)
        0     0    14     2 1.2993e+00           I 1.3e-02 1.2e-01
        (_scon[1883])

    Minor Iteration Log minor      t          z     w     v   art ckpts  enter
    leave
      500 -4.5478e-06  4034  1986     1     0     9 z[ 1002] z[  898]

    Minor Iteration Log minor      t          z     w     v   art ckpts  enter
    leave
      500  4.5520e-08  3500  1521   999     1     9 z[ 2292] w[   66]

    Major Iteration Log major minor  func  grad  residual    step  type prox
    inorm  (label)
        1   870    15     3 1.4146e+00  1.0e+00 CM 5.2e-03 1.0e+00
        (_scon[2022])

    Minor Iteration Log minor      t          z     w     v   art ckpts  enter
    leave
      500 -3.0773e-08  3362  1662   997     0     9 w[    8] z[    2]

    Major Iteration Log major minor  func  grad  residual    step  type prox
    inorm  (label)
        2   626    16     4 1.4102e+00  1.0e+00 CO 1.4e-01 1.0e+00
        (_scon[2022])

    Minor Iteration Log minor      t          z     w     v   art ckpts  enter
    leave
      500  1.0465e-03  3558  1466   997     0     9 z[ 4346] w[  537]
     1000  3.2044e-03  3892  1132   997     0    19 z[   87] w[  659] 1500
     5.6805e-03  3909  1117   995     0    29 z[  832] z[ 5499]

    Major Iteration Log major minor  func  grad  residual    step  type prox
    inorm  (label)
        3  1568    17     5 1.4023e+00  1.0e+00 CO 5.7e-02 9.9e-01
        (_scon[2022]) 4   234    18     6 1.4007e+00  1.0e+00 CO 2.3e-02
        9.9e-01 (_scon[2022]) 5   144    19     7 1.4001e+00  1.0e+00 CO
        9.1e-03 9.9e-01 (_scon[2022])

    Minor Iteration Log minor      t          z     w     v   art ckpts  enter
    leave
      500  4.4730e-06  3484  1538   999     0     9 z[  721] w[ 4444]
     1000  7.2994e-05  3984  1038   999     0    19 z[ 2220] w[  366]

    Minor Iteration Log minor      t          z     w     v   art ckpts  enter
    leave
      500  2.9285e-04  3504  1518   999     0     9 z[  266] w[  434]

    Major Iteration Log major minor  func  grad  residual    step  type prox
    inorm  (label)
        6   941    28     8 1.1039e+00  2.8e-02 CG 5.2e-03 1.2e-01
        (_scon[1275])

    Minor Iteration Log minor      t          z     w     v   art ckpts  enter
    leave
      500 -3.5284e-07  3500  1463  1058     0     9 z[   81] v[  812]

    Major Iteration Log major minor  func  grad  residual    step  type prox
    inorm  (label)
        7   525    29     9 1.1039e+00  1.0e+00 CO 2.1e-03 1.2e-01
        (_scon[1275]) 8   471    30    10 1.1039e+00  1.0e+00 CO 8.3e-04
        1.2e-01 (_scon[1275])

    Minor Iteration Log minor      t          z     w     v   art ckpts  enter
    leave
      500  2.3439e-05  3043  1584  1394     0     9 z[  986] v[  109]

    Major Iteration Log major minor  func  grad  residual    step  type prox
    inorm  (label)
        9   633    31    11 1.1039e+00  1.0e+00 CO 3.3e-04 1.2e-01
        (_scon[1275])
       10   284    32    12 1.1038e+00  1.0e+00 CO 1.3e-04 1.2e-01
       (_scon[1275])

    Minor Iteration Log minor      t          z     w     v   art ckpts  enter
    leave
      500  1.5583e-07  3503  1519   999     0     9 z[ 4652] w[  617]

    Major Iteration Log major minor  func  grad  residual    step  type prox
    inorm  (label)
       11   669    33    13 1.4146e+00  1.0e+00 CO 1.1e-01 1.0e+00
       (_scon[2021]) 12   452    42    14 9.8784e-01  2.8e-02 CG 1.3e-04
       1.3e-01 (_scon[2021]) 13   476    43    15 9.8810e-01  1.0e+00 CO
       5.3e-05 1.3e-01 (_scon[2021]) 14    65    44    16 9.8811e-01  1.0e+00
       CO 2.1e-05 1.3e-01 (_scon[2021]) 15   387    45    17 9.8809e-01
       1.0e+00 CO 8.5e-06 1.3e-01 (_scon[2021])

    Minor Iteration Log minor      t          z     w     v   art ckpts  enter
    leave
      500  4.5737e-08  3494  1527  1000     0    10 z[ 4038] w[  150]

    Major Iteration Log major minor  func  grad  residual    step  type prox
    inorm  (label)
       16   778    46    18 1.4146e+00  1.0e+00 RO 3.4e-06 1.0e+00
       (_scon[2021]) 17   129    47    19 9.2310e+00  1.0e+00 SD 1.4e-06
       5.1e-01 (_scon[1062]) 18    65    48    20 9.2310e+00  1.0e+00 CD
       5.4e-07 5.1e-01 (_scon[1062]) 19   170    49    21 9.2310e+00  1.0e+00
       CD 2.2e-07 5.1e-01 (_scon[1062]) 20   101    50    22 9.2310e+00
       1.0e+00 CD 8.7e-08 5.1e-01 (_scon[1062]) 21    80    51    23
       9.2310e+00  1.0e+00 CD 3.5e-08 5.1e-01 (_scon[1062]) 22   476    52
       24 9.2310e+00  1.0e+00 CD 9.2e-01 5.1e-01 (_scon[1062]) 23    19    61
       25 9.3726e-01  2.8e-02 RG 1.3e-04 1.0e-01 (_scon[1275]) 24    37    62
       26 9.3726e-01  1.0e+00 CO 5.3e-05 1.0e-01 (_scon[1275]) 25    26    63
       27 9.3726e-01  1.0e+00 CO 2.1e-05 1.0e-01 (_scon[1275]) 26    27    64
       28 9.3726e-01  1.0e+00 CO 8.5e-06 1.0e-01 (_scon[1275]) 27    48    65
       29 9.3726e-01  1.0e+00 CO 3.4e-06 1.0e-01 (_scon[1275])

    Minor Iteration Log minor      t          z     w     v   art ckpts  enter
    leave
      500  5.1743e-08  3496  1525  1000     0    10 z[ 2984] w[  384]

    Major Iteration Log major minor  func  grad  residual    step  type prox
    inorm  (label)
       28   906    66    30 1.4146e+00  1.0e+00 RO 1.4e-06 1.0e+00
       (_scon[2021]) 29   132    67    31 9.2310e+00  1.0e+00 SD 5.4e-07
       5.1e-01 (_scon[1062]) 30    85    68    32 9.2310e+00  1.0e+00 CD
       2.2e-07 5.1e-01 (_scon[1062]) 31    74    69    33 9.2310e+00  1.0e+00
       CD 9.2e-01 5.1e-01 (_scon[1062]) 32   268    70    34 9.2310e+00
       1.0e+00 CD 3.7e-01 5.1e-01 (_scon[1062]) 33   223    71    35
       9.2310e+00  1.0e+00 CD 1.5e-01 5.1e-01 (_scon[1062]) 34   414    72
       36 9.2310e+00  1.0e+00 CD 5.9e-02 5.1e-01 (_scon[1062]) 35   288    81
       37 8.7681e-01  2.8e-02 CG 1.3e-04 1.1e-01 (_scon[2021]) 36   477    82
       38 8.7692e-01  1.0e+00 CO 5.3e-05 1.1e-01 (_scon[2021]) 37    23    83
       39 8.7692e-01  1.0e+00 CO 2.1e-05 1.1e-01 (_scon[2021]) 38    24    84
       40 8.7691e-01  1.0e+00 CO 8.5e-06 1.1e-01 (_scon[2021]) 39   134    85
       41 8.7692e-01  1.0e+00 CO 3.4e-06 1.1e-01 (_scon[2021])

    Minor Iteration Log minor      t          z     w     v   art ckpts  enter
    leave
      500  4.7618e-08  3496  1525  1000     0    10 z[ 2404] w[  696]

    Major Iteration Log major minor  func  grad  residual    step  type prox
    inorm  (label)
       40   904    86    42 1.4146e+00  1.0e+00 RO 1.4e-06 1.0e+00
       (_scon[2021]) 41   133    87    43 9.2310e+00  1.0e+00 SD 5.4e-07
       5.1e-01 (_scon[1062]) 42    85    88    44 9.2310e+00  1.0e+00 CD
       2.2e-07 5.1e-01 (_scon[1062]) 43   130    89    45 9.2310e+00  1.0e+00
       CD 9.2e-01 5.1e-01 (_scon[1062]) 44   115    90    46 9.2310e+00
       1.0e+00 CD 3.7e-01 5.1e-01 (_scon[1062]) 45   176    91    47
       9.2310e+00  1.0e+00 CD 1.5e-01 5.1e-01 (_scon[1062]) 46   457    92
       48 9.2310e+00  1.0e+00 CD 5.9e-02 5.1e-01 (_scon[1062]) 47   288   101
       49 8.3723e-01  2.8e-02 CG 1.3e-04 8.9e-02 (_scon[1275]) 48   214   102
       50 8.3724e-01  1.0e+00 CO 5.3e-05 8.9e-02 (_scon[1275]) 49   185   103
       51 8.3724e-01  1.0e+00 CO 2.1e-05 8.9e-02 (_scon[1275]) 50   161   104
       52 8.3724e-01  1.0e+00 CO 8.5e-06 8.9e-02 (_scon[1275]) 51   161   105
       53 8.3724e-01  1.0e+00 CO 3.4e-06 8.9e-02 (_scon[1275])

    Minor Iteration Log minor      t          z     w     v   art ckpts  enter
    leave
      500  5.0940e-08  3496  1525  1000     0    10 z[ 2964] w[  750]

    Major Iteration Log major minor  func  grad  residual    step  type prox
    inorm  (label)
       52   904   106    54 1.4146e+00  1.0e+00 RO 1.4e-06 1.0e+00
       (_scon[2021]) 53   131   107    55 9.2310e+00  1.0e+00 SD 5.4e-07
       5.1e-01 (_scon[1062]) 54    85   108    56 9.2310e+00  1.0e+00 CD
       2.2e-07 5.1e-01 (_scon[1062]) 55    83   109    57 9.2310e+00  1.0e+00
       CD 9.2e-01 5.1e-01 (_scon[1062]) 56    47   110    58 9.2310e+00
       1.0e+00 CD 3.7e-01 5.1e-01 (_scon[1062]) 57   124   111    59
       9.2310e+00  1.0e+00 CD 1.5e-01 5.1e-01 (_scon[1062]) 58   137   112
       60 9.2310e+00  1.0e+00 CD 5.9e-02 5.1e-01 (_scon[1062])

    Restart Log proximal_perturbation 0 crash_method none crash_perturb yes
    nms_initial_reference_factor 2 lemke_start_type slack
    proximal_perturbation 2.4007e-02

    Major Iteration Log major minor  func  grad  residual    step  type prox
    inorm  (label)
       58     0   122    61 2.4007e+00           R 2.4e-02 5.0e-01
       (_scon[1011]) 59    69   123    62 2.4007e+00  1.0e+00 CO 9.6e-03
       5.0e-01 (_scon[1011])

    Minor Iteration Log minor      t          z     w     v   art ckpts  enter
    leave
      500  4.6395e-09  5218   794     9     0     9 w[  265] z[  608]

    Major Iteration Log major minor  func  grad  residual    step  type prox
    inorm  (label)
       60   530   124    63 2.4007e+00  1.0e+00 CO 3.8e-03 5.0e-01
       (_scon[1011]) 61   135   125    64 2.4007e+00  1.0e+00 CO 1.5e-03
       5.0e-01 (_scon[1011]) 62    63   126    65 2.4007e+00  1.0e+00 CO
       6.1e-04 5.0e-01 (_scon[1011]) 63   120   127    66 2.4007e+00  1.0e+00
       CO 2.5e-04 5.0e-01 (_scon[1011]) 64    11   134    67 2.3349e+00
       1.7e-01 NG 1.5e-03 1.0e+00 (_scon[2021]) 65    21   135    68
       2.3349e+00  1.0e+00 CO 6.1e-04 1.0e+00 (_scon[2022]) 66    25   136
       69 2.3349e+00  1.0e+00 CO 2.5e-04 1.0e+00 (_scon[2022]) 67    23   137
       70 2.3349e+00  1.0e+00 CO 9.8e-05 1.0e+00 (_scon[2022]) 68    85   138
       71 2.3349e+00  1.0e+00 CO 2.3e-01 1.0e+00 (_scon[2022]) 69   175   139
       72 1.4146e+00  1.0e+00 CO 9.3e-02 1.0e+00 (_scon[2022]) 70   102   147
       73 1.0963e+00  6.9e-02 CG 3.7e-02 6.6e-01 (_scon[2022]) 71   433   148
       74 1.0963e+00  1.0e+00 CO 1.5e-02 6.6e-01 (_scon[2022])

    Minor Iteration Log minor      t          z     w     v   art ckpts  enter
    leave
      500 -7.1695e-08  4322   701   998     0     9 w[ 2982] z[ 2502]

    Major Iteration Log major minor  func  grad  residual    step  type prox
    inorm  (label)
       72   633   149    75 1.0963e+00  1.0e+00 CO 6.0e-03 6.6e-01
       (_scon[2022]) 73   453   150    76 1.0962e+00  1.0e+00 CO 2.4e-03
       6.6e-01 (_scon[2021])

    Minor Iteration Log minor      t          z     w     v   art ckpts  enter
    leave
      500  3.0731e-07  3499  1523   999     0     9 z[  297] w[ 2596]
     1000 -1.1682e-07  3864  1160   997     0    19 w[   11] z[ 2026]

    Major Iteration Log major minor  func  grad  residual    step  type prox
    inorm  (label)
       74  1006   151    77 1.4146e+00  1.0e+00 CO 1.1e-01 1.0e+00
       (_scon[2021]) 75    51   152    78 1.4146e+00  1.0e+00 CO 4.4e-02
       1.0e+00 (_scon[2021])

    Minor Iteration Log minor      t          z     w     v   art ckpts  enter
    leave
      500  1.0036e-02  3651  1371   999     0     9 w[ 4788] z[ 2434]
     1000  2.5098e-03  3527  1497   997     0    19 w[  233] z[  834]

    Major Iteration Log major minor  func  grad  residual    step  type prox
    inorm  (label)
       76  1040   157    79 9.4790e-01  4.1e-01 CG 2.4e-03 4.7e-01
       (_scon[2022]) 77    33   158    80 9.4790e-01  1.0e+00 CO 9.6e-04
       4.7e-01 (_scon[2022]) 78    32   159    81 9.4790e-01  1.0e+00 CO
       3.8e-04 4.7e-01 (_scon[2022])

    Minor Iteration Log minor      t          z     w     v   art ckpts  enter
    leave
      500 -1.2665e-08  3464  1560   997     0     9 v[ 5276] w[    6]

    Major Iteration Log major minor  func  grad  residual    step  type prox
    inorm  (label)
       79   550   160    82 1.4146e+00  1.0e+00 CO 9.5e-02 1.0e+00
       (_scon[2021]) 80   423   161    83 1.3987e+00  1.0e+00 CO 3.8e-02
       9.9e-01 (_scon[2021])

    Minor Iteration Log minor      t          z     w     v   art ckpts  enter
    leave
      500  4.1230e-04  3597  1425   999     0     9 z[  761] w[  103]
     1000  1.3166e-03  3932  1093   996     0    19 w[ 2046] z[ 4822]

    Major Iteration Log major minor  func  grad  residual    step  type prox
    inorm  (label)
       81  1092   162    84 1.3956e+00  1.0e+00 CO 1.5e-02 9.9e-01
       (_scon[2021]) 82    64   170    85 8.6106e-01  6.9e-02 CG 9.6e-04
       2.9e-01 (_scon[2022])

    Minor Iteration Log minor      t          z     w     v   art ckpts  enter
    leave
      500  1.2318e-06  4734   794   493     0     9 z[  378] w[  845]
     1000  1.0535e-06  4808   684   529     0    19 w[   75] v[  935] 1500
     7.7429e-06  4644   870   507     0    29 z[  762] w[  824] 2000
     5.3303e-06  4713   802   506     0    39 w[  313] z[  799]

    Major Iteration Log major minor  func  grad  residual    step  type prox
    inorm  (label)
       83  2062   171    86 8.6089e-01  1.0e+00 CO 3.8e-04 2.9e-01
       (_scon[2022])

    Minor Iteration Log minor      t          z     w     v   art ckpts  enter
    leave
      500 -2.0421e-08  3453  1570   998     0     9 z[    1] z[    5]

    Major Iteration Log major minor  func  grad  residual    step  type prox
    inorm  (label)
       84   513   172    87 1.4146e+00  1.0e+00 CO 8.6e-02 1.0e+00
       (_scon[2021]) 85   334   173    88 1.3947e+00  1.0e+00 CO 3.4e-02
       9.9e-01 (_scon[2021])

    Minor Iteration Log minor      t          z     w     v   art ckpts  enter
    leave
      500  3.3428e-04  3596  1426   999     0     9 z[  155] w[  187]
     1000  6.6543e-04  3829  1196   996     0    19 w[ 1009] z[  912]

    Major Iteration Log major minor  func  grad  residual    step  type prox
    inorm  (label)
       86  1115   174    89 1.3937e+00  1.0e+00 CO 1.4e-02 9.9e-01
       (_scon[2021])

    Minor Iteration Log minor      t          z     w     v   art ckpts  enter
    leave
      500  6.6437e-03  4034   996   991     0     9 v[ 5625] z[  447]

    Major Iteration Log major minor  func  grad  residual    step  type prox
    inorm  (label)
       87   653   175    90 1.3845e+00  1.0e+00 CO 5.5e-03 9.8e-01
       (_scon[2021]) 88    23   183    91 8.6035e-01  6.9e-02 CG 3.8e-04
       5.2e-01 (_scon[2022])

    Minor Iteration Log minor      t          z     w     v   art ckpts  enter
    leave
      500 -2.9472e-08  3468  1556   997     0     9 v[ 5025] w[    6]

    Major Iteration Log major minor  func  grad  residual    step  type prox
    inorm  (label)
       89   514   184    92 1.4146e+00  1.0e+00 CO 8.6e-02 1.0e+00
       (_scon[2021]) 90   291   185    93 1.3953e+00  1.0e+00 CO 3.4e-02
       9.9e-01 (_scon[2021])

    Minor Iteration Log minor      t          z     w     v   art ckpts  enter
    leave
      500  3.6831e-04  3602  1422   997     0     9 z[ 2822] w[ 4772]
     1000  1.6151e-03  3957  1070   994     0    19 w[ 2454] z[ 2766]

    Major Iteration Log major minor  func  grad  residual    step  type prox
    inorm  (label)
       91  1076   186    94 1.3914e+00  1.0e+00 CO 1.4e-02 9.8e-01
       (_scon[2021]) 92    83   187    95 1.3896e+00  1.0e+00 CO 5.5e-03
       9.8e-01 (_scon[2021]) 93    80   188    96 1.3887e+00  1.0e+00 CO
       2.2e-03 9.8e-01 (_scon[2021])
      ** SOLVER ERROR **
    Lemke: invertible basis could not be computed.
           You may avoid this error by increasing the
           lemke_rank_deficiency_iterations option.
WARNING: Loading a SolverResults object with a warning status into
model.name="unknown";
    - termination condition: maxIterations
    - message from solver: Path 5.0.05\x3a Time limit.; 48 iterations (1 for
      crash); 405128 pivots.; 110 function, 50 gradient evaluations.
ERROR: Solver (asl) returned non-zero return code (255)
ERROR: Solver log: Path 5.0.05: major_iteration_limit=50000000
minor_iteration_limit=50000000 cumulative_iteration_limit=100000000
time_limit=300 nms_memory_size=50 restart_limit=100
convergence_tolerance=1e-08 1000 side inequalities:
            1000 simple bounds, 0 range bounds, 0 single inequality
            constraints, and 0 range constraints.
    Path 5.0.05 (Tue Jul  6 14:56:30 2021) Written by Todd Munson, Steven
    Dirkse, Youngdae Kim, and Michael Ferris


    INITIAL POINT STATISTICS Maximum of X. . . . . . . . . .  2.0000e-01 var:
    (_svar[1]) Maximum of F. . . . . . . . . .  5.0800e-01 eqn: (_scon[1012])
    Maximum of Grad F . . . . . . .  1.0000e+00 eqn: (_scon[2021])
                                                var: (_svar[1])

    INITIAL JACOBIAN NORM STATISTICS Maximum Row Norm. . . . . . . .
    5.8770e+01 eqn: (_scon[1018]) Minimum Row Norm. . . . . . . .  1.0000e+00
    eqn: (_scon[1]) Maximum Column Norm . . . . . .  1.1085e+02 var:
    (_svar[9]) Minimum Column Norm . . . . . .  1.0000e+00 var: (_svar[2024])

    Crash Log major  func  diff  size  residual    step       prox   (label)
        0     0             2.4689e+00             0.0e+00 (_scon[1012]) 1
        4   500  3022 2.3179e+00  4.1e-01    0.0e+00 (_scon[1016])
    pn_search terminated: no progress.

    Major Iteration Log major minor  func  grad  residual    step  type prox
    inorm  (label)
        0     0    17     2 2.3179e+00           I 2.3e-02 3.9e-01
        (_scon[1016])

    Minor Iteration Log minor      t          z     w     v   art ckpts  enter
    leave
      500 -3.0867e-06  4038  1982     1     0     9 w[  149] z[  155]
        1   153    18     3 1.4146e+00  1.0e+00 NM 9.3e-03 1.0e+00
        (_scon[2022]) 2    59    19     4 1.4146e+00  1.0e+00 CO 1.4e-01
        1.0e+00 (_scon[2022]) 3    73    20     5 1.4146e+00  1.0e+00 CO
        5.7e-02 1.0e+00 (_scon[2022]) 4   108    21     6 1.3872e+00  1.0e+00
        CO 2.3e-02 9.8e-01 (_scon[2022])

    Minor Iteration Log minor      t          z     w     v   art ckpts  enter
    leave
      500  1.2751e-04  3904  1422   695     0     9 z[ 4558] w[ 4874]
     1000  7.0645e-04  4257  1066   698     0    19 w[ 4230] z[  614]

    Major Iteration Log major minor  func  grad  residual    step  type prox
    inorm  (label)
        5  1071    22     7 1.3860e+00  1.0e+00 CO 9.1e-03 9.8e-01
        (_scon[2022])

    Minor Iteration Log minor      t          z     w     v   art ckpts  enter
    leave
      500  2.4877e-07  3468  1557   996     0     9 z[ 4140] w[  221]

    Minor Iteration Log minor      t          z     w     v   art ckpts  enter
    leave
      500  2.5231e-05  3508  1514   999     0     9 z[ 4946] w[  637]

    Major Iteration Log major minor  func  grad  residual    step  type prox
    inorm  (label)
        6   806    30     8 1.0822e+00  6.9e-02 CG 1.4e-01 6.4e-01
        (_scon[2022]) 7    30    31     9 1.0822e+00  1.0e+00 CO 5.5e-02
        6.4e-01 (_scon[2022]) 8    19    32    10 1.0822e+00  1.0e+00 CO
        2.2e-02 6.4e-01 (_scon[2022]) 9    19    33    11 1.0822e+00  1.0e+00
        CO 8.9e-03 6.4e-01 (_scon[2022])
       10    37    34    12 1.0822e+00  1.0e+00 CO 3.5e-03 6.4e-01
       (_scon[2022])
      ** SOLVER ERROR **
    Lemke: invertible basis could not be computed.
           You may avoid this error by increasing the
           lemke_rank_deficiency_iterations option.
