START 2026-07-07T06:21:59+00:00 risk=msd K=500 n=20
ERROR: Solver (asl) returned non-zero return code (255)
ERROR: Solver log: Path 5.0.05: major_iteration_limit=50000000
minor_iteration_limit=50000000 cumulative_iteration_limit=100000000
time_limit=300 nms_memory_size=50 restart_limit=100
convergence_tolerance=1e-08 1000 side inequalities:
            1000 simple bounds, 0 range bounds, 0 single inequality
            constraints, and 0 range constraints.
    Path 5.0.05 (Tue Jul  6 14:56:30 2021) Written by Todd Munson, Steven
    Dirkse, Youngdae Kim, and Michael Ferris


    INITIAL POINT STATISTICS Maximum of X. . . . . . . . . .  2.0000e-01 var:
    (_svar[1]) Maximum of F. . . . . . . . . .  5.0790e-01 eqn: (_scon[1017])
    Maximum of Grad F . . . . . . .  1.0000e+00 eqn: (_scon[2021])
                                                var: (_svar[1])

    INITIAL JACOBIAN NORM STATISTICS Maximum Row Norm. . . . . . . .
    6.1551e+01 eqn: (_scon[1012]) Minimum Row Norm. . . . . . . .  1.0000e+00
    eqn: (_scon[1]) Maximum Column Norm . . . . . .  1.1396e+02 var:
    (_svar[2]) Minimum Column Norm . . . . . .  1.0000e+00 var: (_svar[2024])

    Crash Log major  func  diff  size  residual    step       prox   (label)
        0     0             2.4121e+00             0.0e+00 (_scon[1017])
    pn_search terminated: no progress.

    Major Iteration Log major minor  func  grad  residual    step  type prox
    inorm  (label)
        0     0    13     1 2.4121e+00           I 0.0e+00 5.1e-01
        (_scon[1017])

    Minor Iteration Log minor      t          z     w     v   art ckpts  enter
    leave
      500  9.6269e-08  5548   473     0     0     9 w[ 2120] z[   59]
     1000  4.5231e-07  5196   825     0     0    19 w[ 4580] z[  789] 1500
     1.2950e-06  5076   945     0     0    29 w[ 2596] z[  297]

    Minor Iteration Log minor      t          z     w     v   art ckpts  enter
    leave
      500  5.6748e-08  3509  1512  1000     0     9 z[  333] w[ 2668]
     1000  1.7913e-07  3891  1130  1000     0    19 z[  449] w[ 2900] 1500
     3.4699e-07  4018  1003  1000     0    29 w[ 2322] z[  160] 2000
     4.9212e-07  4006  1015  1000     0    39 w[ 2710] z[  354] 2500
     5.9347e-07  4016  1005  1000     0    49 w[ 4248] z[  623] 3000
     6.8662e-07  3993  1028  1000     0    58 z[  201] w[ 2404] 3500
     8.1295e-07  4003  1018  1000     0    68 z[   61] w[ 2124] 4000
     9.2441e-07  4022   999  1000     0    78 w[ 4550] z[  774] 4500
     1.0704e-06  3997  1024  1000     0    88 z[  732] w[ 4466] 5000
     1.4097e-06  4011  1010  1000     0    98 z[  722] w[ 4446] 5500
     1.2552e-06  4010  1011  1000     0   107 w[ 2410] z[  204] 6000
     3.9832e-06  4001  1020  1000     0   117 z[  428] w[ 2858] 6500
     3.0102e-05  4022   999  1000     0   127 w[ 4700] z[  849] 7000
     2.7571e-04  4042   979  1000     0   137 w[  253] z[ 2436]

    Major Iteration Log major minor  func  grad  residual    step  type prox
    inorm  (label)
        1  7323    14     2 1.4145e+00  1.0e+00 CO 0.0e+00 1.0e+00
        (_scon[2022]) 2   314    15     3 4.7824e+00  1.0e+00 SO 0.0e+00
        4.3e-01 (_scon[1547]) 3   360    16     4 4.7601e+00  1.0e+00 CO
        0.0e+00 4.3e-01 (_scon[1547]) 4    43    17     5 4.7601e+00  1.0e+00
        CO 0.0e+00 4.3e-01 (_scon[1547]) 5    51    18     6 4.7601e+00
        1.0e+00 CO 0.0e+00 4.3e-01 (_scon[1547]) 6    43    19     7
        4.7601e+00  1.0e+00 CO 0.0e+00 4.3e-01 (_scon[1547]) 7    43    20
        8 4.7601e+00  1.0e+00 CO 0.0e+00 4.3e-01 (_scon[1547])

    Minor Iteration Log minor      t          z     w     v   art ckpts  enter
    leave
      500  3.1698e-08  3509  1512  1000     0     9 z[  729] w[ 4460]
     1000  9.8751e-08  3891  1130  1000     0    19 z[  407] w[ 2816] 1500
     1.9846e-07  3998  1023  1000     0    29 w[ 2164] z[   81] 2000
     2.6180e-07  4018  1003  1000     0    39 w[ 2188] z[   93] 2500
     3.3495e-07  4008  1013  1000     0    49 w[ 4038] z[  518] 3000
     4.0414e-07  3982  1039  1000     0    58 w[ 2768] z[  383] 3500
     4.9949e-07  4016  1005  1000     0    68 w[ 4504] z[  751] 4000
     5.6212e-07  4008  1013  1000     0    78 w[ 4182] z[  590] 4500
     6.3528e-07  4037   984  1000     0    88 z[  719] w[ 4440] 5000
     7.8145e-07  4025   996  1000     0    98 z[  275] w[ 2552] 5500
     4.5592e-06  4025   996  1000     0   107 z[  877] w[ 4756] 6000
     3.1876e-05  4030   991  1000     0   117 w[ 4646] z[  822] 6500
     2.5742e-04  4031   990  1000     0   127 w[  984] w[  125]

    Major Iteration Log major minor  func  grad  residual    step  type prox
    inorm  (label)
        8  6752    28     9 1.0972e+00  6.9e-02 CG 0.0e+00 6.6e-01
        (_scon[2021])

    Minor Iteration Log minor      t          z     w     v   art ckpts  enter
    leave
      500 -2.7581e-10  4318   456  1000   247     8 z[  789] z[  789]

    Major Iteration Log major minor  func  grad  residual    step  type prox
    inorm  (label)
        9   540    29    10 1.0972e+00  1.0e+00 CO 0.0e+00 6.6e-01
        (_scon[2021])
       10   154    30    11 1.0972e+00  1.0e+00 CO 0.0e+00 6.6e-01
       (_scon[2021]) 11    60    31    12 1.0972e+00  1.0e+00 CO 0.0e+00
       6.6e-01 (_scon[2021]) 12   322    32    13 1.0972e+00  1.0e+00 CO
       0.0e+00 6.6e-01 (_scon[2021])

    Minor Iteration Log minor      t          z     w     v   art ckpts  enter
    leave
      500  1.5055e-07  3509  1512  1000     0     9 z[  153] w[ 2308]
     1000  4.0772e-07  3867  1154  1000     0    19 z[  820] w[ 4642] 1500
     8.2605e-07  4026   995  1000     0    29 w[ 4174] z[  586] 2000
     1.1143e-06  4007  1014  1000     0    39 z[ 1003] w[ 5008] 2500
     1.3593e-06  3985  1036  1000     0    49 z[  491] w[ 2984] 3000
     1.6090e-06  4017  1004  1000     0    58 z[   77] w[ 2156] 3500
     1.8884e-06  3999  1022  1000     0    68 z[  578] w[ 4158] 4000
     2.0932e-06  3981  1040  1000     0    78 z[  371] w[ 2744] 4500
     3.1252e-06  4007  1014  1000     0    88 z[  158] w[ 2318] 5000
     4.5068e-06  4035   986  1000     0    98 z[  886] w[ 4774] 5500
     7.7263e-06  3994  1027  1000     0   107 z[  383] z[    2] 6000
     1.7758e-05  3998  1023  1000     0   117 w[ 2914] z[ 2730]

    Major Iteration Log major minor  func  grad  residual    step  type prox
    inorm  (label)
       13  6054    33    14 1.4146e+00  1.0e+00 CO 0.0e+00 1.0e+00
       (_scon[2021]) 14     1    34    15 4.7824e+00  1.0e+00 SO 0.0e+00
       4.3e-01 (_scon[1547]) 15   187    35    16 4.7824e+00  1.0e+00 CO
       0.0e+00 4.3e-01 (_scon[1547])

    Minor Iteration Log minor      t          z     w     v   art ckpts  enter
    leave
      500  5.9269e-08  3890  1070  1061     0     9 w[ 2246] z[  207]

    Major Iteration Log major minor  func  grad  residual    step  type prox
    inorm  (label)
       16   790    36    17 4.7824e+00  1.0e+00 CO 0.0e+00 4.3e-01
       (_scon[1547]) 17   230    37    18 4.7824e+00  1.0e+00 CO 0.0e+00
       4.3e-01 (_scon[1547])

    Minor Iteration Log minor      t          z     w     v   art ckpts  enter
    leave
      500  5.2683e-07  3858  1083  1080     0     9 z[  796] z[  762]

    Major Iteration Log major minor  func  grad  residual    step  type prox
    inorm  (label)
       18   652    38    19 4.7824e+00  1.0e+00 CO 0.0e+00 4.3e-01
       (_scon[1547])

    Minor Iteration Log minor      t          z     w     v   art ckpts  enter
    leave
      500  1.6821e-08  4895   742   148   236     9 z[  266] z[  147]
     1000  1.4059e-08  4874   846   257    44    18 z[  134] w[    1]

    Major Iteration Log major minor  func  grad  residual    step  type prox
    inorm  (label)
       19  1095    39    20 4.7824e+00  1.0e+00 CO 0.0e+00 4.3e-01
       (_scon[1547])

    Minor Iteration Log minor      t          z     w     v   art ckpts  enter
    leave
      500  3.1667e-08  3509  1512  1000     0     9 z[  729] w[ 4460]
     1000  1.0237e-07  3887  1134  1000     0    19 z[  822] w[ 4646] 1500
     1.9600e-07  3998  1023  1000     0    29 w[ 2486] z[  242] 2000
     2.5672e-07  4022   999  1000     0    39 w[ 2984] z[  491] 2500
     3.2852e-07  4012  1009  1000     0    49 w[ 4460] z[  729] 3000
     3.9473e-07  3982  1039  1000     0    58 w[ 4252] z[  625] 3500
     4.8815e-07  4015  1006  1000     0    68 z[  258] w[ 2518] 4000
     5.4994e-07  4011  1010  1000     0    78 z[  527] w[ 4056] 4500
     6.1526e-07  4013  1008  1000     0    88 z[  763] w[ 4528] 5000
     7.1167e-07  4020  1001  1000     0    98 w[ 3014] z[  506] 5500
     3.2883e-06  4008  1013  1000     0   107 w[ 2204] z[  101] 6000
     1.1519e-05  4004  1017  1000     0   117 w[ 4304] z[  651] 6500
     8.3190e-05  4025   996  1000     0   127 w[  498] w[  101] 7000
     5.3073e-04  4060   961  1000     0   137 w[  109] z[ 4400]

    Major Iteration Log major minor  func  grad  residual    step  type prox
    inorm  (label)
       20  7023    44    21 9.6079e-01  4.1e-01 CG 0.0e+00 4.7e-01
       (_scon[2022]) 21    86    45    22 9.6079e-01  1.0e+00 RO 0.0e+00
       4.7e-01 (_scon[2022]) 22    10    46    23 9.6078e-01  1.0e+00 RO
       0.0e+00 4.7e-01 (_scon[2022]) 23    37    47    24 9.6078e-01  1.0e+00
       RO 0.0e+00 4.7e-01 (_scon[2022]) 24    78    48    25 9.6078e-01
       1.0e+00 RO 0.0e+00 4.7e-01 (_scon[2022])

    Minor Iteration Log minor      t          z     w     v   art ckpts  enter
    leave
      500  1.0040e-07  3509  1512  1000     0     9 z[   44] w[ 2090]
     1000  2.7343e-07  3856  1165  1000     0    19 w[ 2664] z[  331] 1500
     5.0956e-07  4002  1019  1000     0    29 w[ 2918] z[  458] 2000
     7.0527e-07  4000  1021  1000     0    39 w[ 4724] z[  861] 2500
     8.5704e-07  3978  1043  1000     0    49 w[ 3020] z[  509] 3000
     1.0689e-06  4007  1014  1000     0    58 z[  947] w[ 4896] 3500
     1.2370e-06  4037   984  1000     0    68 z[  832] w[ 4666] 4000
     1.4286e-06  4015  1006  1000     0    78 z[  847] w[ 4696] 4500
     1.6540e-06  3997  1024  1000     0    88 z[  164] w[ 2330] 5000
     2.0699e-06  4015  1006  1000     0    98 z[  102] w[ 2206] 5500
     4.1670e-06  4033   988  1000     0   107 z[  887] w[ 4776] 6000
     -3.4094e-08  4002  1019  1000     0   117 w[ 4468] z[  733] 6500
     1.6737e-07  4007  1014  1000     0   127 z[   61] w[ 2124] 7000
     3.3271e-07  4042   979  1000     0   137 w[ 4936] z[  967] 7500
     5.2445e-07  3988  1033  1000     0   147 w[ 4940] z[  969]

    Major Iteration Log major minor  func  grad  residual    step  type prox
    inorm  (label)
       25  7699    49    26 1.4146e+00  1.0e+00 CO 0.0e+00 1.0e+00
       (_scon[2021]) 26     1    50    27 4.7825e+00  1.0e+00 SO 0.0e+00
       4.3e-01 (_scon[1547]) 27    93    51    28 4.7825e+00  1.0e+00 CO
       0.0e+00 4.3e-01 (_scon[1547]) 28   326    52    29 4.7825e+00  1.0e+00
       CO 0.0e+00 4.3e-01 (_scon[1547]) 29    50    53    30 4.7825e+00
       1.0e+00 CO 0.0e+00 4.3e-01 (_scon[1547]) 30   326    54    31
       4.7825e+00  1.0e+00 CO 0.0e+00 4.3e-01 (_scon[1547])

    Minor Iteration Log minor      t          z     w     v   art ckpts  enter
    leave
      500  6.6790e-09  4623   957   401    40     8 z[  769] w[    8]

    Major Iteration Log major minor  func  grad  residual    step  type prox
    inorm  (label)
       31   906    55    32 4.7825e+00  1.0e+00 CO 0.0e+00 4.3e-01
       (_scon[1547])

    Minor Iteration Log minor      t          z     w     v   art ckpts  enter
    leave
      500  3.1667e-08  3509  1512  1000     0     9 z[  729] w[ 4460]
     1000  1.0416e-07  3892  1129  1000     0    19 w[ 2548] z[  273] 1500
     2.0107e-07  4001  1020  1000     0    29 z[  295] w[ 2592] 2000
     2.6021e-07  4029   992  1000     0    39 z[  630] w[ 4262] 2500
     3.3778e-07  4016  1005  1000     0    49 w[ 2616] z[  307] 3000
     4.0513e-07  3985  1036  1000     0    58 z[  825] w[ 4652] 3500
     5.0180e-07  4012  1009  1000     0    68 z[    7] z[    9] 4000
     5.5957e-07  4000  1021  1000     0    78 w[ 3022] z[  510] 4500
     6.2720e-07  4014  1007  1000     0    88 w[ 4464] z[  731] 5000
     7.2246e-07  4027   994  1000     0    98 z[  472] w[ 2946] 5500
     3.3412e-06  4011  1010  1000     0   107 z[  705] w[ 4412] 6000
     9.8791e-06  4003  1018  1000     0   117 z[ 4304] w[   41] 6500
     8.0580e-05  4035   986  1000     0   127 z[  590] w[ 4182] 7000
     5.7013e-04  4060   961  1000     0   137 w[  984] z[ 4804]

    Major Iteration Log major minor  func  grad  residual    step  type prox
    inorm  (label)
       32  7443    56    33 8.7936e-01  1.0e+00 SO 0.0e+00 7.8e-02
       (_scon[1726])

    Minor Iteration Log minor      t          z     w     v   art ckpts  enter
    leave
      500  1.8596e-01  4017   986  1018     0     9 v[  796] w[   88]

    Major Iteration Log major minor  func  grad  residual    step  type prox
    inorm  (label)
       33   613    57    34 7.0645e-01  1.0e+00 CO 0.0e+00 6.3e-02
       (_scon[1726]) 34    55    58    35 7.0645e-01  1.0e+00 CO 0.0e+00
       6.3e-02 (_scon[1726]) 35    41    59    36 7.0645e-01  1.0e+00 CO
       0.0e+00 6.3e-02 (_scon[1726]) 36    55    60    37 7.0645e-01  1.0e+00
       CO 0.0e+00 6.3e-02 (_scon[1726]) 37    92    61    38 7.0645e-01
       1.0e+00 CO 0.0e+00 6.3e-02 (_scon[1726])

    Minor Iteration Log minor      t          z     w     v   art ckpts  enter
    leave
      500  5.0591e-08  3509  1512  1000     0     9 z[  464] w[ 2930]
     1000  1.7818e-07  3915  1106  1000     0    19 z[  307] w[ 2616] 1500
     2.9031e-07  3993  1028  1000     0    29 z[  386] w[ 2774] 2000
     3.8151e-07  4021  1000  1000     0    39 z[  639] w[ 4280] 2500
     4.9482e-07  4039   982  1000     0    49 z[   70] w[ 2142] 3000
     5.7730e-07  3981  1040  1000     0    58 z[  390] w[ 2782] 3500
     7.0905e-07  3988  1033  1000     0    68 w[ 4246] z[  622] 4000
     8.0593e-07  4006  1015  1000     0    78 w[ 2826] z[  412] 4500
     9.0482e-07  4013  1008  1000     0    88 z[  767] w[ 4536] 5000
     3.0538e-06  4011  1010  1000     0    98 z[  323] w[ 2648] 5500
     4.6215e-06  4037   984  1000     0   107 z[  990] w[ 4982] 6000
     3.5601e-05  4017  1004  1000     0   117 z[   66] w[ 2134]

    Major Iteration Log major minor  func  grad  residual    step  type prox
    inorm  (label)
       38  6471    69    39 6.7077e-01  6.9e-02 CG 0.0e+00 7.0e-02
       (_scon[1963])

    Minor Iteration Log minor      t          z     w     v   art ckpts  enter
    leave
      500  6.6738e-10  3960   831  1097   133     9 z[   65] z[   65]
     1000  1.2383e-09  3962   921  1118    20    18 z[  991] z[  524]

    Major Iteration Log major minor  func  grad  residual    step  type prox
    inorm  (label)
       39  1134    70    40 6.7082e-01  1.0e+00 CO 0.0e+00 7.0e-02
       (_scon[1963]) 40   341    71    41 6.7080e-01  1.0e+00 CO 0.0e+00
       7.0e-02 (_scon[1963]) 41    27    72    42 6.7080e-01  1.0e+00 CO
       0.0e+00 7.0e-02 (_scon[1963]) 42   238    73    43 6.7080e-01  1.0e+00
       CO 0.0e+00 7.0e-02 (_scon[1963])

    Minor Iteration Log minor      t          z     w     v   art ckpts  enter
    leave
      500  5.3814e-08  3509  1512  1000     0     9 z[  201] w[ 2404]
     1000  1.9169e-07  3907  1114  1000     0    19 z[  556] w[ 4114] 1500
     3.1291e-07  4001  1020  1000     0    29 z[  193] w[ 2388] 2000
     4.1892e-07  4013  1008  1000     0    39 z[  254] w[ 2510] 2500
     5.2506e-07  4008  1013  1000     0    49 w[ 2434] z[  216] 3000
     6.1033e-07  3982  1039  1000     0    58 w[ 4622] z[  810] 3500
     7.3804e-07  3987  1034  1000     0    68 z[  884] w[ 4770] 4000
     9.8669e-07  4014  1007  1000     0    78 w[ 2752] z[  375] 4500
     1.7543e-06  4040   981  1000     0    88 w[ 4270] z[  634] 5000
     7.2393e-06  4016  1005  1000     0    98 w[ 2298] z[  148] 5500
     5.0632e-05  4034   987  1000     0   107 z[ 2480] z[ 2922] 6000
     2.6458e-04  4023   998  1000     0   117 w[  997] w[  282] 6500
     4.7487e-04  4016  1005  1000     0   127 w[ 4304] z[   10]

    Major Iteration Log major minor  func  grad  residual    step  type prox
    inorm  (label)
       43  6702    74    44 1.4142e+00  1.0e+00 CM 0.0e+00 1.0e+00
       (_scon[2021]) 44    26    83    45 5.0944e-01  2.8e-02 RG 0.0e+00
       4.8e-02 (_scon[1726]) 45   458    84    46 5.0944e-01  1.0e+00 CO
       0.0e+00 4.8e-02 (_scon[1726]) 46   238    85    47 5.0946e-01  1.0e+00
       CO 0.0e+00 4.8e-02 (_scon[1726]) 47    69    86    48 5.0946e-01
       1.0e+00 RO 0.0e+00 4.8e-02 (_scon[1726])

    Minor Iteration Log minor      t          z     w     v   art ckpts  enter
    leave
      500  5.1709e-08  3509  1512  1000     0     9 z[  687] w[ 4376]
     1000  1.7907e-07  3907  1114  1000     0    19 z[  129] w[ 2260] 1500
     2.9483e-07  3997  1024  1000     0    29 z[  558] w[ 4118] 2000
     3.9492e-07  4005  1016  1000     0    39 z[  829] w[ 4660] 2500
     5.0383e-07  4012  1009  1000     0    49 w[ 4946] z[  972] 3000
     5.8926e-07  3978  1043  1000     0    58 w[ 2360] z[  179] 3500
     7.1517e-07  3996  1025  1000     0    68 w[ 4518] z[  758] 4000
     8.2387e-07  4017  1004  1000     0    78 z[  270] w[ 2542] 4500
     2.4315e-06  4030   991  1000     0    88 w[ 2050] z[   24] 5000
     3.9393e-06  4024   997  1000     0    98 w[ 2150] z[   74] 5500
     4.5486e-05  4025   996  1000     0   107 z[  962] w[ 4926] 6000
     1.1277e-04  4018  1003  1000     0   117 z[ 4524] z[ 4646]

    Major Iteration Log major minor  func  grad  residual    step  type prox
    inorm  (label)
       48  6035    87    49 1.4146e+00  1.0e+00 CM 0.0e+00 1.0e+00
       (_scon[2021]) 49   357    88    50 4.7824e+00  1.0e+00 SO 0.0e+00
       4.3e-01 (_scon[1547]) 50   460    89    51 4.7824e+00  1.0e+00 CO
       0.0e+00 4.3e-01 (_scon[1547]) 51   370    90    52 4.7824e+00  1.0e+00
       CO 0.0e+00 4.3e-01 (_scon[1547]) 52   412    91    53 4.7824e+00
       1.0e+00 CO 0.0e+00 4.3e-01 (_scon[1547]) 53   173    92    54
       4.7824e+00  1.0e+00 CO 0.0e+00 4.3e-01 (_scon[1547])

    Minor Iteration Log minor      t          z     w     v   art ckpts  enter
    leave
      500 -2.5745e-07  4548   999   416    58     8 w[ 2962] z[  480]
     1000 -2.2072e-07  4497  1031   438    55    15 w[   33] w[  712] 1500
     -2.6877e-07  4515  1019   440    47    22 v[   29] v[  495] 2000
     -2.0584e-07  4509  1036   434    42    30 z[  422] w[    5] 2500
     -3.8092e-07  4501  1052   433    35    38 w[   39] v[  480]

    Major Iteration Log major minor  func  grad  residual    step  type prox
    inorm  (label)
       54  2539    93    55 4.7824e+00  1.0e+00 CD 0.0e+00 4.3e-01
       (_scon[1547])

    Minor Iteration Log minor      t          z     w     v   art ckpts  enter
    leave
      500  3.1667e-08  3509  1512  1000     0     9 z[  729] w[ 4460]
     1000  1.0149e-07  3887  1134  1000     0    19 z[  114] w[ 2230] 1500
     1.9480e-07  3994  1027  1000     0    29 w[ 2750] z[  374] 2000
     2.5621e-07  4018  1003  1000     0    39 w[ 4462] z[  730] 2500
     3.3280e-07  4016  1005  1000     0    49 w[ 2818] z[  408] 3000
     4.0110e-07  3981  1040  1000     0    58 z[  554] w[ 4110] 3500
     4.9796e-07  4008  1013  1000     0    68 w[ 4950] z[  974] 4000
     5.5721e-07  4003  1018  1000     0    78 z[ 1009] w[ 5020] 4500
     6.2440e-07  4014  1007  1000     0    88 w[ 2544] z[  271] 5000
     7.2139e-07  4024   997  1000     0    98 w[ 4734] z[  866] 5500
     3.3585e-06  4011  1010  1000     0   107 z[  705] w[ 4412] 6000
     1.1220e-05  4003  1018  1000     0   117 w[  122] w[  651] 6500
     5.3663e-05  4017  1004  1000     0   127 w[  101] w[  499] 7000
     4.0294e-04  4045   976  1000     0   137 w[  822] w[  550]

    Major Iteration Log major minor  func  grad  residual    step  type prox
    inorm  (label)
       55  7138    94    56 8.0637e-01  1.0e+00 SM 0.0e+00 8.1e-02
       (_scon[1726]) 56   102    95    57 8.0031e-01  1.0e+00 CO 0.0e+00
       8.0e-02 (_scon[1726]) 57    86    96    58 8.0031e-01  1.0e+00 CO
       0.0e+00 8.0e-02 (_scon[1726]) 58    95    97    59 8.0031e-01  1.0e+00
       CO 0.0e+00 8.0e-02 (_scon[1726]) 59    86    98    60 8.0031e-01
       1.0e+00 CO 0.0e+00 8.0e-02 (_scon[1726]) 60    95    99    61
       8.0031e-01  1.0e+00 CO 0.0e+00 8.0e-02 (_scon[1726])

    Minor Iteration Log minor      t          z     w     v   art ckpts  enter
    leave
      500  4.8482e-08  3509  1512  1000     0     9 z[  508] w[ 3018]
     1000  1.7670e-07  3911  1110  1000     0    19 z[  329] w[ 2660] 1500
     2.7872e-07  3989  1032  1000     0    29 z[  319] w[ 2640] 2000
     3.6136e-07  4022   999  1000     0    39 w[ 2532] z[  265] 2500
     4.8184e-07  4015  1006  1000     0    49 z[  636] w[ 4274] 3000
     5.5205e-07  3965  1056  1000     0    58 z[  392] w[ 2786] 3500
     6.9142e-07  4007  1014  1000     0    68 z[  493] w[ 2988] 4000
     7.8032e-07  4005  1016  1000     0    78 z[  561] w[ 4124] 4500
     8.5992e-07  4034   987  1000     0    88 w[ 4550] z[  774] 5000
     1.9278e-06  4044   977  1000     0    98 w[ 4864] z[  931] 5500
     5.4097e-06  3999  1022  1000     0   107 z[  952] w[ 4906] 6000
     4.4426e-05  4022   999  1000     0   117 w[  379] z[ 2738] 6500
     1.7703e-04  4006  1015  1000     0   127 w[ 4590] z[  662]

    Major Iteration Log major minor  func  grad  residual    step  type prox
    inorm  (label)
       61  6798   107    62 4.6728e-01  6.9e-02 CG 0.0e+00 4.3e-02
       (_scon[1975]) 62    76   108    63 4.6728e-01  1.0e+00 RO 0.0e+00
       4.3e-02 (_scon[1975]) 63    76   109    64 4.6728e-01  1.0e+00 RO
       0.0e+00 4.3e-02 (_scon[1975]) 64    76   110    65 4.6728e-01  1.0e+00
       RO 0.0e+00 4.3e-02 (_scon[1975]) 65    76   111    66 4.6728e-01
       1.0e+00 RO 0.0e+00 4.3e-02 (_scon[1975])

    Minor Iteration Log minor      t          z     w     v   art ckpts  enter
    leave
      500  5.2844e-08  3509  1512  1000     0     9 z[  593] w[ 4188]
     1000  1.7824e-07  3907  1114  1000     0    19 z[  913] w[ 4828] 1500
     3.0402e-07  4006  1015  1000     0    29 w[ 4462] z[  730] 2000
     4.0454e-07  4017  1004  1000     0    39 z[  462] w[ 2926] 2500
     5.1774e-07  4024   997  1000     0    49 w[ 4220] z[  609] 3000
     6.0037e-07  3981  1040  1000     0    58 z[  242] w[ 2486] 3500
     7.2937e-07  4007  1014  1000     0    68 z[  796] w[ 4594] 4000
     8.3132e-07  4014  1007  1000     0    78 w[ 2136] z[   67] 4500
     9.5129e-07  4034   987  1000     0    88 w[ 2506] z[  252] 5000
     1.7628e-06  4021  1000  1000     0    98 z[  141] w[ 2284] 5500
     1.3018e-05  4022   999  1000     0   107 w[ 4106] z[  552] 6000
     1.1857e-04  4024   997  1000     0   117 z[ 4370] z[ 4532] 6500
     1.0089e-03  4026   995  1000     0   127 z[ 4646] z[ 4726]

    Major Iteration Log major minor  func  grad  residual    step  type prox
    inorm  (label)
       66  6648   112    67 1.4145e+00  1.0e+00 CM 0.0e+00 1.0e+00
       (_scon[2021])

    Restart Log proximal_perturbation 0 crash_method none crash_perturb yes
    nms_initial_reference_factor 2 lemke_start_type slack
    proximal_perturbation 2.4121e-02

    Major Iteration Log major minor  func  grad  residual    step  type prox
    inorm  (label)
       66     0   122    68 2.4121e+00           R 2.4e-02 5.1e-01
       (_scon[1017]) 67    36   123    69 2.4121e+00  1.0e+00 CO 9.6e-03
       5.1e-01 (_scon[1017]) 68   481   124    70 2.4121e+00  1.0e+00 CO
       3.9e-03 5.1e-01 (_scon[1017]) 69   169   125    71 2.4121e+00  1.0e+00
       CO 1.5e-03 5.1e-01 (_scon[1017]) 70    29   126    72 2.4121e+00
       1.0e+00 CO 6.2e-04 5.1e-01 (_scon[1017]) 71    35   127    73
       2.4121e+00  1.0e+00 CO 2.5e-04 5.1e-01 (_scon[1017]) 72    11   134
       74 2.3389e+00  1.7e-01 NG 2.4e-01 1.0e+00 (_scon[2021]) 73   104   135
       75 2.3389e+00  1.0e+00 CO 9.6e-02 1.0e+00 (_scon[2021]) 74    51   136
       76 2.3389e+00  1.0e+00 CO 3.9e-02 1.0e+00 (_scon[2021]) 75    33   137
       77 2.3389e+00  1.0e+00 CO 1.5e-02 1.0e+00 (_scon[2021]) 76    44   138
       78 2.3389e+00  1.0e+00 CO 6.2e-03 1.0e+00 (_scon[2021]) 77    12   160
       79 9.6275e-01  6.9e-02 RG 2.3e-01 1.8e-01 (_scon[2021]) 78    47   169
       80 6.5497e-01  2.8e-02 CG 9.4e-02 3.6e-01 (_scon[2021]) 79    22   170
       81 6.5497e-01  1.0e+00 CO 3.7e-02 3.6e-01 (_scon[2021]) 80    19   171
       82 6.5497e-01  1.0e+00 CO 1.5e-02 3.6e-01 (_scon[2021]) 81    19   172
       83 6.5497e-01  1.0e+00 CO 6.0e-03 3.6e-01 (_scon[2021]) 82   432   173
       84 1.4146e+00  1.0e+00 CL 6.5e-02 1.0e+00 (_scon[2022]) 83   245   174
       85 1.3911e+00  1.0e+00 CD 2.6e-02 9.8e-01 (_scon[2021])

    Minor Iteration Log minor      t          z     w     v   art ckpts  enter
    leave
      500  1.8076e-04  3567  1456   998     0     9 z[ 4730] w[ 4208]

    Major Iteration Log major minor  func  grad  residual    step  type prox
    inorm  (label)
       84   938   177    86 6.5474e-01  8.0e-01 CG 6.0e-03 2.8e-01
       (_scon[2022]) 85    19   178    87 6.5474e-01  1.0e+00 CO 2.4e-03
       2.8e-01 (_scon[2022]) 86    20   179    88 6.5474e-01  1.0e+00 CO
       9.6e-04 2.8e-01 (_scon[2022]) 87   412   180    89 1.4146e+00  1.0e+00
       CL 6.5e-02 1.0e+00 (_scon[2022]) 88   380   181    90 1.3921e+00
       1.0e+00 CD 2.6e-02 9.8e-01 (_scon[2022])

    Minor Iteration Log minor      t          z     w     v   art ckpts  enter
    leave
      500  1.9160e-04  3576  1447   998     0     9 z[  787] w[  933]
     1000  7.7491e-04  3907  1118   996     0    19 z[ 2848] z[  209]

    Major Iteration Log major minor  func  grad  residual    step  type prox
    inorm  (label)
       89  1265   182    91 1.3907e+00  1.0e+00 CD 1.0e-02 9.8e-01
       (_scon[2022]) 90   100   190    92 6.1203e-01  6.9e-02 CG 9.6e-04
       3.8e-01 (_scon[2021]) 91    25   191    93 6.1203e-01  1.0e+00 CO
       3.8e-04 3.8e-01 (_scon[2021]) 92   399   192    94 1.4146e+00  1.0e+00
       CL 6.1e-02 1.0e+00 (_scon[2022]) 93   296   193    95 1.3901e+00
       1.0e+00 CD 2.4e-02 9.8e-01 (_scon[2022])

    Minor Iteration Log minor      t          z     w     v   art ckpts  enter
    leave
      500  1.7956e-04  3571  1452   998     0     9 z[  949] w[  134]
     1000  3.4921e-04  3772  1254   995     0    19 w[  166] z[  345] 1500
     3.5606e-04  3801  1226   994     0    29 z[  267] w[  992]

    Major Iteration Log major minor  func  grad  residual    step  type prox
    inorm  (label)
       94  1527   194    96 1.3895e+00  1.0e+00 CD 9.8e-03 9.8e-01
       (_scon[2022]) 95   219   195    97 1.3893e+00  1.0e+00 CD 3.9e-03
       9.8e-01 (_scon[2022])

    Restart Log proximal_perturbation 0 crash_method none crash_perturb no
    nms_initial_reference_factor 10 nms_memory_size 2 nms_mstep_frequency 1
    lemke_search_type slack

    Major Iteration Log major minor  func  grad  residual    step  type prox
    inorm  (label)
       95     0   204    98 2.4121e+00           R 0.0e+00 5.1e-01
       (_scon[1017])

    Minor Iteration Log minor      t          z     w     v   art ckpts  enter
    leave
      500  9.6269e-08  5548   473     0     0     9 w[ 2120] z[   59]
     1000  4.5231e-07  5196   825     0     0    19 w[ 4580] z[  789] 1500
     1.2950e-06  5076   945     0     0    29 w[ 2596] z[  297]

    Major Iteration Log major minor  func  grad  residual    step  type prox
    inorm  (label)
       96  1971   205    99 2.4121e+00  1.0e+00 CM 0.0e+00 5.1e-01
       (_scon[1017])

    Minor Iteration Log minor      t          z     w     v   art ckpts  enter
    leave
      500 -9.6439e-08  5064   957     0     0     9 w[  376] w[  425]

    Major Iteration Log major minor  func  grad  residual    step  type prox
    inorm  (label)
       97   893   206   100 2.4121e+00  1.0e+00 CM 0.0e+00 5.1e-01
       (_scon[1017]) 98   147   207   101 2.4121e+00  1.0e+00 CM 0.0e+00
       5.1e-01 (_scon[1017])

    Minor Iteration Log minor      t          z     w     v   art ckpts  enter
    leave
      500 -1.3968e-07  5058   963     0     0     9 w[  686] w[   90]

    Major Iteration Log major minor  func  grad  residual    step  type prox
    inorm  (label)
       99   991   208   102 2.4121e+00  1.0e+00 CM 0.0e+00 5.1e-01
       (_scon[1017])

    Minor Iteration Log minor      t          z     w     v   art ckpts  enter
    leave
      500  4.0727e-09  5059   956     0     6     9 z[  676] w[ 4354]
     1000 -1.2338e-07  5059   958     0     4    19 z[  968] w[ 4938] 1500
     4.2494e-09  5061   958     0     2    28 z[  618] w[ 4238] 2000
     3.1663e-07  5039   980     0     2    38 z[  938] w[ 4878]

    Major Iteration Log major minor  func  grad  residual    step  type prox
    inorm  (label)
      100  2391   220   103 2.4121e+00  2.6e-04 CB 0.0e+00 5.1e-01
      (_scon[1017])

    Minor Iteration Log minor      t          z     w     v   art ckpts  enter
    leave
      500  5.6748e-08  3509  1512  1000     0     9 z[  333] w[ 2668]
     1000  1.7913e-07  3891  1130  1000     0    19 z[  449] w[ 2900] 1500
     3.4699e-07  4018  1003  1000     0    29 w[ 2322] z[  160] 2000
     4.9212e-07  4006  1015  1000     0    39 w[ 2710] z[  354] 2500
     5.9347e-07  4016  1005  1000     0    49 w[ 4248] z[  623] 3000
     6.8662e-07  3993  1028  1000     0    58 z[  201] w[ 2404] 3500
     8.1295e-07  4003  1018  1000     0    68 z[   61] w[ 2124] 4000
     9.2441e-07  4022   999  1000     0    78 w[ 4550] z[  774] 4500
     1.0704e-06  3997  1024  1000     0    88 z[  732] w[ 4466] 5000
     1.4097e-06  4011  1010  1000     0    98 z[  722] w[ 4446] 5500
     1.2552e-06  4010  1011  1000     0   107 w[ 2410] z[  204] 6000
     3.9832e-06  4001  1020  1000     0   117 z[  428] w[ 2858] 6500
     3.0102e-05  4022   999  1000     0   127 w[ 4700] z[  849] 7000
     2.7571e-04  4042   979  1000     0   137 w[  253] z[ 2436]

    Major Iteration Log major minor  func  grad  residual    step  type prox
    inorm  (label)
      101  7323   227   104 2.3389e+00  1.7e-01 CG 0.0e+00 1.0e+00
      (_scon[2021])

    Minor Iteration Log minor      t          z     w     v   art ckpts  enter
    leave
      500  1.1407e-07  3830  1113   862   216     9 z[  199] a[ 1338]

    Major Iteration Log major minor  func  grad  residual    step  type prox
    inorm  (label)
      102   916   228   105 2.3411e+00  1.0e+00 RM 0.0e+00 1.0e+00
      (_scon[2021]) 103   367   231   106 2.0125e+00  6.4e-01 SB 0.0e+00
      3.6e-01 (_scon[2021]) 104    33   232   107 2.0125e+00  1.0e+00 CM
      0.0e+00 3.6e-01 (_scon[2021]) 105   127   233   108 2.0124e+00  1.0e+00
      CM 0.0e+00 3.6e-01 (_scon[2021]) 106   203   234   109 2.0124e+00
      1.0e+00 CM 0.0e+00 3.6e-01 (_scon[2021]) 107   101   235   110
      2.0122e+00  1.0e+00 CM 0.0e+00 3.6e-01 (_scon[2021])

    Minor Iteration Log minor      t          z     w     v   art ckpts  enter
    leave
      500  6.8639e-03  4393  1202   418     8     9 w[ 2368] z[  351]

    Major Iteration Log major minor  func  grad  residual    step  type prox
    inorm  (label)
      108   506   236   111 1.9908e+00  1.0e+00 CM 0.0e+00 3.6e-01
      (_scon[2021])

    Minor Iteration Log minor      t          z     w     v   art ckpts  enter
    leave
      500  5.3181e-08  3509  1512  1000     0     9 z[  532] w[ 4066]
     1000  1.5580e-07  3867  1154  1000     0    19 z[  641] w[ 4284] 1500
     3.1037e-07  3982  1039  1000     0    29 w[ 4232] z[  615] 2000
     4.2497e-07  4028   993  1000     0    39 w[ 4734] z[  866] 2500
     5.2919e-07  4014  1007  1000     0    49 w[ 4208] z[  603] 3000
     6.2035e-07  3986  1035  1000     0    58 w[ 4672] z[  835] 3500
     7.3059e-07  4008  1013  1000     0    68 w[ 2810] z[  404] 4000
     8.4345e-07  4005  1016  1000     0    78 z[  377] w[ 2756] 4500
     1.2797e-06  4039   982  1000     0    88 z[   57] w[ 2116] 5000
     1.7960e-06  4009  1012  1000     0    98 z[  251] w[ 2504] 5500
     2.5855e-06  3986  1035  1000     0   107 w[ 2396] z[  197] 6000
     6.3347e-06  4002  1019  1000     0   117 z[    3] z[ 2270]

    Major Iteration Log major minor  func  grad  residual    step  type prox
    inorm  (label)
      109  6419   243   112 1.3949e+00  1.7e-01 CG 0.0e+00 5.0e-01
      (_scon[2022]) 110    63   244   113 1.3947e+00  1.0e+00 RM 0.0e+00
      5.0e-01 (_scon[2022]) 111    37   245   114 1.3947e+00  1.0e+00 RM
      0.0e+00 5.0e-01 (_scon[2022]) 112    45   246   115 1.3947e+00  1.0e+00
      RM 0.0e+00 5.0e-01 (_scon[2022]) 113    56   247   116 1.3946e+00
      1.0e+00 RM 0.0e+00 5.0e-01 (_scon[2022])

    Minor Iteration Log minor      t          z     w     v   art ckpts  enter
    leave
      500  7.7213e-08  3509  1512  1000     0     9 z[  320] w[ 2642]
     1000  2.1024e-07  3863  1158  1000     0    19 z[  486] w[ 2974] 1500
     4.6829e-07  3998  1023  1000     0    29 w[ 2424] z[  211] 2000
     6.4164e-07  3995  1026  1000     0    39 z[  146] w[ 2294] 2500
     8.0637e-07  4018  1003  1000     0    49 w[ 2352] z[  175] 3000
     9.7764e-07  3998  1023  1000     0    58 w[ 4700] z[  849] 3500
     1.1125e-06  4020  1001  1000     0    68 w[ 4140] z[  569] 4000
     1.2794e-06  4017  1004  1000     0    78 z[  488] w[ 2978] 4500
     3.0455e-06  4012  1009  1000     0    88 w[ 4334] z[  666] 5000
     9.4752e-06  4031   990  1000     0    98 z[  533] w[ 4068] 5500
     1.7160e-05  4035   986  1000     0   107 z[  953] w[ 4908]

    Major Iteration Log major minor  func  grad  residual    step  type prox
    inorm  (label)
      114  5844   251   117 1.3276e+00  5.1e-01 SB 0.0e+00 2.4e-01
      (_scon[2022]) 115    21   252   118 1.3276e+00  1.0e+00 RM 0.0e+00
      2.4e-01 (_scon[2022]) 116    63   265   119 1.3276e+00  4.4e-05 RB
      0.0e+00 2.4e-01 (_scon[2022]) 117    29   276   120 1.3276e+00  1.5e-03
      RB 0.0e+00 2.4e-01 (_scon[2022]) 118    37   298   121 1.1925e+00
      6.9e-02 RG 0.0e+00 3.7e-01 (_scon[2022]) 119    25   299   122
      1.1925e+00  1.0e+00 RM 0.0e+00 3.7e-01 (_scon[2022])

    Minor Iteration Log minor      t          z     w     v   art ckpts  enter
    leave
      500  7.6825e-08  3509  1512  1000     0     9 z[  770] w[ 4542]
     1000  2.1302e-07  3863  1158  1000     0    19 z[  611] w[ 4224] 1500
     4.4644e-07  3998  1023  1000     0    29 w[ 2166] z[   82] 2000
     6.4259e-07  4012  1009  1000     0    39 w[ 2836] z[  417] 2500
     7.9969e-07  4045   976  1000     0    49 z[  244] w[ 2490] 3000
     9.4315e-07  4013  1008  1000     0    58 z[  960] w[ 4922] 3500
     1.0616e-06  4036   985  1000     0    68 w[ 5012] z[ 1005] 4000
     1.2135e-06  4017  1004  1000     0    78 z[   84] w[ 2170] 4500
     2.2299e-06  4025   996  1000     0    88 z[  922] w[ 4846] 5000
     3.4659e-06  4021  1000  1000     0    98 z[  488] w[ 2978] 5500
     1.1059e-05  4028   993  1000     0   107 w[ 2374] z[  186]

    Major Iteration Log major minor  func  grad  residual    step  type prox
    inorm  (label)
      120  5792   307   123 9.9934e-01  6.9e-02 CG 0.0e+00 1.2e-01
      (_scon[2022]) 121    16   308   124 9.9934e-01  1.0e+00 RM 0.0e+00
      1.2e-01 (_scon[2022]) 122    35   309   125 9.9934e-01  1.0e+00 RM
      0.0e+00 1.2e-01 (_scon[2022]) 123     3   310   126 9.9934e-01  1.0e+00
      RM 0.0e+00 1.2e-01 (_scon[2022]) 124    13   320   127 9.9934e-01
      9.2e-03 RB 0.0e+00 1.2e-01 (_scon[2022])

    Minor Iteration Log minor      t          z     w     v   art ckpts  enter
    leave
      500  5.8312e-08  3509  1512  1000     0     9 z[  304] w[ 2610]
     1000  1.7452e-07  3879  1142  1000     0    19 z[  588] w[ 4178] 1500
     3.3901e-07  4017  1004  1000     0    29 z[  237] w[ 2476] 2000
     4.6120e-07  4029   992  1000     0    39 z[  165] w[ 2332] 2500
     5.8516e-07  3992  1029  1000     0    49 w[ 2064] z[   31] 3000
     6.9061e-07  3989  1032  1000     0    58 z[  866] w[ 4734] 3500
     8.0585e-07  4015  1006  1000     0    68 z[   64] w[ 2130] 4000
     9.1519e-07  4017  1004  1000     0    78 z[  797] w[ 4596] 4500
     1.0900e-06  4045   976  1000     0    88 z[  164] w[ 2330] 5000
     3.5297e-06  4005  1016  1000     0    98 z[  805] w[ 4612] 5500
     6.9639e-06  4025   996  1000     0   107 z[   71] w[ 2144] 6000
     4.7933e-05  4011  1010  1000     0   117 w[   24] w[  850]

    Major Iteration Log major minor  func  grad  residual    step  type prox
    inorm  (label)
      125  6421   324   128 8.8638e-01  5.1e-01 CB 0.0e+00 5.7e-01
      (_scon[2022]) 126    27   332   129 7.6442e-01  6.9e-02 RG 0.0e+00
      3.7e-01 (_scon[2022]) 127    83   333   130 7.6442e-01  1.0e+00 CM
      0.0e+00 3.7e-01 (_scon[2022]) 128    37   334   131 7.6442e-01  1.0e+00
      RM 0.0e+00 3.7e-01 (_scon[2022]) 129    84   335   132 7.6442e-01
      1.0e+00 CM 0.0e+00 3.7e-01 (_scon[2022])

    Minor Iteration Log minor      t          z     w     v   art ckpts  enter
    leave
      500  8.0784e-08  3509  1512  1000     0     9 z[  605] w[ 4212]
     1000  2.2462e-07  3875  1146  1000     0    19 z[  509] w[ 3020] 1500
     4.1499e-07  4002  1019  1000     0    29 w[ 4054] z[  526] 2000
     5.8204e-07  4004  1017  1000     0    39 w[ 2668] z[  333] 2500
     7.1336e-07  3989  1032  1000     0    49 z[   67] w[ 2136] 3000
     8.9945e-07  4019  1002  1000     0    58 z[  187] w[ 2376] 3500
     1.0426e-06  4025   996  1000     0    68 z[  413] w[ 2828] 4000
     1.2084e-06  4041   980  1000     0    78 z[  498] w[ 2998] 4500
     1.4528e-06  4004  1017  1000     0    88 w[ 2788] z[  393] 5000
     5.4950e-06  4007  1014  1000     0    98 z[  790] w[ 4582] 5500
     1.5232e-05  4045   976  1000     0   107 z[  661] w[ 4324] 6000
     4.8396e-05  4036   985  1000     0   117 z[ 2876] z[ 2994] 6500
     1.6409e-04  4044   977  1000     0   127 w[  432] z[ 3022]

    Major Iteration Log major minor  func  grad  residual    step  type prox
    inorm  (label)
      130  6891   343   133 7.6306e-01  5.5e-02 CB 0.0e+00 4.0e-01
      (_scon[2022]) 131    72   344   134 7.6306e-01  1.0e+00 CM 0.0e+00
      4.0e-01 (_scon[2022])

    Restart Log proximal_perturbation 0 crash_method pnewton
    crash_nbchange_limit 10 nms_initial_reference_factor 2 crash_searchtype
    arc nms_searchtype arc gradient_searchtype arc lemke_search_type slack

    Crash Log major  func  diff  size  residual    step       prox   (label)
        0     0             2.4121e+00             0.0e+00 (_scon[1017]) 1
        7   504  3022 2.3123e+00  6.9e-02    0.0e+00 (_scon[1017])
    pn_search terminated: no progress.

    Major Iteration Log major minor  func  grad  residual    step  type prox
    inorm  (label)
      131     0   372   136 2.3123e+00           R 2.3e-02 4.7e-01
      (_scon[1017])

    Minor Iteration Log minor      t          z     w     v   art ckpts  enter
    leave
      500 -2.2314e-06  4036  1984     1     0     9 w[  414] z[  933]

    Major Iteration Log major minor  func  grad  residual    step  type prox
    inorm  (label)
      132   617   373   137 2.3123e+00  1.0e+00 CM 9.2e-03 4.7e-01
      (_scon[1017]) 133   166   374   138 2.3122e+00  1.0e+00 CM 3.7e-03
      4.7e-01 (_scon[1017]) 134    63   375   139 2.3122e+00  1.0e+00 CM
      1.5e-03 4.7e-01 (_scon[1017]) 135   137   376   140 2.3122e+00  1.0e+00
      CM 5.9e-04 4.7e-01 (_scon[1017]) 136   487   377   141 2.3122e+00
      1.0e+00 CM 2.4e-04 4.7e-01 (_scon[1017])

    Minor Iteration Log minor      t          z     w     v   art ckpts  enter
    leave
      500  8.3966e-07  3506  1515  1000     0     9 z[ 4970] w[   66]

    Major Iteration Log major minor  func  grad  residual    step  type prox
    inorm  (label)
      137   557   385   142 2.2558e+00  6.9e-02 CG 2.3e-01 1.0e+00
      (_scon[2021]) 138    38   386   143 2.2558e+00  1.0e+00 CM 9.2e-02
      1.0e+00 (_scon[2021]) 139    56   387   144 2.2558e+00  1.0e+00 CM
      3.7e-02 1.0e+00 (_scon[2021]) 140    38   388   145 2.2558e+00  1.0e+00
      CM 1.5e-02 1.0e+00 (_scon[2021]) 141    59   389   146 2.2558e+00
      1.0e+00 CM 5.9e-03 1.0e+00 (_scon[2021])

    Minor Iteration Log minor      t          z     w     v   art ckpts  enter
    leave
      500  1.4721e-07  3481  1540  1000     0     9 z[  256] w[ 2514] 142
      276   390   147 1.4146e+00  1.0e+00 CM 2.3e-01 1.0e+00 (_scon[2021]) 143
      60   398   148 1.0973e+00  6.9e-02 CG 9.0e-02 6.6e-01 (_scon[2022]) 144
      108   399   149 1.0973e+00  1.0e+00 CM 3.6e-02 6.6e-01 (_scon[2022]) 145
      157   400   150 1.0973e+00  1.0e+00 CM 1.4e-02 6.6e-01 (_scon[2022])

    Minor Iteration Log minor      t          z     w     v   art ckpts  enter
    leave
      500  4.5998e-06  4435   918   668     0     9 w[  599] z[  498]
     1000  4.0248e-06  4428   924   669     0    19 w[ 2518] w[  430]

    Major Iteration Log major minor  func  grad  residual    step  type prox
    inorm  (label)
      146  1151   401   151 1.0972e+00  1.0e+00 CM 5.8e-03 6.6e-01
      (_scon[2022])

    Minor Iteration Log minor      t          z     w     v   art ckpts  enter
    leave
      500  3.3282e-07  3509  1512  1000     0     9 z[ 2166] w[  938]

    Major Iteration Log major minor  func  grad  residual    step  type prox
    inorm  (label)
      147   859   413   152 1.0973e+00  2.6e-04 CB 1.1e-01 6.6e-01
      (_scon[2022]) 148   101   414   153 1.0972e+00  1.0e+00 CM 4.4e-02
      6.6e-01 (_scon[2022])

    Minor Iteration Log minor      t          z     w     v   art ckpts  enter
    leave
      500  5.2821e-06  4158   973   890     0     9 w[  120] w[ 2408]

    Major Iteration Log major minor  func  grad  residual    step  type prox
    inorm  (label)
      149   850   419   154 9.5732e-01  4.1e-01 CG 1.8e-02 4.7e-01
      (_scon[2022]) 150    25   420   155 9.5732e-01  1.0e+00 CM 7.0e-03
      4.7e-01 (_scon[2022]) 151    25   434   156 9.5732e-01  1.2e-06 CB
      2.8e-03 4.7e-01 (_scon[2022])

    Minor Iteration Log minor      t          z     w     v   art ckpts  enter
    leave
      500  1.0569e-07  3507  1514  1000     0     9 z[  744] w[ 4490]

    Minor Iteration Log minor      t          z     w     v   art ckpts  enter
    leave
      500 -2.8291e-08  3486  1536   999     0     9 z[ 4036] w[  516]

    Major Iteration Log major minor  func  grad  residual    step  type prox
    inorm  (label)
      152   564   441   157 9.5250e-01  1.3e-01 CB 9.6e-02 5.4e-01
      (_scon[2022]) 153    28   442   158 9.5250e-01  1.0e+00 CM 3.8e-02
      5.4e-01 (_scon[2022]) 154    39   443   159 9.5250e-01  1.0e+00 CM
      1.5e-02 5.4e-01 (_scon[2022]) 155    44   451   160 8.7967e-01  6.9e-02
      CG 6.1e-03 3.0e-01 (_scon[2022])

    Minor Iteration Log minor      t          z     w     v   art ckpts  enter
    leave
      500  2.5693e-07  4803   499   719     0     9 z[  911] z[  719]
     1000  2.1710e-07  4799   500   722     0    19 v[   40] z[  540]

    Major Iteration Log major minor  func  grad  residual    step  type prox
    inorm  (label)
      156  1270   452   161 8.7967e-01  1.0e+00 CM 2.5e-03 3.0e-01
      (_scon[2022]) ** SOLVER ERROR **
    Lemke: invertible basis could not be computed.
           You may avoid this error by increasing the
           lemke_rank_deficiency_iterations option.
WARNING: Loading a SolverResults object with a warning status into
model.name="unknown";
    - termination condition: maxIterations
    - message from solver: Path 5.0.05\x3a Time limit.; 37 iterations (1 for
      crash); 334509 pivots.; 95 function, 39 gradient evaluations.
WARNING: Loading a SolverResults object with a warning status into
model.name="unknown";
    - termination condition: maxIterations
    - message from solver: Path 5.0.05\x3a Time limit.; 33 iterations (1 for
      crash); 257967 pivots.; 128 function, 35 gradient evaluations.
