START 2026-07-07T06:21:59+00:00 risk=msd K=500 n=10
WARNING: Loading a SolverResults object with a warning status into
model.name="unknown";
    - termination condition: maxIterations
    - message from solver: Path 5.0.05\x3a Time limit.; 6 iterations (0 for
      crash); 2151729 pivots.; 19 function, 7 gradient evaluations.
WARNING: Loading a SolverResults object with a warning status into
model.name="unknown";
    - termination condition: maxIterations
    - message from solver: Path 5.0.05\x3a Time limit.; 63 iterations (1 for
      crash); 628803 pivots.; 176 function, 65 gradient evaluations.
WARNING: Loading a SolverResults object with a warning status into
model.name="unknown";
    - termination condition: maxIterations
    - message from solver: Path 5.0.05\x3a Time limit.; 55 iterations (0 for
      crash); 398266 pivots.; 135 function, 57 gradient evaluations.
WARNING: Loading a SolverResults object with a warning status into
model.name="unknown";
    - termination condition: maxIterations
    - message from solver: Path 5.0.05\x3a Time limit.; 39 iterations (1 for
      crash); 430517 pivots.; 94 function, 40 gradient evaluations.
