START 2026-07-12T04:57:40+0800 cvar_K250_n20_step10_rep0
<repo>/src/cumg/small_support.py:202: RuntimeWarning: divide by zero encountered in matmul
  expected_payoff_by_action = p @ payoff_by_action
<repo>/src/cumg/small_support.py:202: RuntimeWarning: overflow encountered in matmul
  expected_payoff_by_action = p @ payoff_by_action
<repo>/src/cumg/small_support.py:202: RuntimeWarning: invalid value encountered in matmul
  expected_payoff_by_action = p @ payoff_by_action
<repo>/src/cumg/small_support.py:232: RuntimeWarning: divide by zero encountered in matmul
  lambda q: cvar_value_from_state_payoffs(payoff_by_action @ q, p, gamma, alpha),
<repo>/src/cumg/small_support.py:232: RuntimeWarning: overflow encountered in matmul
  lambda q: cvar_value_from_state_payoffs(payoff_by_action @ q, p, gamma, alpha),
<repo>/src/cumg/small_support.py:232: RuntimeWarning: invalid value encountered in matmul
  lambda q: cvar_value_from_state_payoffs(payoff_by_action @ q, p, gamma, alpha),
continuation_kappa=0.1,0.03,0.01,0.003 continuation_tau=0.02,0.01,0.005,0.002 step=10 K=250 n= 20 rep= 0 cvar, full_batch: success=False eta=0.002048 resid=0.7078 time=1154.257s | cvar, minibatch: success=False eta=0.002174 resid=0.7081 time=748.593s

Summary
-------

cvar
-------
full_batch: success_rate=0.000, median_time=1154s, median_eta=0.002048, median_residual=0.7078
 minibatch: success_rate=0.000, median_time=748.6s, median_eta=0.002174, median_residual=0.7081
minibatch/full_batch median time ratio: 0.6485
median eta difference, minibatch - full_batch: 0.0001262
median strategy L1 difference: x=0.08692, y=0.03601

wrote experiments/results/stochastic/continuation_shards/cvar_K250_n20_step10_rep0_summary.csv
wrote experiments/results/stochastic/continuation_shards/cvar_K250_n20_step10_rep0_history.csv
END 2026-07-12T05:29:24+0800 status=0 cvar_K250_n20_step10_rep0
