START 2026-07-12T01:48:15+0800 msd_K100_n20_step10_rep1
<repo>/src/cumg/small_support.py:161: RuntimeWarning: divide by zero encountered in matmul
  expected_payoff_by_action = p @ payoff_by_action
<repo>/src/cumg/small_support.py:161: RuntimeWarning: overflow encountered in matmul
  expected_payoff_by_action = p @ payoff_by_action
<repo>/src/cumg/small_support.py:161: RuntimeWarning: invalid value encountered in matmul
  expected_payoff_by_action = p @ payoff_by_action
<repo>/src/cumg/small_support.py:189: RuntimeWarning: divide by zero encountered in matmul
  lambda q: msd_value_from_state_payoffs(payoff_by_action @ q, p, gamma),
<repo>/src/cumg/small_support.py:189: RuntimeWarning: overflow encountered in matmul
  lambda q: msd_value_from_state_payoffs(payoff_by_action @ q, p, gamma),
<repo>/src/cumg/small_support.py:189: RuntimeWarning: invalid value encountered in matmul
  lambda q: msd_value_from_state_payoffs(payoff_by_action @ q, p, gamma),
continuation_kappa=0.1,0.03,0.01,0.003 continuation_tau=0.02,0.01,0.005,0.002 step=10 K=100 n= 20 rep= 0 msd, full_batch: success=False eta=0.003591 resid=0.02592 time=539.379s | msd, minibatch: success=False eta=0.003597 resid=0.026 time=591.154s

Summary
-------

msd
-------
full_batch: success_rate=0.000, median_time=539.4s, median_eta=0.003591, median_residual=0.02592
 minibatch: success_rate=0.000, median_time=591.2s, median_eta=0.003597, median_residual=0.026
minibatch/full_batch median time ratio: 1.096
median eta difference, minibatch - full_batch: 5.742e-06
median strategy L1 difference: x=0.005163, y=0.005686

wrote experiments/results/stochastic/continuation_shards/msd_K100_n20_step10_rep1_summary.csv
wrote experiments/results/stochastic/continuation_shards/msd_K100_n20_step10_rep1_history.csv
END 2026-07-12T02:07:07+0800 status=0 msd_K100_n20_step10_rep1
