START 2026-07-12T02:06:28+0800 msd_K250_n20_step2_rep2
<repo>/src/cumg/small_support.py:161: RuntimeWarning: divide by zero encountered in matmul
  expected_payoff_by_action = p @ payoff_by_action
<repo>/src/cumg/small_support.py:161: RuntimeWarning: overflow encountered in matmul
  expected_payoff_by_action = p @ payoff_by_action
<repo>/src/cumg/small_support.py:161: RuntimeWarning: invalid value encountered in matmul
  expected_payoff_by_action = p @ payoff_by_action
<repo>/src/cumg/small_support.py:189: RuntimeWarning: divide by zero encountered in matmul
  lambda q: msd_value_from_state_payoffs(payoff_by_action @ q, p, gamma),
<repo>/src/cumg/small_support.py:189: RuntimeWarning: overflow encountered in matmul
  lambda q: msd_value_from_state_payoffs(payoff_by_action @ q, p, gamma),
<repo>/src/cumg/small_support.py:189: RuntimeWarning: invalid value encountered in matmul
  lambda q: msd_value_from_state_payoffs(payoff_by_action @ q, p, gamma),
continuation_kappa=0.1,0.03,0.01,0.003 continuation_tau=0.02,0.01,0.005,0.002 step=2 K=250 n= 20 rep= 0 msd, full_batch: success=False eta=0.002648 resid=0.02223 time=617.083s | msd, minibatch: success=False eta=0.002648 resid=0.02223 time=610.736s

Summary
-------

msd
-------
full_batch: success_rate=0.000, median_time=617.1s, median_eta=0.002648, median_residual=0.02223
 minibatch: success_rate=0.000, median_time=610.7s, median_eta=0.002648, median_residual=0.02223
minibatch/full_batch median time ratio: 0.9897
median eta difference, minibatch - full_batch: 5.767e-07
median strategy L1 difference: x=0.001084, y=0.001606

wrote experiments/results/stochastic/continuation_shards/msd_K250_n20_step2_rep2_summary.csv
wrote experiments/results/stochastic/continuation_shards/msd_K250_n20_step2_rep2_history.csv
END 2026-07-12T02:26:58+0800 status=0 msd_K250_n20_step2_rep2
