START 2026-07-12T02:07:01+0800 msd_K250_n20_step4_rep1
<repo>/src/cumg/small_support.py:161: RuntimeWarning: divide by zero encountered in matmul
  expected_payoff_by_action = p @ payoff_by_action
<repo>/src/cumg/small_support.py:161: RuntimeWarning: overflow encountered in matmul
  expected_payoff_by_action = p @ payoff_by_action
<repo>/src/cumg/small_support.py:161: RuntimeWarning: invalid value encountered in matmul
  expected_payoff_by_action = p @ payoff_by_action
<repo>/src/cumg/small_support.py:189: RuntimeWarning: divide by zero encountered in matmul
  lambda q: msd_value_from_state_payoffs(payoff_by_action @ q, p, gamma),
<repo>/src/cumg/small_support.py:189: RuntimeWarning: overflow encountered in matmul
  lambda q: msd_value_from_state_payoffs(payoff_by_action @ q, p, gamma),
<repo>/src/cumg/small_support.py:189: RuntimeWarning: invalid value encountered in matmul
  lambda q: msd_value_from_state_payoffs(payoff_by_action @ q, p, gamma),
continuation_kappa=0.1,0.03,0.01,0.003 continuation_tau=0.02,0.01,0.005,0.002 step=4 K=250 n= 20 rep= 0 msd, full_batch: success=False eta=0.003757 resid=0.02434 time=618.174s | msd, minibatch: success=False eta=0.003752 resid=0.02432 time=601.411s

Summary
-------

msd
-------
full_batch: success_rate=0.000, median_time=618.2s, median_eta=0.003757, median_residual=0.02434
 minibatch: success_rate=0.000, median_time=601.4s, median_eta=0.003752, median_residual=0.02432
minibatch/full_batch median time ratio: 0.9729
median eta difference, minibatch - full_batch: -5.614e-06
median strategy L1 difference: x=0.001396, y=0.003058

wrote experiments/results/stochastic/continuation_shards/msd_K250_n20_step4_rep1_summary.csv
wrote experiments/results/stochastic/continuation_shards/msd_K250_n20_step4_rep1_history.csv
END 2026-07-12T02:27:22+0800 status=0 msd_K250_n20_step4_rep1
