START 2026-08-27T03:44:26+0000 risk=cvar K=500 n=20 rep=4 method=restricted_mcp seed=6002127
WARNING: Loading a SolverResults object with a warning status into
model.name="unknown";
    - termination condition: maxIterations
    - message from solver: Path 5.0.05\x3a Time limit.; 153 iterations (27 for
      crash); 238378 pivots.; 393 function, 154 gradient evaluations.
WARNING: Loading a SolverResults object with a warning status into
model.name="unknown";
    - termination condition: maxIterations
    - message from solver: Path 5.0.05\x3a Time limit.; 52 iterations (21 for
      crash); 171741 pivots.; 379 function, 53 gradient evaluations.
WARNING: Loading a SolverResults object with a warning status into
model.name="unknown";
    - termination condition: maxIterations
    - message from solver: Path 5.0.05\x3a Time limit.; 130 iterations (28 for
      crash); 214543 pivots.; 664 function, 134 gradient evaluations.

Summary
-------
CVAR
          restricted_mcp: success_rate=0.000, median_time=6249s, median_eta=nan

wrote experiments/results/remote/cvar_scalability/capped_24h_v1/method_shards/restricted_mcp/cvar_K500_n20_rep004__restricted_mcp.partial.csv
END 2026-08-27T05:28:39+0000 status=0 outcome=completed risk=cvar K=500 n=20 rep=4 method=restricted_mcp
