START 2026-08-31T03:26:27+0000 risk=cvar K=500 n=20 rep=19 method=restricted_mcp seed=6002142
WARNING: Loading a SolverResults object with a warning status into
model.name="unknown";
    - termination condition: maxIterations
    - message from solver: Path 5.0.05\x3a Time limit.; 296 iterations (18 for
      crash); 316881 pivots.; 1352 function, 298 gradient evaluations.
WARNING: Loading a SolverResults object with a warning status into
model.name="unknown";
    - termination condition: maxIterations
    - message from solver: Path 5.0.05\x3a Time limit.; 214 iterations (15 for
      crash); 250760 pivots.; 795 function, 216 gradient evaluations.
WARNING: Loading a SolverResults object with a warning status into
model.name="unknown";
    - termination condition: maxIterations
    - message from solver: Path 5.0.05\x3a Time limit.; 35 iterations (15 for
      crash); 311412 pivots.; 109 function, 36 gradient evaluations.

Summary
-------
CVAR
          restricted_mcp: success_rate=0.000, median_time=5713s, median_eta=nan

wrote experiments/results/remote/cvar_scalability/capped_24h_v1/method_shards/restricted_mcp/cvar_K500_n20_rep019__restricted_mcp.partial.csv
END 2026-08-31T05:01:43+0000 status=0 outcome=completed risk=cvar K=500 n=20 rep=19 method=restricted_mcp
