START 2026-07-12T16:59:41+0800 cvar_K250_n20_step25_rep1
/Users/gangwb/Work/Job_stuff/GameTheory/lcpSolver/src/cumg/small_support.py:202: RuntimeWarning: divide by zero encountered in matmul
  expected_payoff_by_action = p @ payoff_by_action
/Users/gangwb/Work/Job_stuff/GameTheory/lcpSolver/src/cumg/small_support.py:202: RuntimeWarning: overflow encountered in matmul
  expected_payoff_by_action = p @ payoff_by_action
/Users/gangwb/Work/Job_stuff/GameTheory/lcpSolver/src/cumg/small_support.py:202: RuntimeWarning: invalid value encountered in matmul
  expected_payoff_by_action = p @ payoff_by_action
/Users/gangwb/Work/Job_stuff/GameTheory/lcpSolver/src/cumg/small_support.py:232: RuntimeWarning: divide by zero encountered in matmul
  lambda q: cvar_value_from_state_payoffs(payoff_by_action @ q, p, gamma, alpha),
/Users/gangwb/Work/Job_stuff/GameTheory/lcpSolver/src/cumg/small_support.py:232: RuntimeWarning: overflow encountered in matmul
  lambda q: cvar_value_from_state_payoffs(payoff_by_action @ q, p, gamma, alpha),
/Users/gangwb/Work/Job_stuff/GameTheory/lcpSolver/src/cumg/small_support.py:232: RuntimeWarning: invalid value encountered in matmul
  lambda q: cvar_value_from_state_payoffs(payoff_by_action @ q, p, gamma, alpha),
continuation_kappa=0.1,0.03,0.01,0.003,0.001,0.0003,0.0001,1e-06,1e-08 continuation_tau=0.02,0.01,0.005,0.002,0.001,0.0005,0.0002,2e-06,2e-08 continuation_step=25,20,15,10,5,4,2,1,0.5 step=0.2 K=250 n= 20 rep= 0 cvar, full_batch: success=False eta=0.001624 resid=0.7075 time=352.372s | cvar, minibatch: success=False eta=0.001978 resid=0.7072 time=710.280s

Summary
-------

cvar
-------
full_batch: success_rate=0.000, median_time=352.4s, median_eta=0.001624, median_residual=0.7075
 minibatch: success_rate=0.000, median_time=710.3s, median_eta=0.001978, median_residual=0.7072
minibatch/full_batch median time ratio: 2.016
median eta difference, minibatch - full_batch: 0.0003546
median strategy L1 difference: x=0.08243, y=0.01579

wrote experiments/results/stochastic/continuation_shards/v3/cvar_K250_n20_step25_rep1_summary.csv
wrote experiments/results/stochastic/continuation_shards/v3/cvar_K250_n20_step25_rep1_history.csv
END 2026-07-12T17:17:26+0800 status=0 cvar_K250_n20_step25_rep1
