START 2026-07-12T16:49:16+0800 cvar_K250_n20_step20_rep2
/Users/gangwb/Work/Job_stuff/GameTheory/lcpSolver/src/cumg/small_support.py:202: RuntimeWarning: divide by zero encountered in matmul
  expected_payoff_by_action = p @ payoff_by_action
/Users/gangwb/Work/Job_stuff/GameTheory/lcpSolver/src/cumg/small_support.py:202: RuntimeWarning: overflow encountered in matmul
  expected_payoff_by_action = p @ payoff_by_action
/Users/gangwb/Work/Job_stuff/GameTheory/lcpSolver/src/cumg/small_support.py:202: RuntimeWarning: invalid value encountered in matmul
  expected_payoff_by_action = p @ payoff_by_action
/Users/gangwb/Work/Job_stuff/GameTheory/lcpSolver/src/cumg/small_support.py:232: RuntimeWarning: divide by zero encountered in matmul
  lambda q: cvar_value_from_state_payoffs(payoff_by_action @ q, p, gamma, alpha),
/Users/gangwb/Work/Job_stuff/GameTheory/lcpSolver/src/cumg/small_support.py:232: RuntimeWarning: overflow encountered in matmul
  lambda q: cvar_value_from_state_payoffs(payoff_by_action @ q, p, gamma, alpha),
/Users/gangwb/Work/Job_stuff/GameTheory/lcpSolver/src/cumg/small_support.py:232: RuntimeWarning: invalid value encountered in matmul
  lambda q: cvar_value_from_state_payoffs(payoff_by_action @ q, p, gamma, alpha),
continuation_kappa=0.1,0.03,0.01,0.003,0.001,0.0003,0.0001,1e-06,1e-08 continuation_tau=0.02,0.01,0.005,0.002,0.001,0.0005,0.0002,2e-06,2e-08 continuation_step=20,19,18,17,16,15,14,13,12 step=0.2 K=250 n= 20 rep= 0 cvar, full_batch: success=False eta=0.001796 resid=0.7072 time=1173.279s | cvar, minibatch: success=False eta=0.001796 resid=0.7072 time=792.393s

Summary
-------

cvar
-------
full_batch: success_rate=0.000, median_time=1173s, median_eta=0.001796, median_residual=0.7072
 minibatch: success_rate=0.000, median_time=792.4s, median_eta=0.001796, median_residual=0.7072
minibatch/full_batch median time ratio: 0.6754
median eta difference, minibatch - full_batch: 3.08e-09
median strategy L1 difference: x=7.581e-07, y=9.074e-07

wrote experiments/results/stochastic/continuation_shards/v3/cvar_K250_n20_step20_rep2_summary.csv
wrote experiments/results/stochastic/continuation_shards/v3/cvar_K250_n20_step20_rep2_history.csv
END 2026-07-12T17:22:03+0800 status=0 cvar_K250_n20_step20_rep2
