START 2026-07-12T16:47:04+0800 cvar_K250_n20_step20_rep1
/Users/gangwb/Work/Job_stuff/GameTheory/lcpSolver/src/cumg/small_support.py:202: RuntimeWarning: divide by zero encountered in matmul
  expected_payoff_by_action = p @ payoff_by_action
/Users/gangwb/Work/Job_stuff/GameTheory/lcpSolver/src/cumg/small_support.py:202: RuntimeWarning: overflow encountered in matmul
  expected_payoff_by_action = p @ payoff_by_action
/Users/gangwb/Work/Job_stuff/GameTheory/lcpSolver/src/cumg/small_support.py:202: RuntimeWarning: invalid value encountered in matmul
  expected_payoff_by_action = p @ payoff_by_action
/Users/gangwb/Work/Job_stuff/GameTheory/lcpSolver/src/cumg/small_support.py:232: RuntimeWarning: divide by zero encountered in matmul
  lambda q: cvar_value_from_state_payoffs(payoff_by_action @ q, p, gamma, alpha),
/Users/gangwb/Work/Job_stuff/GameTheory/lcpSolver/src/cumg/small_support.py:232: RuntimeWarning: overflow encountered in matmul
  lambda q: cvar_value_from_state_payoffs(payoff_by_action @ q, p, gamma, alpha),
/Users/gangwb/Work/Job_stuff/GameTheory/lcpSolver/src/cumg/small_support.py:232: RuntimeWarning: invalid value encountered in matmul
  lambda q: cvar_value_from_state_payoffs(payoff_by_action @ q, p, gamma, alpha),
continuation_kappa=0.1,0.03,0.01,0.003,0.001,0.0003,0.0001,1e-06,1e-08 continuation_tau=0.02,0.01,0.005,0.002,0.001,0.0005,0.0002,2e-06,2e-08 continuation_step=20,19,18,17,16,15,14,13,12 step=0.2 K=250 n= 20 rep= 0 cvar, full_batch: success=False eta=0.001625 resid=0.7072 time=327.217s | cvar, minibatch: success=False eta=0.001876 resid=0.7072 time=1277.604s

Summary
-------

cvar
-------
full_batch: success_rate=0.000, median_time=327.2s, median_eta=0.001625, median_residual=0.7072
 minibatch: success_rate=0.000, median_time=1278s, median_eta=0.001876, median_residual=0.7072
minibatch/full_batch median time ratio: 3.904
median eta difference, minibatch - full_batch: 0.0002512
median strategy L1 difference: x=0.07689, y=0.01586

wrote experiments/results/stochastic/continuation_shards/v3/cvar_K250_n20_step20_rep1_summary.csv
wrote experiments/results/stochastic/continuation_shards/v3/cvar_K250_n20_step20_rep1_history.csv
END 2026-07-12T17:13:51+0800 status=0 cvar_K250_n20_step20_rep1
