START 2026-07-12T16:40:54+0800 cvar_K250_n20_step15_rep0
<repo>/src/cumg/small_support.py:202: RuntimeWarning: divide by zero encountered in matmul
  expected_payoff_by_action = p @ payoff_by_action
<repo>/src/cumg/small_support.py:202: RuntimeWarning: overflow encountered in matmul
  expected_payoff_by_action = p @ payoff_by_action
<repo>/src/cumg/small_support.py:202: RuntimeWarning: invalid value encountered in matmul
  expected_payoff_by_action = p @ payoff_by_action
<repo>/src/cumg/small_support.py:232: RuntimeWarning: divide by zero encountered in matmul
  lambda q: cvar_value_from_state_payoffs(payoff_by_action @ q, p, gamma, alpha),
<repo>/src/cumg/small_support.py:232: RuntimeWarning: overflow encountered in matmul
  lambda q: cvar_value_from_state_payoffs(payoff_by_action @ q, p, gamma, alpha),
<repo>/src/cumg/small_support.py:232: RuntimeWarning: invalid value encountered in matmul
  lambda q: cvar_value_from_state_payoffs(payoff_by_action @ q, p, gamma, alpha),
continuation_kappa=0.1,0.03,0.01,0.003,0.001,0.0003,0.0001,1e-06,1e-08 continuation_tau=0.02,0.01,0.005,0.002,0.001,0.0005,0.0002,2e-06,2e-08 continuation_step=15,12,9,6,4,2.5,1.5,1,1 step=0.2 K=250 n= 20 rep= 0 cvar, full_batch: success=False eta=0.002125 resid=0.7079 time=872.334s | cvar, minibatch: success=False eta=0.002234 resid=0.7083 time=811.844s

Summary
-------

cvar
-------
full_batch: success_rate=0.000, median_time=872.3s, median_eta=0.002125, median_residual=0.7079
 minibatch: success_rate=0.000, median_time=811.8s, median_eta=0.002234, median_residual=0.7083
minibatch/full_batch median time ratio: 0.9307
median eta difference, minibatch - full_batch: 0.0001089
median strategy L1 difference: x=0.08279, y=0.02926

wrote experiments/results/stochastic/continuation_shards/v3/cvar_K250_n20_step15_rep0_summary.csv
wrote experiments/results/stochastic/continuation_shards/v3/cvar_K250_n20_step15_rep0_history.csv
END 2026-07-12T17:09:00+0800 status=0 cvar_K250_n20_step15_rep0
