START 2026-07-12T16:29:28+0800 msd_K250_n20_step25_rep1
/Users/gangwb/Work/Job_stuff/GameTheory/lcpSolver/src/cumg/small_support.py:161: RuntimeWarning: divide by zero encountered in matmul
  expected_payoff_by_action = p @ payoff_by_action
/Users/gangwb/Work/Job_stuff/GameTheory/lcpSolver/src/cumg/small_support.py:161: RuntimeWarning: overflow encountered in matmul
  expected_payoff_by_action = p @ payoff_by_action
/Users/gangwb/Work/Job_stuff/GameTheory/lcpSolver/src/cumg/small_support.py:161: RuntimeWarning: invalid value encountered in matmul
  expected_payoff_by_action = p @ payoff_by_action
/Users/gangwb/Work/Job_stuff/GameTheory/lcpSolver/src/cumg/small_support.py:189: RuntimeWarning: divide by zero encountered in matmul
  lambda q: msd_value_from_state_payoffs(payoff_by_action @ q, p, gamma),
/Users/gangwb/Work/Job_stuff/GameTheory/lcpSolver/src/cumg/small_support.py:189: RuntimeWarning: overflow encountered in matmul
  lambda q: msd_value_from_state_payoffs(payoff_by_action @ q, p, gamma),
/Users/gangwb/Work/Job_stuff/GameTheory/lcpSolver/src/cumg/small_support.py:189: RuntimeWarning: invalid value encountered in matmul
  lambda q: msd_value_from_state_payoffs(payoff_by_action @ q, p, gamma),
continuation_kappa=0.1,0.03,0.01,0.003,0.001,0.0003,0.0001,1e-06,1e-08 continuation_tau=0.02,0.01,0.005,0.002,0.001,0.0005,0.0002,2e-06,2e-08 continuation_step=25,20,15,10,5,4,2,1,0.5 step=0.2 K=250 n= 20 rep= 0 msd, full_batch: success=False eta=0.003225 resid=0.02465 time=420.104s | msd, minibatch: success=False eta=0.003203 resid=0.02447 time=514.096s

Summary
-------

msd
-------
full_batch: success_rate=0.000, median_time=420.1s, median_eta=0.003225, median_residual=0.02465
 minibatch: success_rate=0.000, median_time=514.1s, median_eta=0.003203, median_residual=0.02447
minibatch/full_batch median time ratio: 1.224
median eta difference, minibatch - full_batch: -2.161e-05
median strategy L1 difference: x=0.007626, y=0.0083

wrote experiments/results/stochastic/continuation_shards/v3/msd_K250_n20_step25_rep1_summary.csv
wrote experiments/results/stochastic/continuation_shards/v3/msd_K250_n20_step25_rep1_history.csv
END 2026-07-12T16:45:03+0800 status=0 msd_K250_n20_step25_rep1
