START 2026-07-12T16:29:28+0800 msd_K250_n20_step15_rep0
/Users/gangwb/Work/Job_stuff/GameTheory/lcpSolver/src/cumg/small_support.py:161: RuntimeWarning: divide by zero encountered in matmul
  expected_payoff_by_action = p @ payoff_by_action
/Users/gangwb/Work/Job_stuff/GameTheory/lcpSolver/src/cumg/small_support.py:161: RuntimeWarning: overflow encountered in matmul
  expected_payoff_by_action = p @ payoff_by_action
/Users/gangwb/Work/Job_stuff/GameTheory/lcpSolver/src/cumg/small_support.py:161: RuntimeWarning: invalid value encountered in matmul
  expected_payoff_by_action = p @ payoff_by_action
/Users/gangwb/Work/Job_stuff/GameTheory/lcpSolver/src/cumg/small_support.py:189: RuntimeWarning: divide by zero encountered in matmul
  lambda q: msd_value_from_state_payoffs(payoff_by_action @ q, p, gamma),
/Users/gangwb/Work/Job_stuff/GameTheory/lcpSolver/src/cumg/small_support.py:189: RuntimeWarning: overflow encountered in matmul
  lambda q: msd_value_from_state_payoffs(payoff_by_action @ q, p, gamma),
/Users/gangwb/Work/Job_stuff/GameTheory/lcpSolver/src/cumg/small_support.py:189: RuntimeWarning: invalid value encountered in matmul
  lambda q: msd_value_from_state_payoffs(payoff_by_action @ q, p, gamma),
continuation_kappa=0.1,0.03,0.01,0.003,0.001,0.0003,0.0001,1e-06,1e-08 continuation_tau=0.02,0.01,0.005,0.002,0.001,0.0005,0.0002,2e-06,2e-08 continuation_step=15,12,9,6,4,2.5,1.5,1,1 step=0.2 K=250 n= 20 rep= 0 msd, full_batch: success=False eta=0.002009 resid=0.0218 time=323.780s | msd, minibatch: success=False eta=0.002009 resid=0.02181 time=325.254s

Summary
-------

msd
-------
full_batch: success_rate=0.000, median_time=323.8s, median_eta=0.002009, median_residual=0.0218
 minibatch: success_rate=0.000, median_time=325.3s, median_eta=0.002009, median_residual=0.02181
minibatch/full_batch median time ratio: 1.005
median eta difference, minibatch - full_batch: -2.051e-08
median strategy L1 difference: x=0.004983, y=0.004151

wrote experiments/results/stochastic/continuation_shards/v3/msd_K250_n20_step15_rep0_summary.csv
wrote experiments/results/stochastic/continuation_shards/v3/msd_K250_n20_step15_rep0_history.csv
END 2026-07-12T16:40:18+0800 status=0 msd_K250_n20_step15_rep0
