START 2026-07-12T16:29:28+0800 msd_K250_n20_step25_rep0
/Users/gangwb/Work/Job_stuff/GameTheory/lcpSolver/src/cumg/small_support.py:161: RuntimeWarning: divide by zero encountered in matmul
  expected_payoff_by_action = p @ payoff_by_action
/Users/gangwb/Work/Job_stuff/GameTheory/lcpSolver/src/cumg/small_support.py:161: RuntimeWarning: overflow encountered in matmul
  expected_payoff_by_action = p @ payoff_by_action
/Users/gangwb/Work/Job_stuff/GameTheory/lcpSolver/src/cumg/small_support.py:161: RuntimeWarning: invalid value encountered in matmul
  expected_payoff_by_action = p @ payoff_by_action
/Users/gangwb/Work/Job_stuff/GameTheory/lcpSolver/src/cumg/small_support.py:189: RuntimeWarning: divide by zero encountered in matmul
  lambda q: msd_value_from_state_payoffs(payoff_by_action @ q, p, gamma),
/Users/gangwb/Work/Job_stuff/GameTheory/lcpSolver/src/cumg/small_support.py:189: RuntimeWarning: overflow encountered in matmul
  lambda q: msd_value_from_state_payoffs(payoff_by_action @ q, p, gamma),
/Users/gangwb/Work/Job_stuff/GameTheory/lcpSolver/src/cumg/small_support.py:189: RuntimeWarning: invalid value encountered in matmul
  lambda q: msd_value_from_state_payoffs(payoff_by_action @ q, p, gamma),
continuation_kappa=0.1,0.03,0.01,0.003,0.001,0.0003,0.0001,1e-06,1e-08 continuation_tau=0.02,0.01,0.005,0.002,0.001,0.0005,0.0002,2e-06,2e-08 continuation_step=25,20,15,10,5,4,2,1,0.5 step=0.2 K=250 n= 20 rep= 0 msd, full_batch: success=False eta=0.001899 resid=0.02187 time=391.377s | msd, minibatch: success=False eta=0.001905 resid=0.02187 time=411.127s

Summary
-------

msd
-------
full_batch: success_rate=0.000, median_time=391.4s, median_eta=0.001899, median_residual=0.02187
 minibatch: success_rate=0.000, median_time=411.1s, median_eta=0.001905, median_residual=0.02187
minibatch/full_batch median time ratio: 1.05
median eta difference, minibatch - full_batch: 5.22e-06
median strategy L1 difference: x=0.006762, y=0.006197

wrote experiments/results/stochastic/continuation_shards/v3/msd_K250_n20_step25_rep0_summary.csv
wrote experiments/results/stochastic/continuation_shards/v3/msd_K250_n20_step25_rep0_history.csv
END 2026-07-12T16:42:52+0800 status=0 msd_K250_n20_step25_rep0
