START 2026-07-12T16:29:28+0800 msd_K250_n20_step20_rep1
<repo>/src/cumg/small_support.py:161: RuntimeWarning: divide by zero encountered in matmul
  expected_payoff_by_action = p @ payoff_by_action
<repo>/src/cumg/small_support.py:161: RuntimeWarning: overflow encountered in matmul
  expected_payoff_by_action = p @ payoff_by_action
<repo>/src/cumg/small_support.py:161: RuntimeWarning: invalid value encountered in matmul
  expected_payoff_by_action = p @ payoff_by_action
<repo>/src/cumg/small_support.py:189: RuntimeWarning: divide by zero encountered in matmul
  lambda q: msd_value_from_state_payoffs(payoff_by_action @ q, p, gamma),
<repo>/src/cumg/small_support.py:189: RuntimeWarning: overflow encountered in matmul
  lambda q: msd_value_from_state_payoffs(payoff_by_action @ q, p, gamma),
<repo>/src/cumg/small_support.py:189: RuntimeWarning: invalid value encountered in matmul
  lambda q: msd_value_from_state_payoffs(payoff_by_action @ q, p, gamma),
continuation_kappa=0.1,0.03,0.01,0.003,0.001,0.0003,0.0001,1e-06,1e-08 continuation_tau=0.02,0.01,0.005,0.002,0.001,0.0005,0.0002,2e-06,2e-08 continuation_step=20,19,18,17,16,15,14,13,12 step=0.2 K=250 n= 20 rep= 0 msd, full_batch: success=False eta=0.003058 resid=0.02358 time=479.610s | msd, minibatch: success=False eta=0.003029 resid=0.02364 time=575.260s

Summary
-------

msd
-------
full_batch: success_rate=0.000, median_time=479.6s, median_eta=0.003058, median_residual=0.02358
 minibatch: success_rate=0.000, median_time=575.3s, median_eta=0.003029, median_residual=0.02364
minibatch/full_batch median time ratio: 1.199
median eta difference, minibatch - full_batch: -2.921e-05
median strategy L1 difference: x=0.008963, y=0.01368

wrote experiments/results/stochastic/continuation_shards/v3/msd_K250_n20_step20_rep1_summary.csv
wrote experiments/results/stochastic/continuation_shards/v3/msd_K250_n20_step20_rep1_history.csv
END 2026-07-12T16:47:04+0800 status=0 msd_K250_n20_step20_rep1
