START 2026-07-12T16:29:28+0800 msd_K250_n20_step15_rep2
<repo>/src/cumg/small_support.py:161: RuntimeWarning: divide by zero encountered in matmul
  expected_payoff_by_action = p @ payoff_by_action
<repo>/src/cumg/small_support.py:161: RuntimeWarning: overflow encountered in matmul
  expected_payoff_by_action = p @ payoff_by_action
<repo>/src/cumg/small_support.py:161: RuntimeWarning: invalid value encountered in matmul
  expected_payoff_by_action = p @ payoff_by_action
<repo>/src/cumg/small_support.py:189: RuntimeWarning: divide by zero encountered in matmul
  lambda q: msd_value_from_state_payoffs(payoff_by_action @ q, p, gamma),
<repo>/src/cumg/small_support.py:189: RuntimeWarning: overflow encountered in matmul
  lambda q: msd_value_from_state_payoffs(payoff_by_action @ q, p, gamma),
<repo>/src/cumg/small_support.py:189: RuntimeWarning: invalid value encountered in matmul
  lambda q: msd_value_from_state_payoffs(payoff_by_action @ q, p, gamma),
continuation_kappa=0.1,0.03,0.01,0.003,0.001,0.0003,0.0001,1e-06,1e-08 continuation_tau=0.02,0.01,0.005,0.002,0.001,0.0005,0.0002,2e-06,2e-08 continuation_step=15,12,9,6,4,2.5,1.5,1,1 step=0.2 K=250 n= 20 rep= 0 msd, full_batch: success=False eta=0.002198 resid=0.02028 time=460.145s | msd, minibatch: success=False eta=0.002199 resid=0.0203 time=506.371s

Summary
-------

msd
-------
full_batch: success_rate=0.000, median_time=460.1s, median_eta=0.002198, median_residual=0.02028
 minibatch: success_rate=0.000, median_time=506.4s, median_eta=0.002199, median_residual=0.0203
minibatch/full_batch median time ratio: 1.1
median eta difference, minibatch - full_batch: 1.009e-06
median strategy L1 difference: x=0.003423, y=0.005745

wrote experiments/results/stochastic/continuation_shards/v3/msd_K250_n20_step15_rep2_summary.csv
wrote experiments/results/stochastic/continuation_shards/v3/msd_K250_n20_step15_rep2_history.csv
END 2026-07-12T16:45:36+0800 status=0 msd_K250_n20_step15_rep2
